CRITICAL - 2024-10-21 09:29:49 --> TypeError: CodeIgniter\Database\BaseBuilder::like(): Argument #2 ($match) must be of type string, null given, called in /home/rhtexin/domains/rhtex.in/public_html/dev/app/Models/AttendanceModel.php on line 89
[Method: GET, Route: search_by_date_employee_ajax]
in SYSTEMPATH/Database/BaseBuilder.php on line 995.
 1 APPPATH/Models/AttendanceModel.php(89): CodeIgniter\Database\BaseBuilder->like()
 2 APPPATH/Controllers/AttendanceController.php(116): App\Models\AttendanceModel->searchByDateEmployee()
 3 SYSTEMPATH/CodeIgniter.php(933): App\Controllers\AttendanceController->search_by_date_employee_ajax()
 4 SYSTEMPATH/CodeIgniter.php(509): CodeIgniter\CodeIgniter->runController()
 5 SYSTEMPATH/CodeIgniter.php(355): CodeIgniter\CodeIgniter->handleRequest()
 6 SYSTEMPATH/Boot.php(325): CodeIgniter\CodeIgniter->run()
 7 SYSTEMPATH/Boot.php(67): CodeIgniter\Boot::runCodeIgniter()
 8 FCPATH/index.php(56): CodeIgniter\Boot::bootWeb()
CRITICAL - 2024-10-21 12:01:50 --> TypeError: CodeIgniter\Database\BaseBuilder::like(): Argument #2 ($match) must be of type string, null given, called in /home/rhtexin/domains/rhtex.in/public_html/dev/app/Models/AttendanceModel.php on line 89
[Method: GET, Route: search_by_date_employee_ajax]
in SYSTEMPATH/Database/BaseBuilder.php on line 995.
 1 APPPATH/Models/AttendanceModel.php(89): CodeIgniter\Database\BaseBuilder->like()
 2 APPPATH/Controllers/AttendanceController.php(116): App\Models\AttendanceModel->searchByDateEmployee()
 3 SYSTEMPATH/CodeIgniter.php(933): App\Controllers\AttendanceController->search_by_date_employee_ajax()
 4 SYSTEMPATH/CodeIgniter.php(509): CodeIgniter\CodeIgniter->runController()
 5 SYSTEMPATH/CodeIgniter.php(355): CodeIgniter\CodeIgniter->handleRequest()
 6 SYSTEMPATH/Boot.php(325): CodeIgniter\CodeIgniter->run()
 7 SYSTEMPATH/Boot.php(67): CodeIgniter\Boot::runCodeIgniter()
 8 FCPATH/index.php(56): CodeIgniter\Boot::bootWeb()
CRITICAL - 2024-10-21 15:04:03 --> TypeError: CodeIgniter\Database\BaseBuilder::like(): Argument #2 ($match) must be of type string, null given, called in /home/rhtexin/domains/rhtex.in/public_html/dev/app/Models/AttendanceModel.php on line 89
[Method: GET, Route: search_by_date_employee_ajax]
in SYSTEMPATH/Database/BaseBuilder.php on line 995.
 1 APPPATH/Models/AttendanceModel.php(89): CodeIgniter\Database\BaseBuilder->like()
 2 APPPATH/Controllers/AttendanceController.php(116): App\Models\AttendanceModel->searchByDateEmployee()
 3 SYSTEMPATH/CodeIgniter.php(933): App\Controllers\AttendanceController->search_by_date_employee_ajax()
 4 SYSTEMPATH/CodeIgniter.php(509): CodeIgniter\CodeIgniter->runController()
 5 SYSTEMPATH/CodeIgniter.php(355): CodeIgniter\CodeIgniter->handleRequest()
 6 SYSTEMPATH/Boot.php(325): CodeIgniter\CodeIgniter->run()
 7 SYSTEMPATH/Boot.php(67): CodeIgniter\Boot::runCodeIgniter()
 8 FCPATH/index.php(56): CodeIgniter\Boot::bootWeb()
CRITICAL - 2024-10-21 15:04:07 --> TypeError: CodeIgniter\Database\BaseBuilder::like(): Argument #2 ($match) must be of type string, null given, called in /home/rhtexin/domains/rhtex.in/public_html/dev/app/Models/AttendanceModel.php on line 97
[Method: GET, Route: search_by_month_year_ajax]
in SYSTEMPATH/Database/BaseBuilder.php on line 995.
 1 APPPATH/Models/AttendanceModel.php(97): CodeIgniter\Database\BaseBuilder->like()
 2 APPPATH/Controllers/AttendanceController.php(131): App\Models\AttendanceModel->searchByMonthYear()
 3 SYSTEMPATH/CodeIgniter.php(933): App\Controllers\AttendanceController->search_by_month_year_ajax()
 4 SYSTEMPATH/CodeIgniter.php(509): CodeIgniter\CodeIgniter->runController()
 5 SYSTEMPATH/CodeIgniter.php(355): CodeIgniter\CodeIgniter->handleRequest()
 6 SYSTEMPATH/Boot.php(325): CodeIgniter\CodeIgniter->run()
 7 SYSTEMPATH/Boot.php(67): CodeIgniter\Boot::runCodeIgniter()
 8 FCPATH/index.php(56): CodeIgniter\Boot::bootWeb()
CRITICAL - 2024-10-21 18:31:30 --> TypeError: CodeIgniter\Database\BaseBuilder::like(): Argument #2 ($match) must be of type string, null given, called in /home/rhtexin/domains/rhtex.in/public_html/dev/app/Models/AttendanceModel.php on line 89
[Method: GET, Route: search_by_date_employee_ajax]
in SYSTEMPATH/Database/BaseBuilder.php on line 995.
 1 APPPATH/Models/AttendanceModel.php(89): CodeIgniter\Database\BaseBuilder->like()
 2 APPPATH/Controllers/AttendanceController.php(116): App\Models\AttendanceModel->searchByDateEmployee()
 3 SYSTEMPATH/CodeIgniter.php(933): App\Controllers\AttendanceController->search_by_date_employee_ajax()
 4 SYSTEMPATH/CodeIgniter.php(509): CodeIgniter\CodeIgniter->runController()
 5 SYSTEMPATH/CodeIgniter.php(355): CodeIgniter\CodeIgniter->handleRequest()
 6 SYSTEMPATH/Boot.php(325): CodeIgniter\CodeIgniter->run()
 7 SYSTEMPATH/Boot.php(67): CodeIgniter\Boot::runCodeIgniter()
 8 FCPATH/index.php(56): CodeIgniter\Boot::bootWeb()
