ERROR - 2024-11-14 16:30:24 --> Access denied for role ID: 1
ERROR - 2024-11-14 16:30:24 --> Access:  to module ID:  for action: create
ERROR - 2024-11-14 16:30:24 --> AsizeD: 1
ERROR - 2024-11-14 16:30:24 --> Access Check: 1 to module ID: 15 for action: create
ERROR - 2024-11-14 16:30:24 --> permission: 7
ERROR - 2024-11-14 16:30:24 --> Access Not denied for role ID: 1 to module ID: 15 for action: create
ERROR - 2024-11-14 16:31:00 --> Access denied for role ID: 1
ERROR - 2024-11-14 16:31:00 --> Access:  to module ID:  for action: create
ERROR - 2024-11-14 16:31:00 --> AsizeD: 1
ERROR - 2024-11-14 16:31:00 --> Access Check: 1 to module ID: 15 for action: create
ERROR - 2024-11-14 16:31:00 --> permission: 7
ERROR - 2024-11-14 16:31:00 --> Access Not denied for role ID: 1 to module ID: 15 for action: create
ERROR - 2024-11-14 16:38:11 --> Access denied for role ID: 1
ERROR - 2024-11-14 16:38:11 --> Access:  to module ID:  for action: create
ERROR - 2024-11-14 16:38:11 --> AsizeD: 1
ERROR - 2024-11-14 16:38:11 --> Access Check: 1 to module ID: 15 for action: create
ERROR - 2024-11-14 16:38:11 --> permission: 7
ERROR - 2024-11-14 16:38:11 --> Access Not denied for role ID: 1 to module ID: 15 for action: create
CRITICAL - 2024-11-14 16:38:43 --> ErrorException: Trying to access array offset on value of type null
[Method: POST, Route: salary-history/generate]
in APPPATH\Controllers\EmployeeController.php on line 157.
 1 APPPATH\Controllers\EmployeeController.php(157): CodeIgniter\Debug\Exceptions->errorHandler(2, 'Trying to access array offset on value of type null', 'D:\\xampp\\htdocs\\RHT\\app\\Controllers\\EmployeeController.php', 157)
 2 APPPATH\Controllers\EmployeeController.php(145): App\Controllers\EmployeeController->calculateSalary('2', '2024-10')
 3 SYSTEMPATH\CodeIgniter.php(933): App\Controllers\EmployeeController->generate()
 4 SYSTEMPATH\CodeIgniter.php(509): CodeIgniter\CodeIgniter->runController(Object(App\Controllers\EmployeeController))
 5 SYSTEMPATH\CodeIgniter.php(355): CodeIgniter\CodeIgniter->handleRequest(null, Object(Config\Cache), false)
 6 SYSTEMPATH\Boot.php(325): CodeIgniter\CodeIgniter->run()
 7 SYSTEMPATH\Boot.php(67): CodeIgniter\Boot::runCodeIgniter(Object(CodeIgniter\CodeIgniter))
 8 FCPATH\index.php(56): CodeIgniter\Boot::bootWeb(Object(Config\Paths))
ERROR - 2024-11-14 16:40:43 --> Access denied for role ID: 1
ERROR - 2024-11-14 16:40:50 --> Access denied for role ID: 1
ERROR - 2024-11-14 16:41:26 --> Access denied for role ID: 1
ERROR - 2024-11-14 16:41:28 --> Access denied for role ID: 1
ERROR - 2024-11-14 16:41:32 --> Access denied for role ID: 1
ERROR - 2024-11-14 16:41:32 --> Access:  to module ID:  for action: create
ERROR - 2024-11-14 16:41:32 --> AsizeD: 1
ERROR - 2024-11-14 16:41:32 --> Access Check: 1 to module ID: 15 for action: create
ERROR - 2024-11-14 16:41:32 --> permission: 7
ERROR - 2024-11-14 16:41:32 --> Access Not denied for role ID: 1 to module ID: 15 for action: create
ERROR - 2024-11-14 17:05:46 --> Access denied for role ID: 1
ERROR - 2024-11-14 17:05:46 --> Access:  to module ID:  for action: create
ERROR - 2024-11-14 17:05:46 --> AsizeD: 1
ERROR - 2024-11-14 17:05:46 --> Access Check: 1 to module ID: 15 for action: create
ERROR - 2024-11-14 17:05:46 --> permission: 7
ERROR - 2024-11-14 17:05:46 --> Access Not denied for role ID: 1 to module ID: 15 for action: create
CRITICAL - 2024-11-14 17:06:00 --> ErrorException: Undefined array key "status"
[Method: POST, Route: salary-history/generate]
in APPPATH\Controllers\EmployeeController.php on line 183.
 1 APPPATH\Controllers\EmployeeController.php(183): CodeIgniter\Debug\Exceptions->errorHandler(2, 'Undefined array key "status"', 'D:\\xampp\\htdocs\\RHT\\app\\Controllers\\EmployeeController.php', 183)
 2 APPPATH\Controllers\EmployeeController.php(145): App\Controllers\EmployeeController->calculateSalary('2', '2024-09')
 3 SYSTEMPATH\CodeIgniter.php(933): App\Controllers\EmployeeController->generate()
 4 SYSTEMPATH\CodeIgniter.php(509): CodeIgniter\CodeIgniter->runController(Object(App\Controllers\EmployeeController))
 5 SYSTEMPATH\CodeIgniter.php(355): CodeIgniter\CodeIgniter->handleRequest(null, Object(Config\Cache), false)
 6 SYSTEMPATH\Boot.php(325): CodeIgniter\CodeIgniter->run()
 7 SYSTEMPATH\Boot.php(67): CodeIgniter\Boot::runCodeIgniter(Object(CodeIgniter\CodeIgniter))
 8 FCPATH\index.php(56): CodeIgniter\Boot::bootWeb(Object(Config\Paths))
ERROR - 2024-11-14 17:07:29 --> Access denied for role ID: 1
ERROR - 2024-11-14 17:07:29 --> Access:  to module ID:  for action: create
ERROR - 2024-11-14 17:07:29 --> AsizeD: 1
ERROR - 2024-11-14 17:07:29 --> Access Check: 1 to module ID: 15 for action: create
ERROR - 2024-11-14 17:07:29 --> permission: 7
ERROR - 2024-11-14 17:07:29 --> Access Not denied for role ID: 1 to module ID: 15 for action: create
ERROR - 2024-11-14 17:09:20 --> Access denied for role ID: 1
ERROR - 2024-11-14 17:09:20 --> Access:  to module ID:  for action: create
ERROR - 2024-11-14 17:09:20 --> AsizeD: 1
ERROR - 2024-11-14 17:09:20 --> Access Check: 1 to module ID: 15 for action: create
ERROR - 2024-11-14 17:09:20 --> permission: 7
ERROR - 2024-11-14 17:09:20 --> Access Not denied for role ID: 1 to module ID: 15 for action: create
ERROR - 2024-11-14 17:09:21 --> Access denied for role ID: 1
ERROR - 2024-11-14 17:09:21 --> Access:  to module ID:  for action: create
ERROR - 2024-11-14 17:09:21 --> AsizeD: 1
ERROR - 2024-11-14 17:09:21 --> Access Check: 1 to module ID: 16 for action: create
ERROR - 2024-11-14 17:09:21 --> permission: 7
ERROR - 2024-11-14 17:09:21 --> Access Not denied for role ID: 1 to module ID: 16 for action: create
ERROR - 2024-11-14 17:09:38 --> Access denied for role ID: 1
ERROR - 2024-11-14 17:09:38 --> Access:  to module ID:  for action: read
ERROR - 2024-11-14 17:09:38 --> AsizeD: 1
ERROR - 2024-11-14 17:09:38 --> Access Check: 1 to module ID: 16 for action: read
ERROR - 2024-11-14 17:09:38 --> permission: 7
ERROR - 2024-11-14 17:09:38 --> Access Not denied for role ID: 1 to module ID: 16 for action: read
ERROR - 2024-11-14 17:09:38 --> Access denied for role ID: 1
ERROR - 2024-11-14 17:09:38 --> Access:  to module ID:  for action: update
ERROR - 2024-11-14 17:09:38 --> AsizeD: 1
ERROR - 2024-11-14 17:09:38 --> Access Check: 1 to module ID: 16 for action: update
ERROR - 2024-11-14 17:09:38 --> permission: 7
ERROR - 2024-11-14 17:09:38 --> Access Not denied for role ID: 1 to module ID: 16 for action: update
ERROR - 2024-11-14 17:09:38 --> Access denied for role ID: 1
ERROR - 2024-11-14 17:09:38 --> Access:  to module ID:  for action: update
ERROR - 2024-11-14 17:09:38 --> AsizeD: 1
ERROR - 2024-11-14 17:09:38 --> Access Check: 1 to module ID: 16 for action: update
ERROR - 2024-11-14 17:09:38 --> permission: 7
ERROR - 2024-11-14 17:09:38 --> Access Not denied for role ID: 1 to module ID: 16 for action: update
ERROR - 2024-11-14 17:09:40 --> Access denied for role ID: 1
ERROR - 2024-11-14 17:09:40 --> Access:  to module ID:  for action: read
ERROR - 2024-11-14 17:09:40 --> AsizeD: 1
ERROR - 2024-11-14 17:09:40 --> Access Check: 1 to module ID: 16 for action: read
ERROR - 2024-11-14 17:09:40 --> permission: 7
ERROR - 2024-11-14 17:09:40 --> Access Not denied for role ID: 1 to module ID: 16 for action: read
ERROR - 2024-11-14 17:09:45 --> Access denied for role ID: 1
ERROR - 2024-11-14 17:10:04 --> Access denied for role ID: 1
ERROR - 2024-11-14 17:10:04 --> Access:  to module ID:  for action: read
ERROR - 2024-11-14 17:10:04 --> AsizeD: 1
ERROR - 2024-11-14 17:10:04 --> Access Check: 1 to module ID: 16 for action: read
ERROR - 2024-11-14 17:10:04 --> permission: 7
ERROR - 2024-11-14 17:10:04 --> Access Not denied for role ID: 1 to module ID: 16 for action: read
ERROR - 2024-11-14 17:10:09 --> Access denied for role ID: 1
ERROR - 2024-11-14 17:10:09 --> Access:  to module ID:  for action: create
ERROR - 2024-11-14 17:10:09 --> AsizeD: 1
ERROR - 2024-11-14 17:10:09 --> Access Check: 1 to module ID: 16 for action: create
ERROR - 2024-11-14 17:10:09 --> permission: 7
ERROR - 2024-11-14 17:10:09 --> Access Not denied for role ID: 1 to module ID: 16 for action: create
ERROR - 2024-11-14 17:10:44 --> Access denied for role ID: 1
ERROR - 2024-11-14 17:10:44 --> Access:  to module ID:  for action: read
ERROR - 2024-11-14 17:10:44 --> AsizeD: 1
ERROR - 2024-11-14 17:10:44 --> Access Check: 1 to module ID: 16 for action: read
ERROR - 2024-11-14 17:10:44 --> permission: 7
ERROR - 2024-11-14 17:10:44 --> Access Not denied for role ID: 1 to module ID: 16 for action: read
ERROR - 2024-11-14 17:10:44 --> Access denied for role ID: 1
ERROR - 2024-11-14 17:10:44 --> Access:  to module ID:  for action: update
ERROR - 2024-11-14 17:10:44 --> AsizeD: 1
ERROR - 2024-11-14 17:10:44 --> Access Check: 1 to module ID: 16 for action: update
ERROR - 2024-11-14 17:10:44 --> permission: 7
ERROR - 2024-11-14 17:10:44 --> Access Not denied for role ID: 1 to module ID: 16 for action: update
ERROR - 2024-11-14 17:10:44 --> Access denied for role ID: 1
ERROR - 2024-11-14 17:10:44 --> Access:  to module ID:  for action: update
ERROR - 2024-11-14 17:10:44 --> AsizeD: 1
ERROR - 2024-11-14 17:10:44 --> Access Check: 1 to module ID: 16 for action: update
ERROR - 2024-11-14 17:10:44 --> permission: 7
ERROR - 2024-11-14 17:10:44 --> Access Not denied for role ID: 1 to module ID: 16 for action: update
ERROR - 2024-11-14 17:10:46 --> Access denied for role ID: 1
ERROR - 2024-11-14 17:10:46 --> Access:  to module ID:  for action: read
ERROR - 2024-11-14 17:10:46 --> AsizeD: 1
ERROR - 2024-11-14 17:10:46 --> Access Check: 1 to module ID: 16 for action: read
ERROR - 2024-11-14 17:10:46 --> permission: 7
ERROR - 2024-11-14 17:10:46 --> Access Not denied for role ID: 1 to module ID: 16 for action: read
ERROR - 2024-11-14 17:10:52 --> Access denied for role ID: 1
ERROR - 2024-11-14 17:10:52 --> Access:  to module ID:  for action: create
ERROR - 2024-11-14 17:10:52 --> AsizeD: 1
ERROR - 2024-11-14 17:10:52 --> Access Check: 1 to module ID: 16 for action: create
ERROR - 2024-11-14 17:10:52 --> permission: 7
ERROR - 2024-11-14 17:10:52 --> Access Not denied for role ID: 1 to module ID: 16 for action: create
ERROR - 2024-11-14 17:10:52 --> Access denied for role ID: 1
ERROR - 2024-11-14 17:10:52 --> Access:  to module ID:  for action: create
ERROR - 2024-11-14 17:10:52 --> AsizeD: 1
ERROR - 2024-11-14 17:10:52 --> Access Check: 1 to module ID: 16 for action: create
ERROR - 2024-11-14 17:10:52 --> permission: 7
ERROR - 2024-11-14 17:10:52 --> Access Not denied for role ID: 1 to module ID: 16 for action: create
ERROR - 2024-11-14 17:10:52 --> Access denied for role ID: 1
ERROR - 2024-11-14 17:10:52 --> Access:  to module ID:  for action: read
ERROR - 2024-11-14 17:10:52 --> AsizeD: 1
ERROR - 2024-11-14 17:10:52 --> Access Check: 1 to module ID: 16 for action: read
ERROR - 2024-11-14 17:10:52 --> permission: 7
ERROR - 2024-11-14 17:10:52 --> Access Not denied for role ID: 1 to module ID: 16 for action: read
ERROR - 2024-11-14 17:16:06 --> Access denied for role ID: 1
ERROR - 2024-11-14 17:16:06 --> Access:  to module ID:  for action: create
ERROR - 2024-11-14 17:16:06 --> AsizeD: 1
ERROR - 2024-11-14 17:16:06 --> Access Check: 1 to module ID: 16 for action: create
ERROR - 2024-11-14 17:16:06 --> permission: 7
ERROR - 2024-11-14 17:16:06 --> Access Not denied for role ID: 1 to module ID: 16 for action: create
ERROR - 2024-11-14 17:16:24 --> Access denied for role ID: 1
ERROR - 2024-11-14 17:16:24 --> Access:  to module ID:  for action: read
ERROR - 2024-11-14 17:16:24 --> AsizeD: 1
ERROR - 2024-11-14 17:16:24 --> Access Check: 1 to module ID: 16 for action: read
ERROR - 2024-11-14 17:16:24 --> permission: 7
ERROR - 2024-11-14 17:16:24 --> Access Not denied for role ID: 1 to module ID: 16 for action: read
ERROR - 2024-11-14 17:16:24 --> Access denied for role ID: 1
ERROR - 2024-11-14 17:16:24 --> Access:  to module ID:  for action: update
ERROR - 2024-11-14 17:16:24 --> AsizeD: 1
ERROR - 2024-11-14 17:16:24 --> Access Check: 1 to module ID: 16 for action: update
ERROR - 2024-11-14 17:16:24 --> permission: 7
ERROR - 2024-11-14 17:16:24 --> Access Not denied for role ID: 1 to module ID: 16 for action: update
ERROR - 2024-11-14 17:16:24 --> Access denied for role ID: 1
ERROR - 2024-11-14 17:16:24 --> Access:  to module ID:  for action: update
ERROR - 2024-11-14 17:16:24 --> AsizeD: 1
ERROR - 2024-11-14 17:16:24 --> Access Check: 1 to module ID: 16 for action: update
ERROR - 2024-11-14 17:16:24 --> permission: 7
ERROR - 2024-11-14 17:16:24 --> Access Not denied for role ID: 1 to module ID: 16 for action: update
ERROR - 2024-11-14 17:16:26 --> Access denied for role ID: 1
ERROR - 2024-11-14 17:16:26 --> Access:  to module ID:  for action: read
ERROR - 2024-11-14 17:16:26 --> AsizeD: 1
ERROR - 2024-11-14 17:16:26 --> Access Check: 1 to module ID: 16 for action: read
ERROR - 2024-11-14 17:16:26 --> permission: 7
ERROR - 2024-11-14 17:16:26 --> Access Not denied for role ID: 1 to module ID: 16 for action: read
ERROR - 2024-11-14 17:17:11 --> Access denied for role ID: 1
ERROR - 2024-11-14 17:17:11 --> Access denied for role ID: 1
ERROR - 2024-11-14 17:17:11 --> Access:  to module ID:  for action: create
ERROR - 2024-11-14 17:17:11 --> AsizeD: 1
ERROR - 2024-11-14 17:17:11 --> Access Check: 1 to module ID: 15 for action: create
ERROR - 2024-11-14 17:17:11 --> permission: 7
ERROR - 2024-11-14 17:17:11 --> Access Not denied for role ID: 1 to module ID: 15 for action: create
ERROR - 2024-11-14 17:17:32 --> Access denied for role ID: 1
ERROR - 2024-11-14 17:17:32 --> Access:  to module ID:  for action: create
ERROR - 2024-11-14 17:17:32 --> AsizeD: 1
ERROR - 2024-11-14 17:17:32 --> Access Check: 1 to module ID: 16 for action: create
ERROR - 2024-11-14 17:17:32 --> permission: 7
ERROR - 2024-11-14 17:17:32 --> Access Not denied for role ID: 1 to module ID: 16 for action: create
ERROR - 2024-11-14 17:18:42 --> Access denied for role ID: 1
ERROR - 2024-11-14 17:18:42 --> Access:  to module ID:  for action: create
ERROR - 2024-11-14 17:18:42 --> AsizeD: 1
ERROR - 2024-11-14 17:18:42 --> Access Check: 1 to module ID: 16 for action: create
ERROR - 2024-11-14 17:18:42 --> permission: 7
ERROR - 2024-11-14 17:18:42 --> Access Not denied for role ID: 1 to module ID: 16 for action: create
ERROR - 2024-11-14 17:19:18 --> Access denied for role ID: 1
ERROR - 2024-11-14 17:19:18 --> Access:  to module ID:  for action: read
ERROR - 2024-11-14 17:19:18 --> AsizeD: 1
ERROR - 2024-11-14 17:19:18 --> Access Check: 1 to module ID: 16 for action: read
ERROR - 2024-11-14 17:19:18 --> permission: 7
ERROR - 2024-11-14 17:19:18 --> Access Not denied for role ID: 1 to module ID: 16 for action: read
ERROR - 2024-11-14 17:19:20 --> Access denied for role ID: 1
ERROR - 2024-11-14 17:19:20 --> Access:  to module ID:  for action: read
ERROR - 2024-11-14 17:19:20 --> AsizeD: 1
ERROR - 2024-11-14 17:19:20 --> Access Check: 1 to module ID: 16 for action: read
ERROR - 2024-11-14 17:19:20 --> permission: 7
ERROR - 2024-11-14 17:19:20 --> Access Not denied for role ID: 1 to module ID: 16 for action: read
ERROR - 2024-11-14 17:19:23 --> Access denied for role ID: 1
ERROR - 2024-11-14 17:19:23 --> Access:  to module ID:  for action: create
ERROR - 2024-11-14 17:19:23 --> AsizeD: 1
ERROR - 2024-11-14 17:19:23 --> Access Check: 1 to module ID: 15 for action: create
ERROR - 2024-11-14 17:19:23 --> permission: 7
ERROR - 2024-11-14 17:19:23 --> Access Not denied for role ID: 1 to module ID: 15 for action: create
ERROR - 2024-11-14 17:24:41 --> Access denied for role ID: 1
ERROR - 2024-11-14 17:24:41 --> Access:  to module ID:  for action: create
ERROR - 2024-11-14 17:24:41 --> AsizeD: 1
ERROR - 2024-11-14 17:24:41 --> Access Check: 1 to module ID: 15 for action: create
ERROR - 2024-11-14 17:24:41 --> permission: 7
ERROR - 2024-11-14 17:24:41 --> Access Not denied for role ID: 1 to module ID: 15 for action: create
ERROR - 2024-11-14 17:26:16 --> Access denied for role ID: 1
ERROR - 2024-11-14 17:26:16 --> Access:  to module ID:  for action: create
ERROR - 2024-11-14 17:26:16 --> AsizeD: 1
ERROR - 2024-11-14 17:26:16 --> Access Check: 1 to module ID: 15 for action: create
ERROR - 2024-11-14 17:26:16 --> permission: 7
ERROR - 2024-11-14 17:26:16 --> Access Not denied for role ID: 1 to module ID: 15 for action: create
ERROR - 2024-11-14 17:29:07 --> Access denied for role ID: 1
ERROR - 2024-11-14 17:29:07 --> Access:  to module ID:  for action: create
ERROR - 2024-11-14 17:29:07 --> AsizeD: 1
ERROR - 2024-11-14 17:29:07 --> Access Check: 1 to module ID: 15 for action: create
ERROR - 2024-11-14 17:29:07 --> permission: 7
ERROR - 2024-11-14 17:29:07 --> Access Not denied for role ID: 1 to module ID: 15 for action: create
ERROR - 2024-11-14 17:30:52 --> Access denied for role ID: 1
ERROR - 2024-11-14 17:30:52 --> Access:  to module ID:  for action: create
ERROR - 2024-11-14 17:30:52 --> AsizeD: 1
ERROR - 2024-11-14 17:30:52 --> Access Check: 1 to module ID: 15 for action: create
ERROR - 2024-11-14 17:30:52 --> permission: 7
ERROR - 2024-11-14 17:30:52 --> Access Not denied for role ID: 1 to module ID: 15 for action: create
ERROR - 2024-11-14 17:31:29 --> Access denied for role ID: 1
ERROR - 2024-11-14 17:31:29 --> Access:  to module ID:  for action: create
ERROR - 2024-11-14 17:31:29 --> AsizeD: 1
ERROR - 2024-11-14 17:31:29 --> Access Check: 1 to module ID: 15 for action: create
ERROR - 2024-11-14 17:31:29 --> permission: 7
ERROR - 2024-11-14 17:31:29 --> Access Not denied for role ID: 1 to module ID: 15 for action: create
ERROR - 2024-11-14 17:32:31 --> Access denied for role ID: 1
ERROR - 2024-11-14 17:32:31 --> Access:  to module ID:  for action: create
ERROR - 2024-11-14 17:32:31 --> AsizeD: 1
ERROR - 2024-11-14 17:32:31 --> Access Check: 1 to module ID: 15 for action: create
ERROR - 2024-11-14 17:32:31 --> permission: 7
ERROR - 2024-11-14 17:32:31 --> Access Not denied for role ID: 1 to module ID: 15 for action: create
ERROR - 2024-11-14 17:33:21 --> Access denied for role ID: 1
ERROR - 2024-11-14 17:33:21 --> Access:  to module ID:  for action: create
ERROR - 2024-11-14 17:33:21 --> AsizeD: 1
ERROR - 2024-11-14 17:33:21 --> Access Check: 1 to module ID: 15 for action: create
ERROR - 2024-11-14 17:33:21 --> permission: 7
ERROR - 2024-11-14 17:33:21 --> Access Not denied for role ID: 1 to module ID: 15 for action: create
ERROR - 2024-11-14 17:46:39 --> Access denied for role ID: 1
ERROR - 2024-11-14 17:46:39 --> Access:  to module ID:  for action: create
ERROR - 2024-11-14 17:46:39 --> AsizeD: 1
ERROR - 2024-11-14 17:46:39 --> Access Check: 1 to module ID: 16 for action: create
ERROR - 2024-11-14 17:46:39 --> permission: 7
ERROR - 2024-11-14 17:46:39 --> Access Not denied for role ID: 1 to module ID: 16 for action: create
ERROR - 2024-11-14 17:47:19 --> Access denied for role ID: 1
ERROR - 2024-11-14 17:47:19 --> Access:  to module ID:  for action: read
ERROR - 2024-11-14 17:47:19 --> AsizeD: 1
ERROR - 2024-11-14 17:47:19 --> Access Check: 1 to module ID: 16 for action: read
ERROR - 2024-11-14 17:47:19 --> permission: 7
ERROR - 2024-11-14 17:47:19 --> Access Not denied for role ID: 1 to module ID: 16 for action: read
ERROR - 2024-11-14 17:47:21 --> Access denied for role ID: 1
ERROR - 2024-11-14 17:47:21 --> Access:  to module ID:  for action: read
ERROR - 2024-11-14 17:47:21 --> AsizeD: 1
ERROR - 2024-11-14 17:47:21 --> Access Check: 1 to module ID: 16 for action: read
ERROR - 2024-11-14 17:47:21 --> permission: 7
ERROR - 2024-11-14 17:47:21 --> Access Not denied for role ID: 1 to module ID: 16 for action: read
ERROR - 2024-11-14 17:47:22 --> Access denied for role ID: 1
ERROR - 2024-11-14 17:47:22 --> Access:  to module ID:  for action: create
ERROR - 2024-11-14 17:47:22 --> AsizeD: 1
ERROR - 2024-11-14 17:47:22 --> Access Check: 1 to module ID: 15 for action: create
ERROR - 2024-11-14 17:47:22 --> permission: 7
ERROR - 2024-11-14 17:47:22 --> Access Not denied for role ID: 1 to module ID: 15 for action: create
ERROR - 2024-11-14 17:47:39 --> Access denied for role ID: 1
ERROR - 2024-11-14 17:47:39 --> Access:  to module ID:  for action: create
ERROR - 2024-11-14 17:47:39 --> AsizeD: 1
ERROR - 2024-11-14 17:47:39 --> Access Check: 1 to module ID: 16 for action: create
ERROR - 2024-11-14 17:47:39 --> permission: 7
ERROR - 2024-11-14 17:47:39 --> Access Not denied for role ID: 1 to module ID: 16 for action: create
ERROR - 2024-11-14 17:47:46 --> Access denied for role ID: 1
ERROR - 2024-11-14 17:47:46 --> Access:  to module ID:  for action: read
ERROR - 2024-11-14 17:47:46 --> AsizeD: 1
ERROR - 2024-11-14 17:47:46 --> Access Check: 1 to module ID: 16 for action: read
ERROR - 2024-11-14 17:47:46 --> permission: 7
ERROR - 2024-11-14 17:47:46 --> Access Not denied for role ID: 1 to module ID: 16 for action: read
ERROR - 2024-11-14 17:47:46 --> Access denied for role ID: 1
ERROR - 2024-11-14 17:47:46 --> Access:  to module ID:  for action: update
ERROR - 2024-11-14 17:47:46 --> AsizeD: 1
ERROR - 2024-11-14 17:47:46 --> Access Check: 1 to module ID: 16 for action: update
ERROR - 2024-11-14 17:47:46 --> permission: 7
ERROR - 2024-11-14 17:47:46 --> Access Not denied for role ID: 1 to module ID: 16 for action: update
ERROR - 2024-11-14 17:47:46 --> Access denied for role ID: 1
ERROR - 2024-11-14 17:47:46 --> Access:  to module ID:  for action: update
ERROR - 2024-11-14 17:47:46 --> AsizeD: 1
ERROR - 2024-11-14 17:47:46 --> Access Check: 1 to module ID: 16 for action: update
ERROR - 2024-11-14 17:47:46 --> permission: 7
ERROR - 2024-11-14 17:47:46 --> Access Not denied for role ID: 1 to module ID: 16 for action: update
ERROR - 2024-11-14 17:47:48 --> Access denied for role ID: 1
ERROR - 2024-11-14 17:47:48 --> Access:  to module ID:  for action: read
ERROR - 2024-11-14 17:47:48 --> AsizeD: 1
ERROR - 2024-11-14 17:47:48 --> Access Check: 1 to module ID: 16 for action: read
ERROR - 2024-11-14 17:47:48 --> permission: 7
ERROR - 2024-11-14 17:47:48 --> Access Not denied for role ID: 1 to module ID: 16 for action: read
ERROR - 2024-11-14 17:47:51 --> Access denied for role ID: 1
ERROR - 2024-11-14 17:47:51 --> Access:  to module ID:  for action: read
ERROR - 2024-11-14 17:47:51 --> AsizeD: 1
ERROR - 2024-11-14 17:47:51 --> Access Check: 1 to module ID: 16 for action: read
ERROR - 2024-11-14 17:47:51 --> permission: 7
ERROR - 2024-11-14 17:47:51 --> Access Not denied for role ID: 1 to module ID: 16 for action: read
ERROR - 2024-11-14 17:48:00 --> Access denied for role ID: 1
ERROR - 2024-11-14 17:48:00 --> Access:  to module ID:  for action: create
ERROR - 2024-11-14 17:48:00 --> AsizeD: 1
ERROR - 2024-11-14 17:48:00 --> Access Check: 1 to module ID: 16 for action: create
ERROR - 2024-11-14 17:48:00 --> permission: 7
ERROR - 2024-11-14 17:48:00 --> Access Not denied for role ID: 1 to module ID: 16 for action: create
ERROR - 2024-11-14 17:48:03 --> Access denied for role ID: 1
ERROR - 2024-11-14 17:48:03 --> Access:  to module ID:  for action: read
ERROR - 2024-11-14 17:48:03 --> AsizeD: 1
ERROR - 2024-11-14 17:48:03 --> Access Check: 1 to module ID: 16 for action: read
ERROR - 2024-11-14 17:48:03 --> permission: 7
ERROR - 2024-11-14 17:48:03 --> Access Not denied for role ID: 1 to module ID: 16 for action: read
ERROR - 2024-11-14 17:48:14 --> Access denied for role ID: 1
ERROR - 2024-11-14 17:48:14 --> Access:  to module ID:  for action: create
ERROR - 2024-11-14 17:48:14 --> AsizeD: 1
ERROR - 2024-11-14 17:48:14 --> Access Check: 1 to module ID: 16 for action: create
ERROR - 2024-11-14 17:48:14 --> permission: 7
ERROR - 2024-11-14 17:48:14 --> Access Not denied for role ID: 1 to module ID: 16 for action: create
ERROR - 2024-11-14 17:48:33 --> Access denied for role ID: 1
ERROR - 2024-11-14 17:48:33 --> Access:  to module ID:  for action: read
ERROR - 2024-11-14 17:48:33 --> AsizeD: 1
ERROR - 2024-11-14 17:48:33 --> Access Check: 1 to module ID: 16 for action: read
ERROR - 2024-11-14 17:48:33 --> permission: 7
ERROR - 2024-11-14 17:48:33 --> Access Not denied for role ID: 1 to module ID: 16 for action: read
ERROR - 2024-11-14 17:48:35 --> Access denied for role ID: 1
ERROR - 2024-11-14 17:48:35 --> Access:  to module ID:  for action: read
ERROR - 2024-11-14 17:48:35 --> AsizeD: 1
ERROR - 2024-11-14 17:48:35 --> Access Check: 1 to module ID: 16 for action: read
ERROR - 2024-11-14 17:48:35 --> permission: 7
ERROR - 2024-11-14 17:48:35 --> Access Not denied for role ID: 1 to module ID: 16 for action: read
ERROR - 2024-11-14 17:48:39 --> Access denied for role ID: 1
ERROR - 2024-11-14 17:48:39 --> Access:  to module ID:  for action: create
ERROR - 2024-11-14 17:48:39 --> AsizeD: 1
ERROR - 2024-11-14 17:48:39 --> Access Check: 1 to module ID: 16 for action: create
ERROR - 2024-11-14 17:48:39 --> permission: 7
ERROR - 2024-11-14 17:48:39 --> Access Not denied for role ID: 1 to module ID: 16 for action: create
ERROR - 2024-11-14 17:49:00 --> Access denied for role ID: 1
ERROR - 2024-11-14 17:49:00 --> Access:  to module ID:  for action: create
ERROR - 2024-11-14 17:49:00 --> AsizeD: 1
ERROR - 2024-11-14 17:49:00 --> Access Check: 1 to module ID: 15 for action: create
ERROR - 2024-11-14 17:49:00 --> permission: 7
ERROR - 2024-11-14 17:49:00 --> Access Not denied for role ID: 1 to module ID: 15 for action: create
ERROR - 2024-11-14 17:49:23 --> Access denied for role ID: 1
ERROR - 2024-11-14 17:49:23 --> Access:  to module ID:  for action: read
ERROR - 2024-11-14 17:49:23 --> AsizeD: 1
ERROR - 2024-11-14 17:49:23 --> Access Check: 1 to module ID: 16 for action: read
ERROR - 2024-11-14 17:49:23 --> permission: 7
ERROR - 2024-11-14 17:49:23 --> Access Not denied for role ID: 1 to module ID: 16 for action: read
ERROR - 2024-11-14 17:50:16 --> Access denied for role ID: 1
ERROR - 2024-11-14 17:50:16 --> Access:  to module ID:  for action: create
ERROR - 2024-11-14 17:50:16 --> AsizeD: 1
ERROR - 2024-11-14 17:50:16 --> Access Check: 1 to module ID: 16 for action: create
ERROR - 2024-11-14 17:50:16 --> permission: 7
ERROR - 2024-11-14 17:50:16 --> Access Not denied for role ID: 1 to module ID: 16 for action: create
ERROR - 2024-11-14 17:50:30 --> Access denied for role ID: 1
ERROR - 2024-11-14 17:50:30 --> Access:  to module ID:  for action: read
ERROR - 2024-11-14 17:50:30 --> AsizeD: 1
ERROR - 2024-11-14 17:50:30 --> Access Check: 1 to module ID: 16 for action: read
ERROR - 2024-11-14 17:50:30 --> permission: 7
ERROR - 2024-11-14 17:50:30 --> Access Not denied for role ID: 1 to module ID: 16 for action: read
ERROR - 2024-11-14 17:50:30 --> Access denied for role ID: 1
ERROR - 2024-11-14 17:50:30 --> Access:  to module ID:  for action: update
ERROR - 2024-11-14 17:50:30 --> AsizeD: 1
ERROR - 2024-11-14 17:50:30 --> Access Check: 1 to module ID: 16 for action: update
ERROR - 2024-11-14 17:50:30 --> permission: 7
ERROR - 2024-11-14 17:50:30 --> Access Not denied for role ID: 1 to module ID: 16 for action: update
ERROR - 2024-11-14 17:50:30 --> Access denied for role ID: 1
ERROR - 2024-11-14 17:50:30 --> Access:  to module ID:  for action: update
ERROR - 2024-11-14 17:50:30 --> AsizeD: 1
ERROR - 2024-11-14 17:50:30 --> Access Check: 1 to module ID: 16 for action: update
ERROR - 2024-11-14 17:50:30 --> permission: 7
ERROR - 2024-11-14 17:50:30 --> Access Not denied for role ID: 1 to module ID: 16 for action: update
ERROR - 2024-11-14 17:50:32 --> Access denied for role ID: 1
ERROR - 2024-11-14 17:50:32 --> Access:  to module ID:  for action: read
ERROR - 2024-11-14 17:50:32 --> AsizeD: 1
ERROR - 2024-11-14 17:50:32 --> Access Check: 1 to module ID: 16 for action: read
ERROR - 2024-11-14 17:50:32 --> permission: 7
ERROR - 2024-11-14 17:50:32 --> Access Not denied for role ID: 1 to module ID: 16 for action: read
ERROR - 2024-11-14 17:53:36 --> Access denied for role ID: 1
ERROR - 2024-11-14 17:53:36 --> Access:  to module ID:  for action: create
ERROR - 2024-11-14 17:53:36 --> AsizeD: 1
ERROR - 2024-11-14 17:53:36 --> Access Check: 1 to module ID: 16 for action: create
ERROR - 2024-11-14 17:53:36 --> permission: 7
ERROR - 2024-11-14 17:53:36 --> Access Not denied for role ID: 1 to module ID: 16 for action: create
ERROR - 2024-11-14 17:54:00 --> Access denied for role ID: 1
ERROR - 2024-11-14 17:54:00 --> Access:  to module ID:  for action: read
ERROR - 2024-11-14 17:54:00 --> AsizeD: 1
ERROR - 2024-11-14 17:54:00 --> Access Check: 1 to module ID: 16 for action: read
ERROR - 2024-11-14 17:54:00 --> permission: 7
ERROR - 2024-11-14 17:54:00 --> Access Not denied for role ID: 1 to module ID: 16 for action: read
ERROR - 2024-11-14 17:54:00 --> Access denied for role ID: 1
ERROR - 2024-11-14 17:54:00 --> Access:  to module ID:  for action: update
ERROR - 2024-11-14 17:54:00 --> AsizeD: 1
ERROR - 2024-11-14 17:54:00 --> Access Check: 1 to module ID: 16 for action: update
ERROR - 2024-11-14 17:54:00 --> permission: 7
ERROR - 2024-11-14 17:54:00 --> Access Not denied for role ID: 1 to module ID: 16 for action: update
ERROR - 2024-11-14 17:54:00 --> Access denied for role ID: 1
ERROR - 2024-11-14 17:54:00 --> Access:  to module ID:  for action: update
ERROR - 2024-11-14 17:54:00 --> AsizeD: 1
ERROR - 2024-11-14 17:54:00 --> Access Check: 1 to module ID: 16 for action: update
ERROR - 2024-11-14 17:54:00 --> permission: 7
ERROR - 2024-11-14 17:54:00 --> Access Not denied for role ID: 1 to module ID: 16 for action: update
ERROR - 2024-11-14 17:54:02 --> Access denied for role ID: 1
ERROR - 2024-11-14 17:54:02 --> Access:  to module ID:  for action: read
ERROR - 2024-11-14 17:54:02 --> AsizeD: 1
ERROR - 2024-11-14 17:54:02 --> Access Check: 1 to module ID: 16 for action: read
ERROR - 2024-11-14 17:54:02 --> permission: 7
ERROR - 2024-11-14 17:54:02 --> Access Not denied for role ID: 1 to module ID: 16 for action: read
ERROR - 2024-11-14 17:54:21 --> Access denied for role ID: 1
ERROR - 2024-11-14 17:54:25 --> Access denied for role ID: 1
ERROR - 2024-11-14 17:54:25 --> Access:  to module ID:  for action: read
ERROR - 2024-11-14 17:54:25 --> AsizeD: 1
ERROR - 2024-11-14 17:54:25 --> Access Check: 1 to module ID: 16 for action: read
ERROR - 2024-11-14 17:54:25 --> permission: 7
ERROR - 2024-11-14 17:54:25 --> Access Not denied for role ID: 1 to module ID: 16 for action: read
ERROR - 2024-11-14 17:56:36 --> Access denied for role ID: 1
ERROR - 2024-11-14 17:56:36 --> Access:  to module ID:  for action: read
ERROR - 2024-11-14 17:56:36 --> AsizeD: 1
ERROR - 2024-11-14 17:56:36 --> Access Check: 1 to module ID: 16 for action: read
ERROR - 2024-11-14 17:56:36 --> permission: 7
ERROR - 2024-11-14 17:56:36 --> Access Not denied for role ID: 1 to module ID: 16 for action: read
ERROR - 2024-11-14 17:57:00 --> Access denied for role ID: 1
ERROR - 2024-11-14 17:57:00 --> Access:  to module ID:  for action: create
ERROR - 2024-11-14 17:57:00 --> AsizeD: 1
ERROR - 2024-11-14 17:57:00 --> Access Check: 1 to module ID: 16 for action: create
ERROR - 2024-11-14 17:57:00 --> permission: 7
ERROR - 2024-11-14 17:57:00 --> Access Not denied for role ID: 1 to module ID: 16 for action: create
ERROR - 2024-11-14 17:57:14 --> Access denied for role ID: 1
ERROR - 2024-11-14 17:57:14 --> Access:  to module ID:  for action: read
ERROR - 2024-11-14 17:57:14 --> AsizeD: 1
ERROR - 2024-11-14 17:57:14 --> Access Check: 1 to module ID: 16 for action: read
ERROR - 2024-11-14 17:57:14 --> permission: 7
ERROR - 2024-11-14 17:57:14 --> Access Not denied for role ID: 1 to module ID: 16 for action: read
ERROR - 2024-11-14 17:57:16 --> Access denied for role ID: 1
ERROR - 2024-11-14 17:57:16 --> Access:  to module ID:  for action: read
ERROR - 2024-11-14 17:57:16 --> AsizeD: 1
ERROR - 2024-11-14 17:57:16 --> Access Check: 1 to module ID: 16 for action: read
ERROR - 2024-11-14 17:57:16 --> permission: 7
ERROR - 2024-11-14 17:57:16 --> Access Not denied for role ID: 1 to module ID: 16 for action: read
ERROR - 2024-11-14 17:57:19 --> Access denied for role ID: 1
ERROR - 2024-11-14 17:57:19 --> Access:  to module ID:  for action: read
ERROR - 2024-11-14 17:57:19 --> AsizeD: 1
ERROR - 2024-11-14 17:57:19 --> Access Check: 1 to module ID: 16 for action: read
ERROR - 2024-11-14 17:57:19 --> permission: 7
ERROR - 2024-11-14 17:57:19 --> Access Not denied for role ID: 1 to module ID: 16 for action: read
ERROR - 2024-11-14 17:57:21 --> Access denied for role ID: 1
ERROR - 2024-11-14 17:57:21 --> Access:  to module ID:  for action: read
ERROR - 2024-11-14 17:57:21 --> AsizeD: 1
ERROR - 2024-11-14 17:57:21 --> Access Check: 1 to module ID: 16 for action: read
ERROR - 2024-11-14 17:57:21 --> permission: 7
ERROR - 2024-11-14 17:57:21 --> Access Not denied for role ID: 1 to module ID: 16 for action: read
ERROR - 2024-11-14 17:58:21 --> Access denied for role ID: 1
ERROR - 2024-11-14 17:58:21 --> Access:  to module ID:  for action: read
ERROR - 2024-11-14 17:58:21 --> AsizeD: 1
ERROR - 2024-11-14 17:58:21 --> Access Check: 1 to module ID: 16 for action: read
ERROR - 2024-11-14 17:58:21 --> permission: 7
ERROR - 2024-11-14 17:58:21 --> Access Not denied for role ID: 1 to module ID: 16 for action: read
ERROR - 2024-11-14 17:58:40 --> Access denied for role ID: 1
ERROR - 2024-11-14 17:58:40 --> Access:  to module ID:  for action: create
ERROR - 2024-11-14 17:58:40 --> AsizeD: 1
ERROR - 2024-11-14 17:58:40 --> Access Check: 1 to module ID: 16 for action: create
ERROR - 2024-11-14 17:58:40 --> permission: 7
ERROR - 2024-11-14 17:58:40 --> Access Not denied for role ID: 1 to module ID: 16 for action: create
ERROR - 2024-11-14 17:58:54 --> Access denied for role ID: 1
ERROR - 2024-11-14 17:58:54 --> Access:  to module ID:  for action: read
ERROR - 2024-11-14 17:58:54 --> AsizeD: 1
ERROR - 2024-11-14 17:58:54 --> Access Check: 1 to module ID: 16 for action: read
ERROR - 2024-11-14 17:58:54 --> permission: 7
ERROR - 2024-11-14 17:58:54 --> Access Not denied for role ID: 1 to module ID: 16 for action: read
ERROR - 2024-11-14 17:58:56 --> Access denied for role ID: 1
ERROR - 2024-11-14 17:58:56 --> Access:  to module ID:  for action: read
ERROR - 2024-11-14 17:58:56 --> AsizeD: 1
ERROR - 2024-11-14 17:58:56 --> Access Check: 1 to module ID: 16 for action: read
ERROR - 2024-11-14 17:58:56 --> permission: 7
ERROR - 2024-11-14 17:58:56 --> Access Not denied for role ID: 1 to module ID: 16 for action: read
ERROR - 2024-11-14 17:59:06 --> Access denied for role ID: 1
ERROR - 2024-11-14 17:59:06 --> Access:  to module ID:  for action: read
ERROR - 2024-11-14 17:59:06 --> AsizeD: 1
ERROR - 2024-11-14 17:59:06 --> Access Check: 1 to module ID: 16 for action: read
ERROR - 2024-11-14 17:59:06 --> permission: 7
ERROR - 2024-11-14 17:59:06 --> Access Not denied for role ID: 1 to module ID: 16 for action: read
ERROR - 2024-11-14 18:00:37 --> Access denied for role ID: 1
ERROR - 2024-11-14 18:00:37 --> Access:  to module ID:  for action: create
ERROR - 2024-11-14 18:00:37 --> AsizeD: 1
ERROR - 2024-11-14 18:00:37 --> Access Check: 1 to module ID: 16 for action: create
ERROR - 2024-11-14 18:00:37 --> permission: 7
ERROR - 2024-11-14 18:00:37 --> Access Not denied for role ID: 1 to module ID: 16 for action: create
ERROR - 2024-11-14 18:02:24 --> Access denied for role ID: 1
ERROR - 2024-11-14 18:02:24 --> Access:  to module ID:  for action: create
ERROR - 2024-11-14 18:02:24 --> AsizeD: 1
ERROR - 2024-11-14 18:02:24 --> Access Check: 1 to module ID: 16 for action: create
ERROR - 2024-11-14 18:02:24 --> permission: 7
ERROR - 2024-11-14 18:02:24 --> Access Not denied for role ID: 1 to module ID: 16 for action: create
ERROR - 2024-11-14 18:09:46 --> Access denied for role ID: 1
ERROR - 2024-11-14 18:09:47 --> Access:  to module ID:  for action: create
ERROR - 2024-11-14 18:09:47 --> AsizeD: 1
ERROR - 2024-11-14 18:09:47 --> Access Check: 1 to module ID: 16 for action: create
ERROR - 2024-11-14 18:09:47 --> permission: 7
ERROR - 2024-11-14 18:09:47 --> Access Not denied for role ID: 1 to module ID: 16 for action: create
