ERROR - 2024-10-28 11:15:26 --> Access denied for role ID: 1
ERROR - 2024-10-28 11:15:26 --> Access:  to module ID:  for action: read
ERROR - 2024-10-28 11:15:26 --> AsizeD: 1
ERROR - 2024-10-28 11:15:26 --> Access Check: 1 to module ID: 17 for action: read
ERROR - 2024-10-28 11:15:26 --> permission: 7
ERROR - 2024-10-28 11:15:26 --> Access Not denied for role ID: 1 to module ID: 17 for action: read
ERROR - 2024-10-28 11:15:32 --> Access denied for role ID: 1
ERROR - 2024-10-28 11:15:32 --> Access:  to module ID:  for action: read
ERROR - 2024-10-28 11:15:32 --> AsizeD: 1
ERROR - 2024-10-28 11:15:32 --> Access Check: 1 to module ID: 15 for action: read
ERROR - 2024-10-28 11:15:32 --> permission: 7
ERROR - 2024-10-28 11:15:32 --> Access Not denied for role ID: 1 to module ID: 15 for action: read
ERROR - 2024-10-28 11:15:34 --> Access denied for role ID: 1
ERROR - 2024-10-28 11:15:34 --> Access:  to module ID:  for action: create
ERROR - 2024-10-28 11:15:34 --> AsizeD: 1
ERROR - 2024-10-28 11:15:34 --> Access Check: 1 to module ID: 15 for action: create
ERROR - 2024-10-28 11:15:34 --> permission: 7
ERROR - 2024-10-28 11:15:34 --> Access Not denied for role ID: 1 to module ID: 15 for action: create
ERROR - 2024-10-28 11:15:41 --> Access denied for role ID: 1
ERROR - 2024-10-28 11:15:42 --> Access:  to module ID:  for action: read
ERROR - 2024-10-28 11:15:42 --> AsizeD: 1
ERROR - 2024-10-28 11:15:42 --> Access Check: 1 to module ID: 17 for action: read
ERROR - 2024-10-28 11:15:42 --> permission: 7
ERROR - 2024-10-28 11:15:42 --> Access Not denied for role ID: 1 to module ID: 17 for action: read
ERROR - 2024-10-28 11:15:51 --> Access denied for role ID: 1
ERROR - 2024-10-28 11:15:51 --> Access:  to module ID:  for action: read
ERROR - 2024-10-28 11:15:51 --> AsizeD: 1
ERROR - 2024-10-28 11:15:51 --> Access Check: 1 to module ID: 15 for action: read
ERROR - 2024-10-28 11:15:51 --> permission: 7
ERROR - 2024-10-28 11:15:51 --> Access Not denied for role ID: 1 to module ID: 15 for action: read
ERROR - 2024-10-28 11:15:54 --> Access denied for role ID: 1
ERROR - 2024-10-28 11:15:54 --> Access:  to module ID:  for action: create
ERROR - 2024-10-28 11:15:54 --> AsizeD: 1
ERROR - 2024-10-28 11:15:54 --> Access Check: 1 to module ID: 15 for action: create
ERROR - 2024-10-28 11:15:54 --> permission: 7
ERROR - 2024-10-28 11:15:54 --> Access Not denied for role ID: 1 to module ID: 15 for action: create
ERROR - 2024-10-28 11:33:52 --> Access denied for role ID: 1
ERROR - 2024-10-28 11:33:52 --> Access:  to module ID:  for action: read
ERROR - 2024-10-28 11:33:52 --> AsizeD: 1
ERROR - 2024-10-28 11:33:52 --> Access Check: 1 to module ID: 15 for action: read
ERROR - 2024-10-28 11:33:52 --> permission: 7
ERROR - 2024-10-28 11:33:52 --> Access Not denied for role ID: 1 to module ID: 15 for action: read
ERROR - 2024-10-28 11:33:56 --> Access denied for role ID: 1
ERROR - 2024-10-28 11:33:56 --> Access:  to module ID:  for action: read
ERROR - 2024-10-28 11:33:56 --> AsizeD: 1
ERROR - 2024-10-28 11:33:56 --> Access Check: 1 to module ID: 15 for action: read
ERROR - 2024-10-28 11:33:56 --> permission: 7
ERROR - 2024-10-28 11:33:56 --> Access Not denied for role ID: 1 to module ID: 15 for action: read
ERROR - 2024-10-28 11:34:00 --> Access denied for role ID: 1
ERROR - 2024-10-28 11:34:00 --> Access:  to module ID:  for action: create
ERROR - 2024-10-28 11:34:00 --> AsizeD: 1
ERROR - 2024-10-28 11:34:00 --> Access Check: 1 to module ID: 15 for action: create
ERROR - 2024-10-28 11:34:00 --> permission: 7
ERROR - 2024-10-28 11:34:00 --> Access Not denied for role ID: 1 to module ID: 15 for action: create
ERROR - 2024-10-28 11:34:13 --> Access denied for role ID: 1
ERROR - 2024-10-28 11:34:13 --> Access:  to module ID:  for action: read
ERROR - 2024-10-28 11:34:13 --> AsizeD: 1
ERROR - 2024-10-28 11:34:13 --> Access Check: 1 to module ID: 17 for action: read
ERROR - 2024-10-28 11:34:13 --> permission: 7
ERROR - 2024-10-28 11:34:13 --> Access Not denied for role ID: 1 to module ID: 17 for action: read
ERROR - 2024-10-28 11:51:45 --> Access denied for role ID: 1
ERROR - 2024-10-28 11:51:45 --> Access:  to module ID:  for action: read
ERROR - 2024-10-28 11:51:45 --> AsizeD: 1
ERROR - 2024-10-28 11:51:45 --> Access Check: 1 to module ID: 17 for action: read
ERROR - 2024-10-28 11:51:45 --> permission: 7
ERROR - 2024-10-28 11:51:45 --> Access Not denied for role ID: 1 to module ID: 17 for action: read
ERROR - 2024-10-28 11:51:59 --> Access denied for role ID: 1
ERROR - 2024-10-28 11:51:59 --> Access:  to module ID:  for action: read
ERROR - 2024-10-28 11:51:59 --> AsizeD: 1
ERROR - 2024-10-28 11:51:59 --> Access Check: 1 to module ID: 15 for action: read
ERROR - 2024-10-28 11:51:59 --> permission: 7
ERROR - 2024-10-28 11:51:59 --> Access Not denied for role ID: 1 to module ID: 15 for action: read
