ERROR - 2025-03-18 11:06:10 --> Access denied for role ID: 1
ERROR - 2025-03-18 11:06:10 --> Access:  to module ID:  for action: read
ERROR - 2025-03-18 11:06:10 --> AsizeD: 1
ERROR - 2025-03-18 11:06:10 --> Access Check: 1 to module ID: 17 for action: read
ERROR - 2025-03-18 11:06:10 --> permission: 7
ERROR - 2025-03-18 11:06:10 --> Access Not denied for role ID: 1 to module ID: 17 for action: read
ERROR - 2025-03-18 11:06:15 --> Access denied for role ID: 1
ERROR - 2025-03-18 11:06:15 --> Access:  to module ID:  for action: read
ERROR - 2025-03-18 11:06:15 --> AsizeD: 1
ERROR - 2025-03-18 11:06:15 --> Access Check: 1 to module ID: 15 for action: read
ERROR - 2025-03-18 11:06:15 --> permission: 7
ERROR - 2025-03-18 11:06:15 --> Access Not denied for role ID: 1 to module ID: 15 for action: read
ERROR - 2025-03-18 11:06:17 --> Access denied for role ID: 1
ERROR - 2025-03-18 11:06:18 --> Access:  to module ID:  for action: create
ERROR - 2025-03-18 11:06:18 --> AsizeD: 1
ERROR - 2025-03-18 11:06:18 --> Access Check: 1 to module ID: 15 for action: create
ERROR - 2025-03-18 11:06:18 --> permission: 7
ERROR - 2025-03-18 11:06:18 --> Access Not denied for role ID: 1 to module ID: 15 for action: create
ERROR - 2025-03-18 17:16:21 --> Access denied for role ID: 1
ERROR - 2025-03-18 17:16:21 --> Access:  to module ID:  for action: read
ERROR - 2025-03-18 17:16:21 --> AsizeD: 1
ERROR - 2025-03-18 17:16:21 --> Access Check: 1 to module ID: 17 for action: read
ERROR - 2025-03-18 17:16:21 --> permission: 7
ERROR - 2025-03-18 17:16:21 --> Access Not denied for role ID: 1 to module ID: 17 for action: read
ERROR - 2025-03-18 17:18:00 --> Access denied for role ID: 1
ERROR - 2025-03-18 17:18:00 --> Access:  to module ID:  for action: read
ERROR - 2025-03-18 17:18:00 --> AsizeD: 1
ERROR - 2025-03-18 17:18:00 --> Access Check: 1 to module ID: 17 for action: read
ERROR - 2025-03-18 17:18:00 --> permission: 7
ERROR - 2025-03-18 17:18:00 --> Access Not denied for role ID: 1 to module ID: 17 for action: read
ERROR - 2025-03-18 17:19:05 --> Access denied for role ID: 1
ERROR - 2025-03-18 17:19:05 --> Access:  to module ID:  for action: read
ERROR - 2025-03-18 17:19:05 --> AsizeD: 1
ERROR - 2025-03-18 17:19:05 --> Access Check: 1 to module ID: 17 for action: read
ERROR - 2025-03-18 17:19:05 --> permission: 7
ERROR - 2025-03-18 17:19:05 --> Access Not denied for role ID: 1 to module ID: 17 for action: read
ERROR - 2025-03-18 17:19:43 --> Access denied for role ID: 1
ERROR - 2025-03-18 17:19:43 --> Access:  to module ID:  for action: read
ERROR - 2025-03-18 17:19:43 --> AsizeD: 1
ERROR - 2025-03-18 17:19:43 --> Access Check: 1 to module ID: 17 for action: read
ERROR - 2025-03-18 17:19:43 --> permission: 7
ERROR - 2025-03-18 17:19:43 --> Access Not denied for role ID: 1 to module ID: 17 for action: read
ERROR - 2025-03-18 17:20:19 --> Access denied for role ID: 1
ERROR - 2025-03-18 17:20:19 --> Access:  to module ID:  for action: read
ERROR - 2025-03-18 17:20:19 --> AsizeD: 1
ERROR - 2025-03-18 17:20:19 --> Access Check: 1 to module ID: 17 for action: read
ERROR - 2025-03-18 17:20:19 --> permission: 7
ERROR - 2025-03-18 17:20:19 --> Access Not denied for role ID: 1 to module ID: 17 for action: read
ERROR - 2025-03-18 17:21:04 --> Access denied for role ID: 1
ERROR - 2025-03-18 17:21:04 --> Access:  to module ID:  for action: read
ERROR - 2025-03-18 17:21:04 --> AsizeD: 1
ERROR - 2025-03-18 17:21:04 --> Access Check: 1 to module ID: 17 for action: read
ERROR - 2025-03-18 17:21:04 --> permission: 7
ERROR - 2025-03-18 17:21:04 --> Access Not denied for role ID: 1 to module ID: 17 for action: read
ERROR - 2025-03-18 17:21:39 --> Access denied for role ID: 1
ERROR - 2025-03-18 17:21:39 --> Access:  to module ID:  for action: read
ERROR - 2025-03-18 17:21:39 --> AsizeD: 1
ERROR - 2025-03-18 17:21:39 --> Access Check: 1 to module ID: 17 for action: read
ERROR - 2025-03-18 17:21:39 --> permission: 7
ERROR - 2025-03-18 17:21:39 --> Access Not denied for role ID: 1 to module ID: 17 for action: read
ERROR - 2025-03-18 17:23:37 --> Access denied for role ID: 1
ERROR - 2025-03-18 17:23:37 --> Access:  to module ID:  for action: read
ERROR - 2025-03-18 17:23:37 --> AsizeD: 1
ERROR - 2025-03-18 17:23:37 --> Access Check: 1 to module ID: 17 for action: read
ERROR - 2025-03-18 17:23:37 --> permission: 7
ERROR - 2025-03-18 17:23:37 --> Access Not denied for role ID: 1 to module ID: 17 for action: read
ERROR - 2025-03-18 17:24:39 --> Access denied for role ID: 1
ERROR - 2025-03-18 17:24:39 --> Access:  to module ID:  for action: read
ERROR - 2025-03-18 17:24:39 --> AsizeD: 1
ERROR - 2025-03-18 17:24:39 --> Access Check: 1 to module ID: 17 for action: read
ERROR - 2025-03-18 17:24:39 --> permission: 7
ERROR - 2025-03-18 17:24:39 --> Access Not denied for role ID: 1 to module ID: 17 for action: read
ERROR - 2025-03-18 17:24:58 --> Access denied for role ID: 1
ERROR - 2025-03-18 17:24:58 --> Access:  to module ID:  for action: read
ERROR - 2025-03-18 17:24:58 --> AsizeD: 1
ERROR - 2025-03-18 17:24:58 --> Access Check: 1 to module ID: 17 for action: read
ERROR - 2025-03-18 17:24:58 --> permission: 7
ERROR - 2025-03-18 17:24:58 --> Access Not denied for role ID: 1 to module ID: 17 for action: read
ERROR - 2025-03-18 17:25:55 --> Access denied for role ID: 1
ERROR - 2025-03-18 17:25:55 --> Access:  to module ID:  for action: read
ERROR - 2025-03-18 17:25:55 --> AsizeD: 1
ERROR - 2025-03-18 17:25:55 --> Access Check: 1 to module ID: 17 for action: read
ERROR - 2025-03-18 17:25:55 --> permission: 7
ERROR - 2025-03-18 17:25:55 --> Access Not denied for role ID: 1 to module ID: 17 for action: read
ERROR - 2025-03-18 17:31:24 --> Access denied for role ID: 1
ERROR - 2025-03-18 17:31:24 --> Access:  to module ID:  for action: read
ERROR - 2025-03-18 17:31:24 --> AsizeD: 1
ERROR - 2025-03-18 17:31:24 --> Access Check: 1 to module ID: 17 for action: read
ERROR - 2025-03-18 17:31:24 --> permission: 7
ERROR - 2025-03-18 17:31:24 --> Access Not denied for role ID: 1 to module ID: 17 for action: read
ERROR - 2025-03-18 17:31:26 --> Access denied for role ID: 1
ERROR - 2025-03-18 17:31:26 --> Access:  to module ID:  for action: read
ERROR - 2025-03-18 17:31:26 --> AsizeD: 1
ERROR - 2025-03-18 17:31:26 --> Access Check: 1 to module ID: 17 for action: read
ERROR - 2025-03-18 17:31:26 --> permission: 7
ERROR - 2025-03-18 17:31:26 --> Access Not denied for role ID: 1 to module ID: 17 for action: read
ERROR - 2025-03-18 17:44:41 --> Access denied for role ID: 1
ERROR - 2025-03-18 17:44:41 --> Access:  to module ID:  for action: read
ERROR - 2025-03-18 17:44:41 --> AsizeD: 1
ERROR - 2025-03-18 17:44:41 --> Access Check: 1 to module ID: 17 for action: read
ERROR - 2025-03-18 17:44:41 --> permission: 7
ERROR - 2025-03-18 17:44:41 --> Access Not denied for role ID: 1 to module ID: 17 for action: read
ERROR - 2025-03-18 17:44:57 --> Access denied for role ID: 1
ERROR - 2025-03-18 17:44:57 --> Access:  to module ID:  for action: read
ERROR - 2025-03-18 17:44:57 --> AsizeD: 1
ERROR - 2025-03-18 17:44:57 --> Access Check: 1 to module ID: 17 for action: read
ERROR - 2025-03-18 17:44:57 --> permission: 7
ERROR - 2025-03-18 17:44:57 --> Access Not denied for role ID: 1 to module ID: 17 for action: read
ERROR - 2025-03-18 17:58:04 --> Access denied for role ID: 1
ERROR - 2025-03-18 17:58:04 --> Access:  to module ID:  for action: read
ERROR - 2025-03-18 17:58:04 --> AsizeD: 1
ERROR - 2025-03-18 17:58:04 --> Access Check: 1 to module ID: 15 for action: read
ERROR - 2025-03-18 17:58:04 --> permission: 7
ERROR - 2025-03-18 17:58:04 --> Access Not denied for role ID: 1 to module ID: 15 for action: read
ERROR - 2025-03-18 17:58:06 --> Access denied for role ID: 1
ERROR - 2025-03-18 17:58:06 --> Access:  to module ID:  for action: read
ERROR - 2025-03-18 17:58:06 --> AsizeD: 1
ERROR - 2025-03-18 17:58:06 --> Access Check: 1 to module ID: 17 for action: read
ERROR - 2025-03-18 17:58:06 --> permission: 7
ERROR - 2025-03-18 17:58:06 --> Access Not denied for role ID: 1 to module ID: 17 for action: read
ERROR - 2025-03-18 17:58:07 --> Access denied for role ID: 1
ERROR - 2025-03-18 17:58:07 --> Access:  to module ID:  for action: read
ERROR - 2025-03-18 17:58:07 --> AsizeD: 1
ERROR - 2025-03-18 17:58:07 --> Access Check: 1 to module ID: 17 for action: read
ERROR - 2025-03-18 17:58:07 --> permission: 7
ERROR - 2025-03-18 17:58:07 --> Access Not denied for role ID: 1 to module ID: 17 for action: read
ERROR - 2025-03-18 18:27:44 --> Access denied for role ID: 1
ERROR - 2025-03-18 18:27:44 --> Access:  to module ID:  for action: read
ERROR - 2025-03-18 18:27:44 --> AsizeD: 1
ERROR - 2025-03-18 18:27:44 --> Access Check: 1 to module ID: 15 for action: read
ERROR - 2025-03-18 18:27:44 --> permission: 7
ERROR - 2025-03-18 18:27:44 --> Access Not denied for role ID: 1 to module ID: 15 for action: read
ERROR - 2025-03-18 18:27:45 --> Access denied for role ID: 1
ERROR - 2025-03-18 18:27:45 --> Access:  to module ID:  for action: create
ERROR - 2025-03-18 18:27:45 --> AsizeD: 1
ERROR - 2025-03-18 18:27:45 --> Access Check: 1 to module ID: 15 for action: create
ERROR - 2025-03-18 18:27:45 --> permission: 7
ERROR - 2025-03-18 18:27:45 --> Access Not denied for role ID: 1 to module ID: 15 for action: create
ERROR - 2025-03-18 18:29:18 --> Access denied for role ID: 1
ERROR - 2025-03-18 18:29:18 --> Access:  to module ID:  for action: read
ERROR - 2025-03-18 18:29:18 --> AsizeD: 1
ERROR - 2025-03-18 18:29:18 --> Access Check: 1 to module ID: 16 for action: read
ERROR - 2025-03-18 18:29:18 --> permission: 7
ERROR - 2025-03-18 18:29:18 --> Access Not denied for role ID: 1 to module ID: 16 for action: read
ERROR - 2025-03-18 18:29:20 --> Access denied for role ID: 1
ERROR - 2025-03-18 18:29:20 --> Access:  to module ID:  for action: create
ERROR - 2025-03-18 18:29:20 --> AsizeD: 1
ERROR - 2025-03-18 18:29:20 --> Access Check: 1 to module ID: 16 for action: create
ERROR - 2025-03-18 18:29:20 --> permission: 7
ERROR - 2025-03-18 18:29:20 --> Access Not denied for role ID: 1 to module ID: 16 for action: create
ERROR - 2025-03-18 18:29:31 --> Access denied for role ID: 1
ERROR - 2025-03-18 18:29:31 --> Access:  to module ID:  for action: read
ERROR - 2025-03-18 18:29:31 --> AsizeD: 1
ERROR - 2025-03-18 18:29:31 --> Access Check: 1 to module ID: 16 for action: read
ERROR - 2025-03-18 18:29:31 --> permission: 7
ERROR - 2025-03-18 18:29:31 --> Access Not denied for role ID: 1 to module ID: 16 for action: read
ERROR - 2025-03-18 18:29:31 --> Access denied for role ID: 1
ERROR - 2025-03-18 18:29:31 --> Access:  to module ID:  for action: read
ERROR - 2025-03-18 18:29:31 --> AsizeD: 1
ERROR - 2025-03-18 18:29:31 --> Access Check: 1 to module ID: 16 for action: read
ERROR - 2025-03-18 18:29:31 --> permission: 7
ERROR - 2025-03-18 18:29:31 --> Access Not denied for role ID: 1 to module ID: 16 for action: read
ERROR - 2025-03-18 18:29:35 --> Access denied for role ID: 1
ERROR - 2025-03-18 18:29:35 --> Access:  to module ID:  for action: create
ERROR - 2025-03-18 18:29:35 --> AsizeD: 1
ERROR - 2025-03-18 18:29:35 --> Access Check: 1 to module ID: 16 for action: create
ERROR - 2025-03-18 18:29:35 --> permission: 7
ERROR - 2025-03-18 18:29:35 --> Access Not denied for role ID: 1 to module ID: 16 for action: create
ERROR - 2025-03-18 18:29:41 --> Access denied for role ID: 1
ERROR - 2025-03-18 18:29:41 --> Access:  to module ID:  for action: read
ERROR - 2025-03-18 18:29:41 --> AsizeD: 1
ERROR - 2025-03-18 18:29:41 --> Access Check: 1 to module ID: 16 for action: read
ERROR - 2025-03-18 18:29:41 --> permission: 7
ERROR - 2025-03-18 18:29:41 --> Access Not denied for role ID: 1 to module ID: 16 for action: read
ERROR - 2025-03-18 18:29:41 --> Access denied for role ID: 1
ERROR - 2025-03-18 18:29:41 --> Access:  to module ID:  for action: update
ERROR - 2025-03-18 18:29:41 --> AsizeD: 1
ERROR - 2025-03-18 18:29:41 --> Access Check: 1 to module ID: 16 for action: update
ERROR - 2025-03-18 18:29:41 --> permission: 7
ERROR - 2025-03-18 18:29:41 --> Access Not denied for role ID: 1 to module ID: 16 for action: update
ERROR - 2025-03-18 18:29:41 --> Access denied for role ID: 1
ERROR - 2025-03-18 18:29:41 --> Access:  to module ID:  for action: update
ERROR - 2025-03-18 18:29:41 --> AsizeD: 1
ERROR - 2025-03-18 18:29:41 --> Access Check: 1 to module ID: 16 for action: update
ERROR - 2025-03-18 18:29:41 --> permission: 7
ERROR - 2025-03-18 18:29:41 --> Access Not denied for role ID: 1 to module ID: 16 for action: update
ERROR - 2025-03-18 18:29:42 --> Access denied for role ID: 1
ERROR - 2025-03-18 18:29:42 --> Access:  to module ID:  for action: read
ERROR - 2025-03-18 18:29:42 --> AsizeD: 1
ERROR - 2025-03-18 18:29:42 --> Access Check: 1 to module ID: 16 for action: read
ERROR - 2025-03-18 18:29:42 --> permission: 7
ERROR - 2025-03-18 18:29:42 --> Access Not denied for role ID: 1 to module ID: 16 for action: read
ERROR - 2025-03-18 18:29:44 --> Access denied for role ID: 1
ERROR - 2025-03-18 18:29:44 --> Access:  to module ID:  for action: create
ERROR - 2025-03-18 18:29:44 --> AsizeD: 1
ERROR - 2025-03-18 18:29:44 --> Access Check: 1 to module ID: 16 for action: create
ERROR - 2025-03-18 18:29:44 --> permission: 7
ERROR - 2025-03-18 18:29:44 --> Access Not denied for role ID: 1 to module ID: 16 for action: create
ERROR - 2025-03-18 18:30:39 --> Access denied for role ID: 1
ERROR - 2025-03-18 18:30:39 --> Access:  to module ID:  for action: read
ERROR - 2025-03-18 18:30:39 --> AsizeD: 1
ERROR - 2025-03-18 18:30:39 --> Access Check: 1 to module ID: 16 for action: read
ERROR - 2025-03-18 18:30:39 --> permission: 7
ERROR - 2025-03-18 18:30:39 --> Access Not denied for role ID: 1 to module ID: 16 for action: read
ERROR - 2025-03-18 18:30:39 --> Access denied for role ID: 1
ERROR - 2025-03-18 18:30:39 --> Access:  to module ID:  for action: update
ERROR - 2025-03-18 18:30:39 --> AsizeD: 1
ERROR - 2025-03-18 18:30:39 --> Access Check: 1 to module ID: 16 for action: update
ERROR - 2025-03-18 18:30:39 --> permission: 7
ERROR - 2025-03-18 18:30:39 --> Access Not denied for role ID: 1 to module ID: 16 for action: update
ERROR - 2025-03-18 18:30:39 --> Access denied for role ID: 1
ERROR - 2025-03-18 18:30:39 --> Access:  to module ID:  for action: update
ERROR - 2025-03-18 18:30:39 --> AsizeD: 1
ERROR - 2025-03-18 18:30:39 --> Access Check: 1 to module ID: 16 for action: update
ERROR - 2025-03-18 18:30:39 --> permission: 7
ERROR - 2025-03-18 18:30:39 --> Access Not denied for role ID: 1 to module ID: 16 for action: update
ERROR - 2025-03-18 18:30:40 --> Access denied for role ID: 1
ERROR - 2025-03-18 18:30:40 --> Access:  to module ID:  for action: read
ERROR - 2025-03-18 18:30:40 --> AsizeD: 1
ERROR - 2025-03-18 18:30:40 --> Access Check: 1 to module ID: 16 for action: read
ERROR - 2025-03-18 18:30:40 --> permission: 7
ERROR - 2025-03-18 18:30:40 --> Access Not denied for role ID: 1 to module ID: 16 for action: read
ERROR - 2025-03-18 18:31:26 --> Access denied for role ID: 1
ERROR - 2025-03-18 18:31:26 --> Access:  to module ID:  for action: create
ERROR - 2025-03-18 18:31:26 --> AsizeD: 1
ERROR - 2025-03-18 18:31:26 --> Access Check: 1 to module ID: 16 for action: create
ERROR - 2025-03-18 18:31:26 --> permission: 7
ERROR - 2025-03-18 18:31:26 --> Access Not denied for role ID: 1 to module ID: 16 for action: create
ERROR - 2025-03-18 18:31:37 --> Access denied for role ID: 1
ERROR - 2025-03-18 18:31:37 --> Access:  to module ID:  for action: read
ERROR - 2025-03-18 18:31:37 --> AsizeD: 1
ERROR - 2025-03-18 18:31:37 --> Access Check: 1 to module ID: 16 for action: read
ERROR - 2025-03-18 18:31:37 --> permission: 7
ERROR - 2025-03-18 18:31:37 --> Access Not denied for role ID: 1 to module ID: 16 for action: read
ERROR - 2025-03-18 18:31:37 --> Access denied for role ID: 1
ERROR - 2025-03-18 18:31:37 --> Access:  to module ID:  for action: read
ERROR - 2025-03-18 18:31:37 --> AsizeD: 1
ERROR - 2025-03-18 18:31:37 --> Access Check: 1 to module ID: 16 for action: read
ERROR - 2025-03-18 18:31:37 --> permission: 7
ERROR - 2025-03-18 18:31:37 --> Access Not denied for role ID: 1 to module ID: 16 for action: read
ERROR - 2025-03-18 18:31:40 --> Access denied for role ID: 1
ERROR - 2025-03-18 18:31:40 --> Access:  to module ID:  for action: read
ERROR - 2025-03-18 18:31:40 --> AsizeD: 1
ERROR - 2025-03-18 18:31:40 --> Access Check: 1 to module ID: 16 for action: read
ERROR - 2025-03-18 18:31:40 --> permission: 7
ERROR - 2025-03-18 18:31:40 --> Access Not denied for role ID: 1 to module ID: 16 for action: read
ERROR - 2025-03-18 18:31:55 --> Access denied for role ID: 1
ERROR - 2025-03-18 18:31:55 --> Access:  to module ID:  for action: create
ERROR - 2025-03-18 18:31:55 --> AsizeD: 1
ERROR - 2025-03-18 18:31:55 --> Access Check: 1 to module ID: 16 for action: create
ERROR - 2025-03-18 18:31:55 --> permission: 7
ERROR - 2025-03-18 18:31:55 --> Access Not denied for role ID: 1 to module ID: 16 for action: create
ERROR - 2025-03-18 18:32:07 --> Access denied for role ID: 1
ERROR - 2025-03-18 18:32:07 --> Access:  to module ID:  for action: read
ERROR - 2025-03-18 18:32:07 --> AsizeD: 1
ERROR - 2025-03-18 18:32:07 --> Access Check: 1 to module ID: 16 for action: read
ERROR - 2025-03-18 18:32:07 --> permission: 7
ERROR - 2025-03-18 18:32:07 --> Access Not denied for role ID: 1 to module ID: 16 for action: read
ERROR - 2025-03-18 18:32:07 --> Access denied for role ID: 1
ERROR - 2025-03-18 18:32:07 --> Access:  to module ID:  for action: update
ERROR - 2025-03-18 18:32:07 --> AsizeD: 1
ERROR - 2025-03-18 18:32:07 --> Access Check: 1 to module ID: 16 for action: update
ERROR - 2025-03-18 18:32:07 --> permission: 7
ERROR - 2025-03-18 18:32:07 --> Access Not denied for role ID: 1 to module ID: 16 for action: update
ERROR - 2025-03-18 18:32:07 --> Access denied for role ID: 1
ERROR - 2025-03-18 18:32:07 --> Access:  to module ID:  for action: update
ERROR - 2025-03-18 18:32:07 --> AsizeD: 1
ERROR - 2025-03-18 18:32:07 --> Access Check: 1 to module ID: 16 for action: update
ERROR - 2025-03-18 18:32:07 --> permission: 7
ERROR - 2025-03-18 18:32:07 --> Access Not denied for role ID: 1 to module ID: 16 for action: update
ERROR - 2025-03-18 18:32:07 --> Access denied for role ID: 1
ERROR - 2025-03-18 18:32:07 --> Access:  to module ID:  for action: read
ERROR - 2025-03-18 18:32:07 --> AsizeD: 1
ERROR - 2025-03-18 18:32:07 --> Access Check: 1 to module ID: 16 for action: read
ERROR - 2025-03-18 18:32:07 --> permission: 7
ERROR - 2025-03-18 18:32:07 --> Access Not denied for role ID: 1 to module ID: 16 for action: read
ERROR - 2025-03-18 18:32:10 --> Access denied for role ID: 1
ERROR - 2025-03-18 18:32:10 --> Access:  to module ID:  for action: create
ERROR - 2025-03-18 18:32:10 --> AsizeD: 1
ERROR - 2025-03-18 18:32:10 --> Access Check: 1 to module ID: 16 for action: create
ERROR - 2025-03-18 18:32:10 --> permission: 7
ERROR - 2025-03-18 18:32:10 --> Access Not denied for role ID: 1 to module ID: 16 for action: create
ERROR - 2025-03-18 18:32:18 --> Access denied for role ID: 1
ERROR - 2025-03-18 18:32:18 --> Access:  to module ID:  for action: read
ERROR - 2025-03-18 18:32:18 --> AsizeD: 1
ERROR - 2025-03-18 18:32:18 --> Access Check: 1 to module ID: 16 for action: read
ERROR - 2025-03-18 18:32:18 --> permission: 7
ERROR - 2025-03-18 18:32:18 --> Access Not denied for role ID: 1 to module ID: 16 for action: read
ERROR - 2025-03-18 18:32:18 --> Access denied for role ID: 1
ERROR - 2025-03-18 18:32:18 --> Access:  to module ID:  for action: read
ERROR - 2025-03-18 18:32:18 --> AsizeD: 1
ERROR - 2025-03-18 18:32:18 --> Access Check: 1 to module ID: 16 for action: read
ERROR - 2025-03-18 18:32:18 --> permission: 7
ERROR - 2025-03-18 18:32:18 --> Access Not denied for role ID: 1 to module ID: 16 for action: read
ERROR - 2025-03-18 18:32:20 --> Access denied for role ID: 1
ERROR - 2025-03-18 18:32:21 --> Access denied for role ID: 1
ERROR - 2025-03-18 18:32:21 --> Access:  to module ID:  for action: create
ERROR - 2025-03-18 18:32:21 --> AsizeD: 1
ERROR - 2025-03-18 18:32:21 --> Access Check: 1 to module ID: 15 for action: create
ERROR - 2025-03-18 18:32:21 --> permission: 7
ERROR - 2025-03-18 18:32:21 --> Access Not denied for role ID: 1 to module ID: 15 for action: create
ERROR - 2025-03-18 18:32:22 --> Access denied for role ID: 1
ERROR - 2025-03-18 18:32:22 --> Access:  to module ID:  for action: read
ERROR - 2025-03-18 18:32:22 --> AsizeD: 1
ERROR - 2025-03-18 18:32:22 --> Access Check: 1 to module ID: 16 for action: read
ERROR - 2025-03-18 18:32:22 --> permission: 7
ERROR - 2025-03-18 18:32:22 --> Access Not denied for role ID: 1 to module ID: 16 for action: read
ERROR - 2025-03-18 18:34:10 --> Access denied for role ID: 1
ERROR - 2025-03-18 18:34:10 --> Access:  to module ID:  for action: read
ERROR - 2025-03-18 18:34:10 --> AsizeD: 1
ERROR - 2025-03-18 18:34:10 --> Access Check: 1 to module ID: 16 for action: read
ERROR - 2025-03-18 18:34:10 --> permission: 7
ERROR - 2025-03-18 18:34:10 --> Access Not denied for role ID: 1 to module ID: 16 for action: read
ERROR - 2025-03-18 18:34:10 --> Access denied for role ID: 1
ERROR - 2025-03-18 18:34:10 --> Access:  to module ID:  for action: create
ERROR - 2025-03-18 18:34:10 --> AsizeD: 1
ERROR - 2025-03-18 18:34:10 --> Access Check: 1 to module ID: 16 for action: create
ERROR - 2025-03-18 18:34:10 --> permission: 7
ERROR - 2025-03-18 18:34:10 --> Access Not denied for role ID: 1 to module ID: 16 for action: create
ERROR - 2025-03-18 18:34:11 --> Access denied for role ID: 1
ERROR - 2025-03-18 18:34:11 --> Access:  to module ID:  for action: create
ERROR - 2025-03-18 18:34:11 --> AsizeD: 1
ERROR - 2025-03-18 18:34:11 --> Access Check: 1 to module ID: 15 for action: create
ERROR - 2025-03-18 18:34:11 --> permission: 7
ERROR - 2025-03-18 18:34:11 --> Access Not denied for role ID: 1 to module ID: 15 for action: create
ERROR - 2025-03-18 18:34:17 --> Access denied for role ID: 1
ERROR - 2025-03-18 18:34:19 --> Access denied for role ID: 1
ERROR - 2025-03-18 18:34:22 --> Access denied for role ID: 1
ERROR - 2025-03-18 18:34:24 --> Access denied for role ID: 1
ERROR - 2025-03-18 18:34:24 --> Access:  to module ID:  for action: create
ERROR - 2025-03-18 18:34:24 --> AsizeD: 1
ERROR - 2025-03-18 18:34:24 --> Access Check: 1 to module ID: 15 for action: create
ERROR - 2025-03-18 18:34:24 --> permission: 7
ERROR - 2025-03-18 18:34:24 --> Access Not denied for role ID: 1 to module ID: 15 for action: create
ERROR - 2025-03-18 18:34:32 --> Access denied for role ID: 1
ERROR - 2025-03-18 18:34:32 --> Access:  to module ID:  for action: create
ERROR - 2025-03-18 18:34:32 --> AsizeD: 1
ERROR - 2025-03-18 18:34:32 --> Access Check: 1 to module ID: 16 for action: create
ERROR - 2025-03-18 18:34:32 --> permission: 7
ERROR - 2025-03-18 18:34:32 --> Access Not denied for role ID: 1 to module ID: 16 for action: create
ERROR - 2025-03-18 18:34:37 --> Access denied for role ID: 1
ERROR - 2025-03-18 18:34:37 --> Access:  to module ID:  for action: read
ERROR - 2025-03-18 18:34:37 --> AsizeD: 1
ERROR - 2025-03-18 18:34:37 --> Access Check: 1 to module ID: 16 for action: read
ERROR - 2025-03-18 18:34:37 --> permission: 7
ERROR - 2025-03-18 18:34:37 --> Access Not denied for role ID: 1 to module ID: 16 for action: read
ERROR - 2025-03-18 18:34:37 --> Access denied for role ID: 1
ERROR - 2025-03-18 18:34:37 --> Access:  to module ID:  for action: read
ERROR - 2025-03-18 18:34:37 --> AsizeD: 1
ERROR - 2025-03-18 18:34:37 --> Access Check: 1 to module ID: 16 for action: read
ERROR - 2025-03-18 18:34:37 --> permission: 7
ERROR - 2025-03-18 18:34:37 --> Access Not denied for role ID: 1 to module ID: 16 for action: read
ERROR - 2025-03-18 18:34:38 --> Access denied for role ID: 1
ERROR - 2025-03-18 18:34:38 --> Access:  to module ID:  for action: create
ERROR - 2025-03-18 18:34:38 --> AsizeD: 1
ERROR - 2025-03-18 18:34:38 --> Access Check: 1 to module ID: 15 for action: create
ERROR - 2025-03-18 18:34:38 --> permission: 7
ERROR - 2025-03-18 18:34:38 --> Access Not denied for role ID: 1 to module ID: 15 for action: create
ERROR - 2025-03-18 18:37:50 --> Access denied for role ID: 1
ERROR - 2025-03-18 18:37:50 --> Access:  to module ID:  for action: create
ERROR - 2025-03-18 18:37:50 --> AsizeD: 1
ERROR - 2025-03-18 18:37:50 --> Access Check: 1 to module ID: 15 for action: create
ERROR - 2025-03-18 18:37:50 --> permission: 7
ERROR - 2025-03-18 18:37:50 --> Access Not denied for role ID: 1 to module ID: 15 for action: create
ERROR - 2025-03-18 18:42:36 --> Access denied for role ID: 1
ERROR - 2025-03-18 18:42:36 --> Access:  to module ID:  for action: read
ERROR - 2025-03-18 18:42:36 --> AsizeD: 1
ERROR - 2025-03-18 18:42:36 --> Access Check: 1 to module ID: 15 for action: read
ERROR - 2025-03-18 18:42:36 --> permission: 7
ERROR - 2025-03-18 18:42:36 --> Access Not denied for role ID: 1 to module ID: 15 for action: read
ERROR - 2025-03-18 18:42:46 --> Access denied for role ID: 1
ERROR - 2025-03-18 18:42:46 --> Access:  to module ID:  for action: read
ERROR - 2025-03-18 18:42:46 --> AsizeD: 1
ERROR - 2025-03-18 18:42:46 --> Access Check: 1 to module ID: 17 for action: read
ERROR - 2025-03-18 18:42:46 --> permission: 7
ERROR - 2025-03-18 18:42:46 --> Access Not denied for role ID: 1 to module ID: 17 for action: read
ERROR - 2025-03-18 18:42:47 --> Access denied for role ID: 1
ERROR - 2025-03-18 18:42:47 --> Access:  to module ID:  for action: read
ERROR - 2025-03-18 18:42:47 --> AsizeD: 1
ERROR - 2025-03-18 18:42:47 --> Access Check: 1 to module ID: 17 for action: read
ERROR - 2025-03-18 18:42:47 --> permission: 7
ERROR - 2025-03-18 18:42:47 --> Access Not denied for role ID: 1 to module ID: 17 for action: read
