CRITICAL - 2024-07-01 19:01:19 --> ErrorException: Undefined array key "transport_name"
[Method: GET, Route: add_new_courier_in]
in APPPATH\Views\transport_logs\courier_in.php on line 67.
 1 APPPATH\Views\transport_logs\courier_in.php(67): CodeIgniter\Debug\Exceptions->errorHandler(2, 'Undefined array key "transport_name"', 'C:\\sgr\\xampp\\htdocs\\RHT\\app\\Views\\transport_logs\\courier_in.php', 67)
 2 SYSTEMPATH\View\View.php(234): include('C:\\sgr\\xampp\\htdocs\\RHT\\app\\Views\\transport_logs\\courier_in.php')
 3 SYSTEMPATH\View\View.php(237): CodeIgniter\View\View->CodeIgniter\View\{closure}()
 4 SYSTEMPATH\Common.php(1171): CodeIgniter\View\View->render('transport_logs/courier_in', [], true)
 5 APPPATH\Controllers\TransportLogsController.php(24): view('transport_logs/courier_in', [...])
 6 SYSTEMPATH\CodeIgniter.php(933): App\Controllers\TransportLogsController->add_new_courier_in()
 7 SYSTEMPATH\CodeIgniter.php(509): CodeIgniter\CodeIgniter->runController(Object(App\Controllers\TransportLogsController))
 8 SYSTEMPATH\CodeIgniter.php(355): CodeIgniter\CodeIgniter->handleRequest(null, Object(Config\Cache), false)
 9 SYSTEMPATH\Boot.php(325): CodeIgniter\CodeIgniter->run()
10 SYSTEMPATH\Boot.php(67): CodeIgniter\Boot::runCodeIgniter(Object(CodeIgniter\CodeIgniter))
11 FCPATH\index.php(56): CodeIgniter\Boot::bootWeb(Object(Config\Paths))
CRITICAL - 2024-07-01 19:08:36 --> ErrorException: Undefined variable $transport
[Method: GET, Route: add_new_courier_in]
in APPPATH\Views\transport_logs\courier_in.php on line 30.
 1 APPPATH\Views\transport_logs\courier_in.php(30): CodeIgniter\Debug\Exceptions->errorHandler(2, 'Undefined variable $transport', 'C:\\sgr\\xampp\\htdocs\\RHT\\app\\Views\\transport_logs\\courier_in.php', 30)
 2 SYSTEMPATH\View\View.php(234): include('C:\\sgr\\xampp\\htdocs\\RHT\\app\\Views\\transport_logs\\courier_in.php')
 3 SYSTEMPATH\View\View.php(237): CodeIgniter\View\View->CodeIgniter\View\{closure}()
 4 SYSTEMPATH\Common.php(1171): CodeIgniter\View\View->render('transport_logs/courier_in', [], true)
 5 APPPATH\Controllers\TransportLogsController.php(27): view('transport_logs/courier_in', [...])
 6 SYSTEMPATH\CodeIgniter.php(933): App\Controllers\TransportLogsController->add_new_courier_in()
 7 SYSTEMPATH\CodeIgniter.php(509): CodeIgniter\CodeIgniter->runController(Object(App\Controllers\TransportLogsController))
 8 SYSTEMPATH\CodeIgniter.php(355): CodeIgniter\CodeIgniter->handleRequest(null, Object(Config\Cache), false)
 9 SYSTEMPATH\Boot.php(325): CodeIgniter\CodeIgniter->run()
10 SYSTEMPATH\Boot.php(67): CodeIgniter\Boot::runCodeIgniter(Object(CodeIgniter\CodeIgniter))
11 FCPATH\index.php(56): CodeIgniter\Boot::bootWeb(Object(Config\Paths))
