ERROR - 2024-10-14 05:21:43 --> Access denied for role ID: 1
ERROR - 2024-10-14 05:21:43 --> Access:  to module ID:  for action: read
ERROR - 2024-10-14 05:21:43 --> AsizeD: 1
ERROR - 2024-10-14 05:21:43 --> Access Check: 1 to module ID: 17 for action: read
ERROR - 2024-10-14 05:21:43 --> permission: 7
ERROR - 2024-10-14 05:21:43 --> Access Not denied for role ID: 1 to module ID: 17 for action: read
ERROR - 2024-10-14 05:21:50 --> Access denied for role ID: 1
ERROR - 2024-10-14 05:21:50 --> Access:  to module ID:  for action: read
ERROR - 2024-10-14 05:21:50 --> AsizeD: 1
ERROR - 2024-10-14 05:21:50 --> Access Check: 1 to module ID: 15 for action: read
ERROR - 2024-10-14 05:21:50 --> permission: 7
ERROR - 2024-10-14 05:21:50 --> Access Not denied for role ID: 1 to module ID: 15 for action: read
ERROR - 2024-10-14 05:21:58 --> Access denied for role ID: 1
ERROR - 2024-10-14 05:21:58 --> Access:  to module ID:  for action: create
ERROR - 2024-10-14 05:21:58 --> AsizeD: 1
ERROR - 2024-10-14 05:21:58 --> Access Check: 1 to module ID: 15 for action: create
ERROR - 2024-10-14 05:21:58 --> permission: 7
ERROR - 2024-10-14 05:21:58 --> Access Not denied for role ID: 1 to module ID: 15 for action: create
ERROR - 2024-10-14 05:22:00 --> Access denied for role ID: 1
ERROR - 2024-10-14 05:22:00 --> Access:  to module ID:  for action: create
ERROR - 2024-10-14 05:22:00 --> AsizeD: 1
ERROR - 2024-10-14 05:22:00 --> Access Check: 1 to module ID: 16 for action: create
ERROR - 2024-10-14 05:22:00 --> permission: 7
ERROR - 2024-10-14 05:22:00 --> Access Not denied for role ID: 1 to module ID: 16 for action: create
ERROR - 2024-10-14 05:22:11 --> Access denied for role ID: 1
ERROR - 2024-10-14 05:22:11 --> Access:  to module ID:  for action: read
ERROR - 2024-10-14 05:22:11 --> AsizeD: 1
ERROR - 2024-10-14 05:22:11 --> Access Check: 1 to module ID: 17 for action: read
ERROR - 2024-10-14 05:22:11 --> permission: 7
ERROR - 2024-10-14 05:22:11 --> Access Not denied for role ID: 1 to module ID: 17 for action: read
CRITICAL - 2024-10-14 05:25:20 --> CodeIgniter\View\Exceptions\ViewException: Invalid file: "transport_logs/list_courier_Out.php"
[Method: GET, Route: list_courier_out]
in SYSTEMPATH/Exceptions/FrameworkException.php on line 41.
 1 SYSTEMPATH/View/View.php(222): CodeIgniter\Exceptions\FrameworkException::forInvalidFile()
 2 SYSTEMPATH/Common.php(1171): CodeIgniter\View\View->render()
 3 APPPATH/Controllers/TransportLogsController.php(26): view()
 4 SYSTEMPATH/CodeIgniter.php(933): App\Controllers\TransportLogsController->list_courier_out()
 5 SYSTEMPATH/CodeIgniter.php(509): CodeIgniter\CodeIgniter->runController()
 6 SYSTEMPATH/CodeIgniter.php(355): CodeIgniter\CodeIgniter->handleRequest()
 7 SYSTEMPATH/Boot.php(325): CodeIgniter\CodeIgniter->run()
 8 SYSTEMPATH/Boot.php(67): CodeIgniter\Boot::runCodeIgniter()
 9 FCPATH/index.php(56): CodeIgniter\Boot::bootWeb()
ERROR - 2024-10-14 08:29:47 --> Access denied for role ID: 1
ERROR - 2024-10-14 08:29:47 --> Access:  to module ID:  for action: read
ERROR - 2024-10-14 08:29:47 --> AsizeD: 1
ERROR - 2024-10-14 08:29:47 --> Access Check: 1 to module ID: 17 for action: read
ERROR - 2024-10-14 08:29:47 --> permission: 7
ERROR - 2024-10-14 08:29:47 --> Access Not denied for role ID: 1 to module ID: 17 for action: read
CRITICAL - 2024-10-14 22:23:22 --> TypeError: CodeIgniter\Database\BaseBuilder::like(): Argument #2 ($match) must be of type string, null given, called in /home/rhtexin/domains/rhtex.in/public_html/dev/app/Models/AttendanceModel.php on line 89
[Method: GET, Route: search_by_date_employee_ajax]
in SYSTEMPATH/Database/BaseBuilder.php on line 995.
 1 APPPATH/Models/AttendanceModel.php(89): CodeIgniter\Database\BaseBuilder->like()
 2 APPPATH/Controllers/AttendanceController.php(116): App\Models\AttendanceModel->searchByDateEmployee()
 3 SYSTEMPATH/CodeIgniter.php(933): App\Controllers\AttendanceController->search_by_date_employee_ajax()
 4 SYSTEMPATH/CodeIgniter.php(509): CodeIgniter\CodeIgniter->runController()
 5 SYSTEMPATH/CodeIgniter.php(355): CodeIgniter\CodeIgniter->handleRequest()
 6 SYSTEMPATH/Boot.php(325): CodeIgniter\CodeIgniter->run()
 7 SYSTEMPATH/Boot.php(67): CodeIgniter\Boot::runCodeIgniter()
 8 FCPATH/index.php(56): CodeIgniter\Boot::bootWeb()
