ERROR - 2024-10-11 08:50:29 --> mysqli_sql_exception: Table 'rhtexin_testrht.users' doesn't exist in /home/rhtexin/domains/rhtex.in/public_html/dev/system/Database/MySQLi/Connection.php:310
Stack trace:
#0 /home/rhtexin/domains/rhtex.in/public_html/dev/system/Database/MySQLi/Connection.php(310): mysqli->query()
#1 /home/rhtexin/domains/rhtex.in/public_html/dev/system/Database/BaseConnection.php(732): CodeIgniter\Database\MySQLi\Connection->execute()
#2 /home/rhtexin/domains/rhtex.in/public_html/dev/system/Database/BaseConnection.php(646): CodeIgniter\Database\BaseConnection->simpleQuery()
#3 /home/rhtexin/domains/rhtex.in/public_html/dev/system/Database/BaseBuilder.php(1637): CodeIgniter\Database\BaseConnection->query()
#4 /home/rhtexin/domains/rhtex.in/public_html/dev/system/Model.php(330): CodeIgniter\Database\BaseBuilder->get()
#5 /home/rhtexin/domains/rhtex.in/public_html/dev/system/BaseModel.php(714): CodeIgniter\Model->doFirst()
#6 /home/rhtexin/domains/rhtex.in/public_html/dev/app/Controllers/SigninController.php(37): CodeIgniter\BaseModel->first()
#7 /home/rhtexin/domains/rhtex.in/public_html/dev/system/CodeIgniter.php(933): App\Controllers\SigninController->loginAuth()
#8 /home/rhtexin/domains/rhtex.in/public_html/dev/system/CodeIgniter.php(509): CodeIgniter\CodeIgniter->runController()
#9 /home/rhtexin/domains/rhtex.in/public_html/dev/system/CodeIgniter.php(355): CodeIgniter\CodeIgniter->handleRequest()
#10 /home/rhtexin/domains/rhtex.in/public_html/dev/system/Boot.php(325): CodeIgniter\CodeIgniter->run()
#11 /home/rhtexin/domains/rhtex.in/public_html/dev/system/Boot.php(67): CodeIgniter\Boot::runCodeIgniter()
#12 /home/rhtexin/domains/rhtex.in/public_html/dev/index.php(56): CodeIgniter\Boot::bootWeb()
#13 {main}
CRITICAL - 2024-10-11 08:50:29 --> CodeIgniter\Database\Exceptions\DatabaseException: Table 'rhtexin_testrht.users' doesn't exist
[Method: POST, Route: SigninController/loginAuth]
in SYSTEMPATH/Database/BaseConnection.php on line 686.
 1 SYSTEMPATH/Database/BaseBuilder.php(1637): CodeIgniter\Database\BaseConnection->query()
 2 SYSTEMPATH/Model.php(330): CodeIgniter\Database\BaseBuilder->get()
 3 SYSTEMPATH/BaseModel.php(714): CodeIgniter\Model->doFirst()
 4 APPPATH/Controllers/SigninController.php(37): CodeIgniter\BaseModel->first()
 5 SYSTEMPATH/CodeIgniter.php(933): App\Controllers\SigninController->loginAuth()
 6 SYSTEMPATH/CodeIgniter.php(509): CodeIgniter\CodeIgniter->runController()
 7 SYSTEMPATH/CodeIgniter.php(355): CodeIgniter\CodeIgniter->handleRequest()
 8 SYSTEMPATH/Boot.php(325): CodeIgniter\CodeIgniter->run()
 9 SYSTEMPATH/Boot.php(67): CodeIgniter\Boot::runCodeIgniter()
10 FCPATH/index.php(56): CodeIgniter\Boot::bootWeb()
CRITICAL - 2024-10-11 08:50:29 --> [Caused by] CodeIgniter\Database\Exceptions\DatabaseException: Table 'rhtexin_testrht.users' doesn't exist
in SYSTEMPATH/Database/MySQLi/Connection.php on line 315.
 1 SYSTEMPATH/Database/BaseConnection.php(732): CodeIgniter\Database\MySQLi\Connection->execute()
 2 SYSTEMPATH/Database/BaseConnection.php(646): CodeIgniter\Database\BaseConnection->simpleQuery()
 3 SYSTEMPATH/Database/BaseBuilder.php(1637): CodeIgniter\Database\BaseConnection->query()
 4 SYSTEMPATH/Model.php(330): CodeIgniter\Database\BaseBuilder->get()
 5 SYSTEMPATH/BaseModel.php(714): CodeIgniter\Model->doFirst()
 6 APPPATH/Controllers/SigninController.php(37): CodeIgniter\BaseModel->first()
 7 SYSTEMPATH/CodeIgniter.php(933): App\Controllers\SigninController->loginAuth()
 8 SYSTEMPATH/CodeIgniter.php(509): CodeIgniter\CodeIgniter->runController()
 9 SYSTEMPATH/CodeIgniter.php(355): CodeIgniter\CodeIgniter->handleRequest()
10 SYSTEMPATH/Boot.php(325): CodeIgniter\CodeIgniter->run()
11 SYSTEMPATH/Boot.php(67): CodeIgniter\Boot::runCodeIgniter()
12 FCPATH/index.php(56): CodeIgniter\Boot::bootWeb()
CRITICAL - 2024-10-11 08:50:29 --> [Caused by] mysqli_sql_exception: Table 'rhtexin_testrht.users' doesn't exist
in SYSTEMPATH/Database/MySQLi/Connection.php on line 310.
 1 SYSTEMPATH/Database/MySQLi/Connection.php(310): mysqli->query()
 2 SYSTEMPATH/Database/BaseConnection.php(732): CodeIgniter\Database\MySQLi\Connection->execute()
 3 SYSTEMPATH/Database/BaseConnection.php(646): CodeIgniter\Database\BaseConnection->simpleQuery()
 4 SYSTEMPATH/Database/BaseBuilder.php(1637): CodeIgniter\Database\BaseConnection->query()
 5 SYSTEMPATH/Model.php(330): CodeIgniter\Database\BaseBuilder->get()
 6 SYSTEMPATH/BaseModel.php(714): CodeIgniter\Model->doFirst()
 7 APPPATH/Controllers/SigninController.php(37): CodeIgniter\BaseModel->first()
 8 SYSTEMPATH/CodeIgniter.php(933): App\Controllers\SigninController->loginAuth()
 9 SYSTEMPATH/CodeIgniter.php(509): CodeIgniter\CodeIgniter->runController()
10 SYSTEMPATH/CodeIgniter.php(355): CodeIgniter\CodeIgniter->handleRequest()
11 SYSTEMPATH/Boot.php(325): CodeIgniter\CodeIgniter->run()
12 SYSTEMPATH/Boot.php(67): CodeIgniter\Boot::runCodeIgniter()
13 FCPATH/index.php(56): CodeIgniter\Boot::bootWeb()
ERROR - 2024-10-11 09:01:41 --> mysqli_sql_exception: Table 'rhtexin_testrht.users' doesn't exist in /home/rhtexin/domains/rhtex.in/public_html/dev/system/Database/MySQLi/Connection.php:310
Stack trace:
#0 /home/rhtexin/domains/rhtex.in/public_html/dev/system/Database/MySQLi/Connection.php(310): mysqli->query()
#1 /home/rhtexin/domains/rhtex.in/public_html/dev/system/Database/BaseConnection.php(732): CodeIgniter\Database\MySQLi\Connection->execute()
#2 /home/rhtexin/domains/rhtex.in/public_html/dev/system/Database/BaseConnection.php(646): CodeIgniter\Database\BaseConnection->simpleQuery()
#3 /home/rhtexin/domains/rhtex.in/public_html/dev/system/Database/BaseBuilder.php(1637): CodeIgniter\Database\BaseConnection->query()
#4 /home/rhtexin/domains/rhtex.in/public_html/dev/system/Model.php(330): CodeIgniter\Database\BaseBuilder->get()
#5 /home/rhtexin/domains/rhtex.in/public_html/dev/system/BaseModel.php(714): CodeIgniter\Model->doFirst()
#6 /home/rhtexin/domains/rhtex.in/public_html/dev/app/Controllers/SigninController.php(37): CodeIgniter\BaseModel->first()
#7 /home/rhtexin/domains/rhtex.in/public_html/dev/system/CodeIgniter.php(933): App\Controllers\SigninController->loginAuth()
#8 /home/rhtexin/domains/rhtex.in/public_html/dev/system/CodeIgniter.php(509): CodeIgniter\CodeIgniter->runController()
#9 /home/rhtexin/domains/rhtex.in/public_html/dev/system/CodeIgniter.php(355): CodeIgniter\CodeIgniter->handleRequest()
#10 /home/rhtexin/domains/rhtex.in/public_html/dev/system/Boot.php(325): CodeIgniter\CodeIgniter->run()
#11 /home/rhtexin/domains/rhtex.in/public_html/dev/system/Boot.php(67): CodeIgniter\Boot::runCodeIgniter()
#12 /home/rhtexin/domains/rhtex.in/public_html/dev/index.php(56): CodeIgniter\Boot::bootWeb()
#13 {main}
CRITICAL - 2024-10-11 09:01:41 --> CodeIgniter\Database\Exceptions\DatabaseException: Table 'rhtexin_testrht.users' doesn't exist
[Method: GET, Route: SigninController/loginAuth]
in SYSTEMPATH/Database/BaseConnection.php on line 686.
 1 SYSTEMPATH/Database/BaseBuilder.php(1637): CodeIgniter\Database\BaseConnection->query()
 2 SYSTEMPATH/Model.php(330): CodeIgniter\Database\BaseBuilder->get()
 3 SYSTEMPATH/BaseModel.php(714): CodeIgniter\Model->doFirst()
 4 APPPATH/Controllers/SigninController.php(37): CodeIgniter\BaseModel->first()
 5 SYSTEMPATH/CodeIgniter.php(933): App\Controllers\SigninController->loginAuth()
 6 SYSTEMPATH/CodeIgniter.php(509): CodeIgniter\CodeIgniter->runController()
 7 SYSTEMPATH/CodeIgniter.php(355): CodeIgniter\CodeIgniter->handleRequest()
 8 SYSTEMPATH/Boot.php(325): CodeIgniter\CodeIgniter->run()
 9 SYSTEMPATH/Boot.php(67): CodeIgniter\Boot::runCodeIgniter()
10 FCPATH/index.php(56): CodeIgniter\Boot::bootWeb()
CRITICAL - 2024-10-11 09:01:41 --> [Caused by] CodeIgniter\Database\Exceptions\DatabaseException: Table 'rhtexin_testrht.users' doesn't exist
in SYSTEMPATH/Database/MySQLi/Connection.php on line 315.
 1 SYSTEMPATH/Database/BaseConnection.php(732): CodeIgniter\Database\MySQLi\Connection->execute()
 2 SYSTEMPATH/Database/BaseConnection.php(646): CodeIgniter\Database\BaseConnection->simpleQuery()
 3 SYSTEMPATH/Database/BaseBuilder.php(1637): CodeIgniter\Database\BaseConnection->query()
 4 SYSTEMPATH/Model.php(330): CodeIgniter\Database\BaseBuilder->get()
 5 SYSTEMPATH/BaseModel.php(714): CodeIgniter\Model->doFirst()
 6 APPPATH/Controllers/SigninController.php(37): CodeIgniter\BaseModel->first()
 7 SYSTEMPATH/CodeIgniter.php(933): App\Controllers\SigninController->loginAuth()
 8 SYSTEMPATH/CodeIgniter.php(509): CodeIgniter\CodeIgniter->runController()
 9 SYSTEMPATH/CodeIgniter.php(355): CodeIgniter\CodeIgniter->handleRequest()
10 SYSTEMPATH/Boot.php(325): CodeIgniter\CodeIgniter->run()
11 SYSTEMPATH/Boot.php(67): CodeIgniter\Boot::runCodeIgniter()
12 FCPATH/index.php(56): CodeIgniter\Boot::bootWeb()
CRITICAL - 2024-10-11 09:01:41 --> [Caused by] mysqli_sql_exception: Table 'rhtexin_testrht.users' doesn't exist
in SYSTEMPATH/Database/MySQLi/Connection.php on line 310.
 1 SYSTEMPATH/Database/MySQLi/Connection.php(310): mysqli->query()
 2 SYSTEMPATH/Database/BaseConnection.php(732): CodeIgniter\Database\MySQLi\Connection->execute()
 3 SYSTEMPATH/Database/BaseConnection.php(646): CodeIgniter\Database\BaseConnection->simpleQuery()
 4 SYSTEMPATH/Database/BaseBuilder.php(1637): CodeIgniter\Database\BaseConnection->query()
 5 SYSTEMPATH/Model.php(330): CodeIgniter\Database\BaseBuilder->get()
 6 SYSTEMPATH/BaseModel.php(714): CodeIgniter\Model->doFirst()
 7 APPPATH/Controllers/SigninController.php(37): CodeIgniter\BaseModel->first()
 8 SYSTEMPATH/CodeIgniter.php(933): App\Controllers\SigninController->loginAuth()
 9 SYSTEMPATH/CodeIgniter.php(509): CodeIgniter\CodeIgniter->runController()
10 SYSTEMPATH/CodeIgniter.php(355): CodeIgniter\CodeIgniter->handleRequest()
11 SYSTEMPATH/Boot.php(325): CodeIgniter\CodeIgniter->run()
12 SYSTEMPATH/Boot.php(67): CodeIgniter\Boot::runCodeIgniter()
13 FCPATH/index.php(56): CodeIgniter\Boot::bootWeb()
CRITICAL - 2024-10-11 17:48:15 --> TypeError: CodeIgniter\Database\BaseBuilder::like(): Argument #2 ($match) must be of type string, null given, called in /home/rhtexin/domains/rhtex.in/public_html/dev/app/Models/AttendanceModel.php on line 89
[Method: GET, Route: search_by_date_employee_ajax]
in SYSTEMPATH/Database/BaseBuilder.php on line 995.
 1 APPPATH/Models/AttendanceModel.php(89): CodeIgniter\Database\BaseBuilder->like()
 2 APPPATH/Controllers/AttendanceController.php(116): App\Models\AttendanceModel->searchByDateEmployee()
 3 SYSTEMPATH/CodeIgniter.php(933): App\Controllers\AttendanceController->search_by_date_employee_ajax()
 4 SYSTEMPATH/CodeIgniter.php(509): CodeIgniter\CodeIgniter->runController()
 5 SYSTEMPATH/CodeIgniter.php(355): CodeIgniter\CodeIgniter->handleRequest()
 6 SYSTEMPATH/Boot.php(325): CodeIgniter\CodeIgniter->run()
 7 SYSTEMPATH/Boot.php(67): CodeIgniter\Boot::runCodeIgniter()
 8 FCPATH/index.php(56): CodeIgniter\Boot::bootWeb()
CRITICAL - 2024-10-11 17:48:19 --> TypeError: CodeIgniter\Database\BaseBuilder::like(): Argument #2 ($match) must be of type string, null given, called in /home/rhtexin/domains/rhtex.in/public_html/dev/app/Models/AttendanceModel.php on line 97
[Method: GET, Route: search_by_month_year_ajax]
in SYSTEMPATH/Database/BaseBuilder.php on line 995.
 1 APPPATH/Models/AttendanceModel.php(97): CodeIgniter\Database\BaseBuilder->like()
 2 APPPATH/Controllers/AttendanceController.php(131): App\Models\AttendanceModel->searchByMonthYear()
 3 SYSTEMPATH/CodeIgniter.php(933): App\Controllers\AttendanceController->search_by_month_year_ajax()
 4 SYSTEMPATH/CodeIgniter.php(509): CodeIgniter\CodeIgniter->runController()
 5 SYSTEMPATH/CodeIgniter.php(355): CodeIgniter\CodeIgniter->handleRequest()
 6 SYSTEMPATH/Boot.php(325): CodeIgniter\CodeIgniter->run()
 7 SYSTEMPATH/Boot.php(67): CodeIgniter\Boot::runCodeIgniter()
 8 FCPATH/index.php(56): CodeIgniter\Boot::bootWeb()
CRITICAL - 2024-10-11 18:22:51 --> TypeError: CodeIgniter\Database\BaseBuilder::like(): Argument #2 ($match) must be of type string, null given, called in /home/rhtexin/domains/rhtex.in/public_html/dev/app/Models/AttendanceModel.php on line 89
[Method: GET, Route: search_by_date_employee_ajax]
in SYSTEMPATH/Database/BaseBuilder.php on line 995.
 1 APPPATH/Models/AttendanceModel.php(89): CodeIgniter\Database\BaseBuilder->like()
 2 APPPATH/Controllers/AttendanceController.php(116): App\Models\AttendanceModel->searchByDateEmployee()
 3 SYSTEMPATH/CodeIgniter.php(933): App\Controllers\AttendanceController->search_by_date_employee_ajax()
 4 SYSTEMPATH/CodeIgniter.php(509): CodeIgniter\CodeIgniter->runController()
 5 SYSTEMPATH/CodeIgniter.php(355): CodeIgniter\CodeIgniter->handleRequest()
 6 SYSTEMPATH/Boot.php(325): CodeIgniter\CodeIgniter->run()
 7 SYSTEMPATH/Boot.php(67): CodeIgniter\Boot::runCodeIgniter()
 8 FCPATH/index.php(56): CodeIgniter\Boot::bootWeb()
CRITICAL - 2024-10-11 18:22:55 --> TypeError: CodeIgniter\Database\BaseBuilder::like(): Argument #2 ($match) must be of type string, null given, called in /home/rhtexin/domains/rhtex.in/public_html/dev/app/Models/AttendanceModel.php on line 97
[Method: GET, Route: search_by_month_year_ajax]
in SYSTEMPATH/Database/BaseBuilder.php on line 995.
 1 APPPATH/Models/AttendanceModel.php(97): CodeIgniter\Database\BaseBuilder->like()
 2 APPPATH/Controllers/AttendanceController.php(131): App\Models\AttendanceModel->searchByMonthYear()
 3 SYSTEMPATH/CodeIgniter.php(933): App\Controllers\AttendanceController->search_by_month_year_ajax()
 4 SYSTEMPATH/CodeIgniter.php(509): CodeIgniter\CodeIgniter->runController()
 5 SYSTEMPATH/CodeIgniter.php(355): CodeIgniter\CodeIgniter->handleRequest()
 6 SYSTEMPATH/Boot.php(325): CodeIgniter\CodeIgniter->run()
 7 SYSTEMPATH/Boot.php(67): CodeIgniter\Boot::runCodeIgniter()
 8 FCPATH/index.php(56): CodeIgniter\Boot::bootWeb()
