CRITICAL - 2024-11-15 17:56:55 --> ErrorException: Undefined variable $pageTitle
[Method: GET, Route: customers]
in APPPATH\Views\layouts\head.php on line 4.
 1 APPPATH\Views\layouts\head.php(4): CodeIgniter\Debug\Exceptions->errorHandler(2, 'Undefined variable $pageTitle', 'D:\\xampp\\htdocs\\RHT\\app\\Views\\layouts\\head.php', 4)
 2 APPPATH\Views\customers\index.php(1): include('D:\\xampp\\htdocs\\RHT\\app\\Views\\layouts\\head.php')
 3 SYSTEMPATH\View\View.php(234): include('D:\\xampp\\htdocs\\RHT\\app\\Views\\customers\\index.php')
 4 SYSTEMPATH\View\View.php(237): CodeIgniter\View\View->CodeIgniter\View\{closure}()
 5 SYSTEMPATH\Common.php(1171): CodeIgniter\View\View->render('/customers/index', [], true)
 6 APPPATH\Controllers\CustomerController.php(21): view('/customers/index', [...])
 7 SYSTEMPATH\CodeIgniter.php(933): App\Controllers\CustomerController->index()
 8 SYSTEMPATH\CodeIgniter.php(509): CodeIgniter\CodeIgniter->runController(Object(App\Controllers\CustomerController))
 9 SYSTEMPATH\CodeIgniter.php(355): CodeIgniter\CodeIgniter->handleRequest(null, Object(Config\Cache), false)
10 SYSTEMPATH\Boot.php(325): CodeIgniter\CodeIgniter->run()
11 SYSTEMPATH\Boot.php(67): CodeIgniter\Boot::runCodeIgniter(Object(CodeIgniter\CodeIgniter))
12 FCPATH\index.php(56): CodeIgniter\Boot::bootWeb(Object(Config\Paths))
CRITICAL - 2024-11-15 18:13:48 --> ErrorException: Undefined variable $pageTitle
[Method: GET, Route: customers/edit/1]
in APPPATH\Views\layouts\head.php on line 4.
 1 APPPATH\Views\layouts\head.php(4): CodeIgniter\Debug\Exceptions->errorHandler(2, 'Undefined variable $pageTitle', 'D:\\xampp\\htdocs\\RHT\\app\\Views\\layouts\\head.php', 4)
 2 APPPATH\Views\customers\edit.php(1): include('D:\\xampp\\htdocs\\RHT\\app\\Views\\layouts\\head.php')
 3 SYSTEMPATH\View\View.php(234): include('D:\\xampp\\htdocs\\RHT\\app\\Views\\customers\\edit.php')
 4 SYSTEMPATH\View\View.php(237): CodeIgniter\View\View->CodeIgniter\View\{closure}()
 5 SYSTEMPATH\Common.php(1171): CodeIgniter\View\View->render('customers/edit', [], true)
 6 APPPATH\Controllers\CustomerController.php(187): view('customers/edit', [...])
 7 SYSTEMPATH\CodeIgniter.php(933): App\Controllers\CustomerController->edit('1')
 8 SYSTEMPATH\CodeIgniter.php(509): CodeIgniter\CodeIgniter->runController(Object(App\Controllers\CustomerController))
 9 SYSTEMPATH\CodeIgniter.php(355): CodeIgniter\CodeIgniter->handleRequest(null, Object(Config\Cache), false)
10 SYSTEMPATH\Boot.php(325): CodeIgniter\CodeIgniter->run()
11 SYSTEMPATH\Boot.php(67): CodeIgniter\Boot::runCodeIgniter(Object(CodeIgniter\CodeIgniter))
12 FCPATH\index.php(56): CodeIgniter\Boot::bootWeb(Object(Config\Paths))
ERROR - 2024-11-15 18:37:18 --> mysqli_sql_exception: Table 'rht_base.state' doesn't exist in D:\xampp\htdocs\RHT\system\Database\MySQLi\Connection.php:310
Stack trace:
#0 D:\xampp\htdocs\RHT\system\Database\MySQLi\Connection.php(310): mysqli->query('SELECT state_na...', 0)
#1 D:\xampp\htdocs\RHT\system\Database\BaseConnection.php(732): CodeIgniter\Database\MySQLi\Connection->execute('SELECT state_na...')
#2 D:\xampp\htdocs\RHT\system\Database\BaseConnection.php(646): CodeIgniter\Database\BaseConnection->simpleQuery('SELECT state_na...')
#3 D:\xampp\htdocs\RHT\app\Helpers\state_helper.php(8): CodeIgniter\Database\BaseConnection->query('SELECT state_na...')
#4 D:\xampp\htdocs\RHT\app\Controllers\StateController.php(15): getStates()
#5 D:\xampp\htdocs\RHT\system\CodeIgniter.php(933): App\Controllers\StateController->fetchStates()
#6 D:\xampp\htdocs\RHT\system\CodeIgniter.php(509): CodeIgniter\CodeIgniter->runController(Object(App\Controllers\StateController))
#7 D:\xampp\htdocs\RHT\system\CodeIgniter.php(355): CodeIgniter\CodeIgniter->handleRequest(NULL, Object(Config\Cache), false)
#8 D:\xampp\htdocs\RHT\system\Boot.php(325): CodeIgniter\CodeIgniter->run()
#9 D:\xampp\htdocs\RHT\system\Boot.php(67): CodeIgniter\Boot::runCodeIgniter(Object(CodeIgniter\CodeIgniter))
#10 D:\xampp\htdocs\RHT\index.php(56): CodeIgniter\Boot::bootWeb(Object(Config\Paths))
#11 {main}
CRITICAL - 2024-11-15 18:37:19 --> CodeIgniter\Database\Exceptions\DatabaseException: Table 'rht_base.state' doesn't exist
[Method: POST, Route: getStates]
in SYSTEMPATH\Database\BaseConnection.php on line 686.
 1 APPPATH\Helpers\state_helper.php(8): CodeIgniter\Database\BaseConnection->query('SELECT state_name, state_code, gst_code FROM state')
 2 APPPATH\Controllers\StateController.php(15): getStates()
 3 SYSTEMPATH\CodeIgniter.php(933): App\Controllers\StateController->fetchStates()
 4 SYSTEMPATH\CodeIgniter.php(509): CodeIgniter\CodeIgniter->runController(Object(App\Controllers\StateController))
 5 SYSTEMPATH\CodeIgniter.php(355): CodeIgniter\CodeIgniter->handleRequest(null, Object(Config\Cache), false)
 6 SYSTEMPATH\Boot.php(325): CodeIgniter\CodeIgniter->run()
 7 SYSTEMPATH\Boot.php(67): CodeIgniter\Boot::runCodeIgniter(Object(CodeIgniter\CodeIgniter))
 8 FCPATH\index.php(56): CodeIgniter\Boot::bootWeb(Object(Config\Paths))
CRITICAL - 2024-11-15 18:37:19 --> [Caused by] CodeIgniter\Database\Exceptions\DatabaseException: Table 'rht_base.state' doesn't exist
in SYSTEMPATH\Database\MySQLi\Connection.php on line 315.
 1 SYSTEMPATH\Database\BaseConnection.php(732): CodeIgniter\Database\MySQLi\Connection->execute('SELECT state_name, state_code, gst_code FROM state')
 2 SYSTEMPATH\Database\BaseConnection.php(646): CodeIgniter\Database\BaseConnection->simpleQuery('SELECT state_name, state_code, gst_code FROM state')
 3 APPPATH\Helpers\state_helper.php(8): CodeIgniter\Database\BaseConnection->query('SELECT state_name, state_code, gst_code FROM state')
 4 APPPATH\Controllers\StateController.php(15): getStates()
 5 SYSTEMPATH\CodeIgniter.php(933): App\Controllers\StateController->fetchStates()
 6 SYSTEMPATH\CodeIgniter.php(509): CodeIgniter\CodeIgniter->runController(Object(App\Controllers\StateController))
 7 SYSTEMPATH\CodeIgniter.php(355): CodeIgniter\CodeIgniter->handleRequest(null, Object(Config\Cache), false)
 8 SYSTEMPATH\Boot.php(325): CodeIgniter\CodeIgniter->run()
 9 SYSTEMPATH\Boot.php(67): CodeIgniter\Boot::runCodeIgniter(Object(CodeIgniter\CodeIgniter))
10 FCPATH\index.php(56): CodeIgniter\Boot::bootWeb(Object(Config\Paths))
CRITICAL - 2024-11-15 18:37:19 --> [Caused by] mysqli_sql_exception: Table 'rht_base.state' doesn't exist
in SYSTEMPATH\Database\MySQLi\Connection.php on line 310.
 1 SYSTEMPATH\Database\MySQLi\Connection.php(310): mysqli->query('SELECT state_name, state_code, gst_code FROM state', 0)
 2 SYSTEMPATH\Database\BaseConnection.php(732): CodeIgniter\Database\MySQLi\Connection->execute('SELECT state_name, state_code, gst_code FROM state')
 3 SYSTEMPATH\Database\BaseConnection.php(646): CodeIgniter\Database\BaseConnection->simpleQuery('SELECT state_name, state_code, gst_code FROM state')
 4 APPPATH\Helpers\state_helper.php(8): CodeIgniter\Database\BaseConnection->query('SELECT state_name, state_code, gst_code FROM state')
 5 APPPATH\Controllers\StateController.php(15): getStates()
 6 SYSTEMPATH\CodeIgniter.php(933): App\Controllers\StateController->fetchStates()
 7 SYSTEMPATH\CodeIgniter.php(509): CodeIgniter\CodeIgniter->runController(Object(App\Controllers\StateController))
 8 SYSTEMPATH\CodeIgniter.php(355): CodeIgniter\CodeIgniter->handleRequest(null, Object(Config\Cache), false)
 9 SYSTEMPATH\Boot.php(325): CodeIgniter\CodeIgniter->run()
10 SYSTEMPATH\Boot.php(67): CodeIgniter\Boot::runCodeIgniter(Object(CodeIgniter\CodeIgniter))
11 FCPATH\index.php(56): CodeIgniter\Boot::bootWeb(Object(Config\Paths))
ERROR - 2024-11-15 18:37:22 --> mysqli_sql_exception: Table 'rht_base.state' doesn't exist in D:\xampp\htdocs\RHT\system\Database\MySQLi\Connection.php:310
Stack trace:
#0 D:\xampp\htdocs\RHT\system\Database\MySQLi\Connection.php(310): mysqli->query('SELECT state_na...', 0)
#1 D:\xampp\htdocs\RHT\system\Database\BaseConnection.php(732): CodeIgniter\Database\MySQLi\Connection->execute('SELECT state_na...')
#2 D:\xampp\htdocs\RHT\system\Database\BaseConnection.php(646): CodeIgniter\Database\BaseConnection->simpleQuery('SELECT state_na...')
#3 D:\xampp\htdocs\RHT\app\Helpers\state_helper.php(8): CodeIgniter\Database\BaseConnection->query('SELECT state_na...')
#4 D:\xampp\htdocs\RHT\app\Controllers\StateController.php(15): getStates()
#5 D:\xampp\htdocs\RHT\system\CodeIgniter.php(933): App\Controllers\StateController->fetchStates()
#6 D:\xampp\htdocs\RHT\system\CodeIgniter.php(509): CodeIgniter\CodeIgniter->runController(Object(App\Controllers\StateController))
#7 D:\xampp\htdocs\RHT\system\CodeIgniter.php(355): CodeIgniter\CodeIgniter->handleRequest(NULL, Object(Config\Cache), false)
#8 D:\xampp\htdocs\RHT\system\Boot.php(325): CodeIgniter\CodeIgniter->run()
#9 D:\xampp\htdocs\RHT\system\Boot.php(67): CodeIgniter\Boot::runCodeIgniter(Object(CodeIgniter\CodeIgniter))
#10 D:\xampp\htdocs\RHT\index.php(56): CodeIgniter\Boot::bootWeb(Object(Config\Paths))
#11 {main}
CRITICAL - 2024-11-15 18:37:23 --> CodeIgniter\Database\Exceptions\DatabaseException: Table 'rht_base.state' doesn't exist
[Method: POST, Route: getStates]
in SYSTEMPATH\Database\BaseConnection.php on line 686.
 1 APPPATH\Helpers\state_helper.php(8): CodeIgniter\Database\BaseConnection->query('SELECT state_name, state_code, gst_code FROM state')
 2 APPPATH\Controllers\StateController.php(15): getStates()
 3 SYSTEMPATH\CodeIgniter.php(933): App\Controllers\StateController->fetchStates()
 4 SYSTEMPATH\CodeIgniter.php(509): CodeIgniter\CodeIgniter->runController(Object(App\Controllers\StateController))
 5 SYSTEMPATH\CodeIgniter.php(355): CodeIgniter\CodeIgniter->handleRequest(null, Object(Config\Cache), false)
 6 SYSTEMPATH\Boot.php(325): CodeIgniter\CodeIgniter->run()
 7 SYSTEMPATH\Boot.php(67): CodeIgniter\Boot::runCodeIgniter(Object(CodeIgniter\CodeIgniter))
 8 FCPATH\index.php(56): CodeIgniter\Boot::bootWeb(Object(Config\Paths))
CRITICAL - 2024-11-15 18:37:23 --> [Caused by] CodeIgniter\Database\Exceptions\DatabaseException: Table 'rht_base.state' doesn't exist
in SYSTEMPATH\Database\MySQLi\Connection.php on line 315.
 1 SYSTEMPATH\Database\BaseConnection.php(732): CodeIgniter\Database\MySQLi\Connection->execute('SELECT state_name, state_code, gst_code FROM state')
 2 SYSTEMPATH\Database\BaseConnection.php(646): CodeIgniter\Database\BaseConnection->simpleQuery('SELECT state_name, state_code, gst_code FROM state')
 3 APPPATH\Helpers\state_helper.php(8): CodeIgniter\Database\BaseConnection->query('SELECT state_name, state_code, gst_code FROM state')
 4 APPPATH\Controllers\StateController.php(15): getStates()
 5 SYSTEMPATH\CodeIgniter.php(933): App\Controllers\StateController->fetchStates()
 6 SYSTEMPATH\CodeIgniter.php(509): CodeIgniter\CodeIgniter->runController(Object(App\Controllers\StateController))
 7 SYSTEMPATH\CodeIgniter.php(355): CodeIgniter\CodeIgniter->handleRequest(null, Object(Config\Cache), false)
 8 SYSTEMPATH\Boot.php(325): CodeIgniter\CodeIgniter->run()
 9 SYSTEMPATH\Boot.php(67): CodeIgniter\Boot::runCodeIgniter(Object(CodeIgniter\CodeIgniter))
10 FCPATH\index.php(56): CodeIgniter\Boot::bootWeb(Object(Config\Paths))
CRITICAL - 2024-11-15 18:37:23 --> [Caused by] mysqli_sql_exception: Table 'rht_base.state' doesn't exist
in SYSTEMPATH\Database\MySQLi\Connection.php on line 310.
 1 SYSTEMPATH\Database\MySQLi\Connection.php(310): mysqli->query('SELECT state_name, state_code, gst_code FROM state', 0)
 2 SYSTEMPATH\Database\BaseConnection.php(732): CodeIgniter\Database\MySQLi\Connection->execute('SELECT state_name, state_code, gst_code FROM state')
 3 SYSTEMPATH\Database\BaseConnection.php(646): CodeIgniter\Database\BaseConnection->simpleQuery('SELECT state_name, state_code, gst_code FROM state')
 4 APPPATH\Helpers\state_helper.php(8): CodeIgniter\Database\BaseConnection->query('SELECT state_name, state_code, gst_code FROM state')
 5 APPPATH\Controllers\StateController.php(15): getStates()
 6 SYSTEMPATH\CodeIgniter.php(933): App\Controllers\StateController->fetchStates()
 7 SYSTEMPATH\CodeIgniter.php(509): CodeIgniter\CodeIgniter->runController(Object(App\Controllers\StateController))
 8 SYSTEMPATH\CodeIgniter.php(355): CodeIgniter\CodeIgniter->handleRequest(null, Object(Config\Cache), false)
 9 SYSTEMPATH\Boot.php(325): CodeIgniter\CodeIgniter->run()
10 SYSTEMPATH\Boot.php(67): CodeIgniter\Boot::runCodeIgniter(Object(CodeIgniter\CodeIgniter))
11 FCPATH\index.php(56): CodeIgniter\Boot::bootWeb(Object(Config\Paths))
ERROR - 2024-11-15 18:40:45 --> mysqli_sql_exception: Table 'rht_base.state' doesn't exist in D:\xampp\htdocs\RHT\system\Database\MySQLi\Connection.php:310
Stack trace:
#0 D:\xampp\htdocs\RHT\system\Database\MySQLi\Connection.php(310): mysqli->query('SELECT state_na...', 0)
#1 D:\xampp\htdocs\RHT\system\Database\BaseConnection.php(732): CodeIgniter\Database\MySQLi\Connection->execute('SELECT state_na...')
#2 D:\xampp\htdocs\RHT\system\Database\BaseConnection.php(646): CodeIgniter\Database\BaseConnection->simpleQuery('SELECT state_na...')
#3 D:\xampp\htdocs\RHT\app\Helpers\state_helper.php(8): CodeIgniter\Database\BaseConnection->query('SELECT state_na...')
#4 D:\xampp\htdocs\RHT\app\Controllers\StateController.php(15): getStates()
#5 D:\xampp\htdocs\RHT\system\CodeIgniter.php(933): App\Controllers\StateController->fetchStates()
#6 D:\xampp\htdocs\RHT\system\CodeIgniter.php(509): CodeIgniter\CodeIgniter->runController(Object(App\Controllers\StateController))
#7 D:\xampp\htdocs\RHT\system\CodeIgniter.php(355): CodeIgniter\CodeIgniter->handleRequest(NULL, Object(Config\Cache), false)
#8 D:\xampp\htdocs\RHT\system\Boot.php(325): CodeIgniter\CodeIgniter->run()
#9 D:\xampp\htdocs\RHT\system\Boot.php(67): CodeIgniter\Boot::runCodeIgniter(Object(CodeIgniter\CodeIgniter))
#10 D:\xampp\htdocs\RHT\index.php(56): CodeIgniter\Boot::bootWeb(Object(Config\Paths))
#11 {main}
CRITICAL - 2024-11-15 18:40:46 --> CodeIgniter\Database\Exceptions\DatabaseException: Table 'rht_base.state' doesn't exist
[Method: POST, Route: getStates]
in SYSTEMPATH\Database\BaseConnection.php on line 686.
 1 APPPATH\Helpers\state_helper.php(8): CodeIgniter\Database\BaseConnection->query('SELECT state_name, state_code, gst_code FROM state')
 2 APPPATH\Controllers\StateController.php(15): getStates()
 3 SYSTEMPATH\CodeIgniter.php(933): App\Controllers\StateController->fetchStates()
 4 SYSTEMPATH\CodeIgniter.php(509): CodeIgniter\CodeIgniter->runController(Object(App\Controllers\StateController))
 5 SYSTEMPATH\CodeIgniter.php(355): CodeIgniter\CodeIgniter->handleRequest(null, Object(Config\Cache), false)
 6 SYSTEMPATH\Boot.php(325): CodeIgniter\CodeIgniter->run()
 7 SYSTEMPATH\Boot.php(67): CodeIgniter\Boot::runCodeIgniter(Object(CodeIgniter\CodeIgniter))
 8 FCPATH\index.php(56): CodeIgniter\Boot::bootWeb(Object(Config\Paths))
CRITICAL - 2024-11-15 18:40:46 --> [Caused by] CodeIgniter\Database\Exceptions\DatabaseException: Table 'rht_base.state' doesn't exist
in SYSTEMPATH\Database\MySQLi\Connection.php on line 315.
 1 SYSTEMPATH\Database\BaseConnection.php(732): CodeIgniter\Database\MySQLi\Connection->execute('SELECT state_name, state_code, gst_code FROM state')
 2 SYSTEMPATH\Database\BaseConnection.php(646): CodeIgniter\Database\BaseConnection->simpleQuery('SELECT state_name, state_code, gst_code FROM state')
 3 APPPATH\Helpers\state_helper.php(8): CodeIgniter\Database\BaseConnection->query('SELECT state_name, state_code, gst_code FROM state')
 4 APPPATH\Controllers\StateController.php(15): getStates()
 5 SYSTEMPATH\CodeIgniter.php(933): App\Controllers\StateController->fetchStates()
 6 SYSTEMPATH\CodeIgniter.php(509): CodeIgniter\CodeIgniter->runController(Object(App\Controllers\StateController))
 7 SYSTEMPATH\CodeIgniter.php(355): CodeIgniter\CodeIgniter->handleRequest(null, Object(Config\Cache), false)
 8 SYSTEMPATH\Boot.php(325): CodeIgniter\CodeIgniter->run()
 9 SYSTEMPATH\Boot.php(67): CodeIgniter\Boot::runCodeIgniter(Object(CodeIgniter\CodeIgniter))
10 FCPATH\index.php(56): CodeIgniter\Boot::bootWeb(Object(Config\Paths))
CRITICAL - 2024-11-15 18:40:46 --> [Caused by] mysqli_sql_exception: Table 'rht_base.state' doesn't exist
in SYSTEMPATH\Database\MySQLi\Connection.php on line 310.
 1 SYSTEMPATH\Database\MySQLi\Connection.php(310): mysqli->query('SELECT state_name, state_code, gst_code FROM state', 0)
 2 SYSTEMPATH\Database\BaseConnection.php(732): CodeIgniter\Database\MySQLi\Connection->execute('SELECT state_name, state_code, gst_code FROM state')
 3 SYSTEMPATH\Database\BaseConnection.php(646): CodeIgniter\Database\BaseConnection->simpleQuery('SELECT state_name, state_code, gst_code FROM state')
 4 APPPATH\Helpers\state_helper.php(8): CodeIgniter\Database\BaseConnection->query('SELECT state_name, state_code, gst_code FROM state')
 5 APPPATH\Controllers\StateController.php(15): getStates()
 6 SYSTEMPATH\CodeIgniter.php(933): App\Controllers\StateController->fetchStates()
 7 SYSTEMPATH\CodeIgniter.php(509): CodeIgniter\CodeIgniter->runController(Object(App\Controllers\StateController))
 8 SYSTEMPATH\CodeIgniter.php(355): CodeIgniter\CodeIgniter->handleRequest(null, Object(Config\Cache), false)
 9 SYSTEMPATH\Boot.php(325): CodeIgniter\CodeIgniter->run()
10 SYSTEMPATH\Boot.php(67): CodeIgniter\Boot::runCodeIgniter(Object(CodeIgniter\CodeIgniter))
11 FCPATH\index.php(56): CodeIgniter\Boot::bootWeb(Object(Config\Paths))
CRITICAL - 2024-11-15 18:49:10 --> ErrorException: Undefined variable $pageTitle
[Method: GET, Route: customers/create]
in APPPATH\Views\layouts\head.php on line 4.
 1 APPPATH\Views\layouts\head.php(4): CodeIgniter\Debug\Exceptions->errorHandler(2, 'Undefined variable $pageTitle', 'D:\\xampp\\htdocs\\RHT\\app\\Views\\layouts\\head.php', 4)
 2 APPPATH\Views\customers\create.php(1): include('D:\\xampp\\htdocs\\RHT\\app\\Views\\layouts\\head.php')
 3 SYSTEMPATH\View\View.php(234): include('D:\\xampp\\htdocs\\RHT\\app\\Views\\customers\\create.php')
 4 SYSTEMPATH\View\View.php(237): CodeIgniter\View\View->CodeIgniter\View\{closure}()
 5 SYSTEMPATH\Common.php(1171): CodeIgniter\View\View->render('customers/create', [], true)
 6 APPPATH\Controllers\CustomerController.php(105): view('customers/create')
 7 SYSTEMPATH\CodeIgniter.php(933): App\Controllers\CustomerController->create()
 8 SYSTEMPATH\CodeIgniter.php(509): CodeIgniter\CodeIgniter->runController(Object(App\Controllers\CustomerController))
 9 SYSTEMPATH\CodeIgniter.php(355): CodeIgniter\CodeIgniter->handleRequest(null, Object(Config\Cache), false)
10 SYSTEMPATH\Boot.php(325): CodeIgniter\CodeIgniter->run()
11 SYSTEMPATH\Boot.php(67): CodeIgniter\Boot::runCodeIgniter(Object(CodeIgniter\CodeIgniter))
12 FCPATH\index.php(56): CodeIgniter\Boot::bootWeb(Object(Config\Paths))
ERROR - 2024-11-15 18:50:15 --> mysqli_sql_exception: Table 'rht_base.state' doesn't exist in D:\xampp\htdocs\RHT\system\Database\MySQLi\Connection.php:310
Stack trace:
#0 D:\xampp\htdocs\RHT\system\Database\MySQLi\Connection.php(310): mysqli->query('SELECT state_na...', 0)
#1 D:\xampp\htdocs\RHT\system\Database\BaseConnection.php(732): CodeIgniter\Database\MySQLi\Connection->execute('SELECT state_na...')
#2 D:\xampp\htdocs\RHT\system\Database\BaseConnection.php(646): CodeIgniter\Database\BaseConnection->simpleQuery('SELECT state_na...')
#3 D:\xampp\htdocs\RHT\app\Helpers\state_helper.php(8): CodeIgniter\Database\BaseConnection->query('SELECT state_na...')
#4 D:\xampp\htdocs\RHT\app\Controllers\StateController.php(15): getStates()
#5 D:\xampp\htdocs\RHT\system\CodeIgniter.php(933): App\Controllers\StateController->fetchStates()
#6 D:\xampp\htdocs\RHT\system\CodeIgniter.php(509): CodeIgniter\CodeIgniter->runController(Object(App\Controllers\StateController))
#7 D:\xampp\htdocs\RHT\system\CodeIgniter.php(355): CodeIgniter\CodeIgniter->handleRequest(NULL, Object(Config\Cache), false)
#8 D:\xampp\htdocs\RHT\system\Boot.php(325): CodeIgniter\CodeIgniter->run()
#9 D:\xampp\htdocs\RHT\system\Boot.php(67): CodeIgniter\Boot::runCodeIgniter(Object(CodeIgniter\CodeIgniter))
#10 D:\xampp\htdocs\RHT\index.php(56): CodeIgniter\Boot::bootWeb(Object(Config\Paths))
#11 {main}
CRITICAL - 2024-11-15 18:50:15 --> CodeIgniter\Database\Exceptions\DatabaseException: Table 'rht_base.state' doesn't exist
[Method: POST, Route: getStates]
in SYSTEMPATH\Database\BaseConnection.php on line 686.
 1 APPPATH\Helpers\state_helper.php(8): CodeIgniter\Database\BaseConnection->query('SELECT state_name, state_code, gst_code FROM state')
 2 APPPATH\Controllers\StateController.php(15): getStates()
 3 SYSTEMPATH\CodeIgniter.php(933): App\Controllers\StateController->fetchStates()
 4 SYSTEMPATH\CodeIgniter.php(509): CodeIgniter\CodeIgniter->runController(Object(App\Controllers\StateController))
 5 SYSTEMPATH\CodeIgniter.php(355): CodeIgniter\CodeIgniter->handleRequest(null, Object(Config\Cache), false)
 6 SYSTEMPATH\Boot.php(325): CodeIgniter\CodeIgniter->run()
 7 SYSTEMPATH\Boot.php(67): CodeIgniter\Boot::runCodeIgniter(Object(CodeIgniter\CodeIgniter))
 8 FCPATH\index.php(56): CodeIgniter\Boot::bootWeb(Object(Config\Paths))
CRITICAL - 2024-11-15 18:50:15 --> [Caused by] CodeIgniter\Database\Exceptions\DatabaseException: Table 'rht_base.state' doesn't exist
in SYSTEMPATH\Database\MySQLi\Connection.php on line 315.
 1 SYSTEMPATH\Database\BaseConnection.php(732): CodeIgniter\Database\MySQLi\Connection->execute('SELECT state_name, state_code, gst_code FROM state')
 2 SYSTEMPATH\Database\BaseConnection.php(646): CodeIgniter\Database\BaseConnection->simpleQuery('SELECT state_name, state_code, gst_code FROM state')
 3 APPPATH\Helpers\state_helper.php(8): CodeIgniter\Database\BaseConnection->query('SELECT state_name, state_code, gst_code FROM state')
 4 APPPATH\Controllers\StateController.php(15): getStates()
 5 SYSTEMPATH\CodeIgniter.php(933): App\Controllers\StateController->fetchStates()
 6 SYSTEMPATH\CodeIgniter.php(509): CodeIgniter\CodeIgniter->runController(Object(App\Controllers\StateController))
 7 SYSTEMPATH\CodeIgniter.php(355): CodeIgniter\CodeIgniter->handleRequest(null, Object(Config\Cache), false)
 8 SYSTEMPATH\Boot.php(325): CodeIgniter\CodeIgniter->run()
 9 SYSTEMPATH\Boot.php(67): CodeIgniter\Boot::runCodeIgniter(Object(CodeIgniter\CodeIgniter))
10 FCPATH\index.php(56): CodeIgniter\Boot::bootWeb(Object(Config\Paths))
CRITICAL - 2024-11-15 18:50:15 --> [Caused by] mysqli_sql_exception: Table 'rht_base.state' doesn't exist
in SYSTEMPATH\Database\MySQLi\Connection.php on line 310.
 1 SYSTEMPATH\Database\MySQLi\Connection.php(310): mysqli->query('SELECT state_name, state_code, gst_code FROM state', 0)
 2 SYSTEMPATH\Database\BaseConnection.php(732): CodeIgniter\Database\MySQLi\Connection->execute('SELECT state_name, state_code, gst_code FROM state')
 3 SYSTEMPATH\Database\BaseConnection.php(646): CodeIgniter\Database\BaseConnection->simpleQuery('SELECT state_name, state_code, gst_code FROM state')
 4 APPPATH\Helpers\state_helper.php(8): CodeIgniter\Database\BaseConnection->query('SELECT state_name, state_code, gst_code FROM state')
 5 APPPATH\Controllers\StateController.php(15): getStates()
 6 SYSTEMPATH\CodeIgniter.php(933): App\Controllers\StateController->fetchStates()
 7 SYSTEMPATH\CodeIgniter.php(509): CodeIgniter\CodeIgniter->runController(Object(App\Controllers\StateController))
 8 SYSTEMPATH\CodeIgniter.php(355): CodeIgniter\CodeIgniter->handleRequest(null, Object(Config\Cache), false)
 9 SYSTEMPATH\Boot.php(325): CodeIgniter\CodeIgniter->run()
10 SYSTEMPATH\Boot.php(67): CodeIgniter\Boot::runCodeIgniter(Object(CodeIgniter\CodeIgniter))
11 FCPATH\index.php(56): CodeIgniter\Boot::bootWeb(Object(Config\Paths))
ERROR - 2024-11-15 18:50:18 --> mysqli_sql_exception: Table 'rht_base.state' doesn't exist in D:\xampp\htdocs\RHT\system\Database\MySQLi\Connection.php:310
Stack trace:
#0 D:\xampp\htdocs\RHT\system\Database\MySQLi\Connection.php(310): mysqli->query('SELECT state_na...', 0)
#1 D:\xampp\htdocs\RHT\system\Database\BaseConnection.php(732): CodeIgniter\Database\MySQLi\Connection->execute('SELECT state_na...')
#2 D:\xampp\htdocs\RHT\system\Database\BaseConnection.php(646): CodeIgniter\Database\BaseConnection->simpleQuery('SELECT state_na...')
#3 D:\xampp\htdocs\RHT\app\Helpers\state_helper.php(8): CodeIgniter\Database\BaseConnection->query('SELECT state_na...')
#4 D:\xampp\htdocs\RHT\app\Controllers\StateController.php(15): getStates()
#5 D:\xampp\htdocs\RHT\system\CodeIgniter.php(933): App\Controllers\StateController->fetchStates()
#6 D:\xampp\htdocs\RHT\system\CodeIgniter.php(509): CodeIgniter\CodeIgniter->runController(Object(App\Controllers\StateController))
#7 D:\xampp\htdocs\RHT\system\CodeIgniter.php(355): CodeIgniter\CodeIgniter->handleRequest(NULL, Object(Config\Cache), false)
#8 D:\xampp\htdocs\RHT\system\Boot.php(325): CodeIgniter\CodeIgniter->run()
#9 D:\xampp\htdocs\RHT\system\Boot.php(67): CodeIgniter\Boot::runCodeIgniter(Object(CodeIgniter\CodeIgniter))
#10 D:\xampp\htdocs\RHT\index.php(56): CodeIgniter\Boot::bootWeb(Object(Config\Paths))
#11 {main}
CRITICAL - 2024-11-15 18:50:18 --> CodeIgniter\Database\Exceptions\DatabaseException: Table 'rht_base.state' doesn't exist
[Method: POST, Route: getStates]
in SYSTEMPATH\Database\BaseConnection.php on line 686.
 1 APPPATH\Helpers\state_helper.php(8): CodeIgniter\Database\BaseConnection->query('SELECT state_name, state_code, gst_code FROM state')
 2 APPPATH\Controllers\StateController.php(15): getStates()
 3 SYSTEMPATH\CodeIgniter.php(933): App\Controllers\StateController->fetchStates()
 4 SYSTEMPATH\CodeIgniter.php(509): CodeIgniter\CodeIgniter->runController(Object(App\Controllers\StateController))
 5 SYSTEMPATH\CodeIgniter.php(355): CodeIgniter\CodeIgniter->handleRequest(null, Object(Config\Cache), false)
 6 SYSTEMPATH\Boot.php(325): CodeIgniter\CodeIgniter->run()
 7 SYSTEMPATH\Boot.php(67): CodeIgniter\Boot::runCodeIgniter(Object(CodeIgniter\CodeIgniter))
 8 FCPATH\index.php(56): CodeIgniter\Boot::bootWeb(Object(Config\Paths))
CRITICAL - 2024-11-15 18:50:18 --> [Caused by] CodeIgniter\Database\Exceptions\DatabaseException: Table 'rht_base.state' doesn't exist
in SYSTEMPATH\Database\MySQLi\Connection.php on line 315.
 1 SYSTEMPATH\Database\BaseConnection.php(732): CodeIgniter\Database\MySQLi\Connection->execute('SELECT state_name, state_code, gst_code FROM state')
 2 SYSTEMPATH\Database\BaseConnection.php(646): CodeIgniter\Database\BaseConnection->simpleQuery('SELECT state_name, state_code, gst_code FROM state')
 3 APPPATH\Helpers\state_helper.php(8): CodeIgniter\Database\BaseConnection->query('SELECT state_name, state_code, gst_code FROM state')
 4 APPPATH\Controllers\StateController.php(15): getStates()
 5 SYSTEMPATH\CodeIgniter.php(933): App\Controllers\StateController->fetchStates()
 6 SYSTEMPATH\CodeIgniter.php(509): CodeIgniter\CodeIgniter->runController(Object(App\Controllers\StateController))
 7 SYSTEMPATH\CodeIgniter.php(355): CodeIgniter\CodeIgniter->handleRequest(null, Object(Config\Cache), false)
 8 SYSTEMPATH\Boot.php(325): CodeIgniter\CodeIgniter->run()
 9 SYSTEMPATH\Boot.php(67): CodeIgniter\Boot::runCodeIgniter(Object(CodeIgniter\CodeIgniter))
10 FCPATH\index.php(56): CodeIgniter\Boot::bootWeb(Object(Config\Paths))
CRITICAL - 2024-11-15 18:50:18 --> [Caused by] mysqli_sql_exception: Table 'rht_base.state' doesn't exist
in SYSTEMPATH\Database\MySQLi\Connection.php on line 310.
 1 SYSTEMPATH\Database\MySQLi\Connection.php(310): mysqli->query('SELECT state_name, state_code, gst_code FROM state', 0)
 2 SYSTEMPATH\Database\BaseConnection.php(732): CodeIgniter\Database\MySQLi\Connection->execute('SELECT state_name, state_code, gst_code FROM state')
 3 SYSTEMPATH\Database\BaseConnection.php(646): CodeIgniter\Database\BaseConnection->simpleQuery('SELECT state_name, state_code, gst_code FROM state')
 4 APPPATH\Helpers\state_helper.php(8): CodeIgniter\Database\BaseConnection->query('SELECT state_name, state_code, gst_code FROM state')
 5 APPPATH\Controllers\StateController.php(15): getStates()
 6 SYSTEMPATH\CodeIgniter.php(933): App\Controllers\StateController->fetchStates()
 7 SYSTEMPATH\CodeIgniter.php(509): CodeIgniter\CodeIgniter->runController(Object(App\Controllers\StateController))
 8 SYSTEMPATH\CodeIgniter.php(355): CodeIgniter\CodeIgniter->handleRequest(null, Object(Config\Cache), false)
 9 SYSTEMPATH\Boot.php(325): CodeIgniter\CodeIgniter->run()
10 SYSTEMPATH\Boot.php(67): CodeIgniter\Boot::runCodeIgniter(Object(CodeIgniter\CodeIgniter))
11 FCPATH\index.php(56): CodeIgniter\Boot::bootWeb(Object(Config\Paths))
ERROR - 2024-11-15 18:51:49 --> Access denied for role ID: 1
ERROR - 2024-11-15 18:51:49 --> Access:  to module ID:  for action: read
ERROR - 2024-11-15 18:51:49 --> AsizeD: 1
ERROR - 2024-11-15 18:51:49 --> Access Check: 1 to module ID: 15 for action: read
ERROR - 2024-11-15 18:51:49 --> permission: 7
ERROR - 2024-11-15 18:51:49 --> Access Not denied for role ID: 1 to module ID: 15 for action: read
CRITICAL - 2024-11-15 18:58:51 --> ErrorException: Undefined array key "city"
[Method: GET, Route: customers]
in APPPATH\Views\customers\list.php on line 25.
 1 APPPATH\Views\customers\list.php(25): CodeIgniter\Debug\Exceptions->errorHandler(2, 'Undefined array key "city"', 'D:\\xampp\\htdocs\\RHT\\app\\Views\\customers\\list.php', 25)
 2 SYSTEMPATH\View\View.php(234): include('D:\\xampp\\htdocs\\RHT\\app\\Views\\customers\\list.php')
 3 SYSTEMPATH\View\View.php(237): CodeIgniter\View\View->CodeIgniter\View\{closure}()
 4 SYSTEMPATH\Common.php(1171): CodeIgniter\View\View->render('/customers/list', [], true)
 5 APPPATH\Controllers\CustomerController.php(21): view('/customers/list', [...])
 6 SYSTEMPATH\CodeIgniter.php(933): App\Controllers\CustomerController->index()
 7 SYSTEMPATH\CodeIgniter.php(509): CodeIgniter\CodeIgniter->runController(Object(App\Controllers\CustomerController))
 8 SYSTEMPATH\CodeIgniter.php(355): CodeIgniter\CodeIgniter->handleRequest(null, Object(Config\Cache), false)
 9 SYSTEMPATH\Boot.php(325): CodeIgniter\CodeIgniter->run()
10 SYSTEMPATH\Boot.php(67): CodeIgniter\Boot::runCodeIgniter(Object(CodeIgniter\CodeIgniter))
11 FCPATH\index.php(56): CodeIgniter\Boot::bootWeb(Object(Config\Paths))
ERROR - 2024-11-15 19:04:47 --> Access denied for role ID: 1
ERROR - 2024-11-15 19:04:47 --> Access:  to module ID:  for action: read
ERROR - 2024-11-15 19:04:47 --> AsizeD: 1
ERROR - 2024-11-15 19:04:47 --> Access Check: 1 to module ID: 17 for action: read
ERROR - 2024-11-15 19:04:47 --> permission: 7
ERROR - 2024-11-15 19:04:47 --> Access Not denied for role ID: 1 to module ID: 17 for action: read
ERROR - 2024-11-15 19:04:51 --> Access denied for role ID: 1
ERROR - 2024-11-15 19:04:51 --> Access:  to module ID:  for action: read
ERROR - 2024-11-15 19:04:51 --> AsizeD: 1
ERROR - 2024-11-15 19:04:51 --> Access Check: 1 to module ID: 15 for action: read
ERROR - 2024-11-15 19:04:51 --> permission: 7
ERROR - 2024-11-15 19:04:51 --> Access Not denied for role ID: 1 to module ID: 15 for action: read
