CRITICAL - 2024-07-05 17:29:41 --> ErrorException: Array to string conversion
[Method: POST, Route: permissions/fetchPermissions]
in APPPATH\Views\permissions\index.php on line 8.
 1 APPPATH\Views\permissions\index.php(8): CodeIgniter\Debug\Exceptions->errorHandler(2, 'Array to string conversion', 'C:\\sgr\\xampp\\htdocs\\RHT\\app\\Views\\permissions\\index.php', 8)
 2 SYSTEMPATH\View\View.php(234): include('C:\\sgr\\xampp\\htdocs\\RHT\\app\\Views\\permissions\\index.php')
 3 SYSTEMPATH\View\View.php(237): CodeIgniter\View\View->CodeIgniter\View\{closure}()
 4 SYSTEMPATH\Common.php(1171): CodeIgniter\View\View->render('permissions/index', [], true)
 5 APPPATH\Controllers\PermissionsController.php(57): view('permissions/index', [...])
 6 SYSTEMPATH\CodeIgniter.php(933): App\Controllers\PermissionsController->fetchPermissions()
 7 SYSTEMPATH\CodeIgniter.php(509): CodeIgniter\CodeIgniter->runController(Object(App\Controllers\PermissionsController))
 8 SYSTEMPATH\CodeIgniter.php(355): CodeIgniter\CodeIgniter->handleRequest(null, Object(Config\Cache), false)
 9 SYSTEMPATH\Boot.php(325): CodeIgniter\CodeIgniter->run()
10 SYSTEMPATH\Boot.php(67): CodeIgniter\Boot::runCodeIgniter(Object(CodeIgniter\CodeIgniter))
11 FCPATH\index.php(56): CodeIgniter\Boot::bootWeb(Object(Config\Paths))
CRITICAL - 2024-07-05 17:31:16 --> ErrorException: Array to string conversion
[Method: POST, Route: permissions/fetchPermissions]
in APPPATH\Views\permissions\index.php on line 10.
 1 APPPATH\Views\permissions\index.php(10): CodeIgniter\Debug\Exceptions->errorHandler(2, 'Array to string conversion', 'C:\\sgr\\xampp\\htdocs\\RHT\\app\\Views\\permissions\\index.php', 10)
 2 SYSTEMPATH\View\View.php(234): include('C:\\sgr\\xampp\\htdocs\\RHT\\app\\Views\\permissions\\index.php')
 3 SYSTEMPATH\View\View.php(237): CodeIgniter\View\View->CodeIgniter\View\{closure}()
 4 SYSTEMPATH\Common.php(1171): CodeIgniter\View\View->render('permissions/index', [], true)
 5 APPPATH\Controllers\PermissionsController.php(57): view('permissions/index', [...])
 6 SYSTEMPATH\CodeIgniter.php(933): App\Controllers\PermissionsController->fetchPermissions()
 7 SYSTEMPATH\CodeIgniter.php(509): CodeIgniter\CodeIgniter->runController(Object(App\Controllers\PermissionsController))
 8 SYSTEMPATH\CodeIgniter.php(355): CodeIgniter\CodeIgniter->handleRequest(null, Object(Config\Cache), false)
 9 SYSTEMPATH\Boot.php(325): CodeIgniter\CodeIgniter->run()
10 SYSTEMPATH\Boot.php(67): CodeIgniter\Boot::runCodeIgniter(Object(CodeIgniter\CodeIgniter))
11 FCPATH\index.php(56): CodeIgniter\Boot::bootWeb(Object(Config\Paths))
