ERROR - 2024-11-13 15:33:40 --> Access denied for role ID: 1
ERROR - 2024-11-13 15:33:40 --> Access:  to module ID:  for action: read
ERROR - 2024-11-13 15:33:40 --> AsizeD: 1
ERROR - 2024-11-13 15:33:40 --> Access Check: 1 to module ID: 16 for action: read
ERROR - 2024-11-13 15:33:40 --> permission: 7
ERROR - 2024-11-13 15:33:40 --> Access Not denied for role ID: 1 to module ID: 16 for action: read
CRITICAL - 2024-11-13 15:33:40 --> ErrorException: Undefined variable $searchMonth
[Method: GET, Route: view_attendance]
in APPPATH\Views\employees\view_attendance.php on line 129.
 1 APPPATH\Views\employees\view_attendance.php(129): CodeIgniter\Debug\Exceptions->errorHandler(2, 'Undefined variable $searchMonth', 'D:\\xampp\\htdocs\\RHT\\app\\Views\\employees\\view_attendance.php', 129)
 2 SYSTEMPATH\View\View.php(234): include('D:\\xampp\\htdocs\\RHT\\app\\Views\\employees\\view_attendance.php')
 3 SYSTEMPATH\View\View.php(237): CodeIgniter\View\View->CodeIgniter\View\{closure}()
 4 SYSTEMPATH\Common.php(1171): CodeIgniter\View\View->render('employees/view_attendance', [], true)
 5 APPPATH\Controllers\AttendanceController.php(50): view('employees/view_attendance', [...])
 6 SYSTEMPATH\CodeIgniter.php(933): App\Controllers\AttendanceController->view_attendance()
 7 SYSTEMPATH\CodeIgniter.php(509): CodeIgniter\CodeIgniter->runController(Object(App\Controllers\AttendanceController))
 8 SYSTEMPATH\CodeIgniter.php(355): CodeIgniter\CodeIgniter->handleRequest(null, Object(Config\Cache), false)
 9 SYSTEMPATH\Boot.php(325): CodeIgniter\CodeIgniter->run()
10 SYSTEMPATH\Boot.php(67): CodeIgniter\Boot::runCodeIgniter(Object(CodeIgniter\CodeIgniter))
11 FCPATH\index.php(56): CodeIgniter\Boot::bootWeb(Object(Config\Paths))
ERROR - 2024-11-13 15:35:03 --> Access denied for role ID: 1
ERROR - 2024-11-13 15:35:03 --> Access:  to module ID:  for action: read
ERROR - 2024-11-13 15:35:03 --> AsizeD: 1
ERROR - 2024-11-13 15:35:03 --> Access Check: 1 to module ID: 16 for action: read
ERROR - 2024-11-13 15:35:03 --> permission: 7
ERROR - 2024-11-13 15:35:03 --> Access Not denied for role ID: 1 to module ID: 16 for action: read
ERROR - 2024-11-13 15:36:37 --> Access denied for role ID: 1
ERROR - 2024-11-13 15:36:37 --> Access:  to module ID:  for action: read
ERROR - 2024-11-13 15:36:37 --> AsizeD: 1
ERROR - 2024-11-13 15:36:37 --> Access Check: 1 to module ID: 16 for action: read
ERROR - 2024-11-13 15:36:37 --> permission: 7
ERROR - 2024-11-13 15:36:37 --> Access Not denied for role ID: 1 to module ID: 16 for action: read
ERROR - 2024-11-13 15:39:30 --> Access denied for role ID: 1
ERROR - 2024-11-13 15:39:30 --> Access:  to module ID:  for action: read
ERROR - 2024-11-13 15:39:30 --> AsizeD: 1
ERROR - 2024-11-13 15:39:30 --> Access Check: 1 to module ID: 16 for action: read
ERROR - 2024-11-13 15:39:30 --> permission: 7
ERROR - 2024-11-13 15:39:30 --> Access Not denied for role ID: 1 to module ID: 16 for action: read
ERROR - 2024-11-13 15:41:00 --> Access denied for role ID: 1
ERROR - 2024-11-13 15:41:00 --> Access:  to module ID:  for action: read
ERROR - 2024-11-13 15:41:00 --> AsizeD: 1
ERROR - 2024-11-13 15:41:00 --> Access Check: 1 to module ID: 16 for action: read
ERROR - 2024-11-13 15:41:00 --> permission: 7
ERROR - 2024-11-13 15:41:00 --> Access Not denied for role ID: 1 to module ID: 16 for action: read
ERROR - 2024-11-13 15:42:58 --> Access denied for role ID: 1
ERROR - 2024-11-13 15:42:58 --> Access:  to module ID:  for action: read
ERROR - 2024-11-13 15:42:58 --> AsizeD: 1
ERROR - 2024-11-13 15:42:58 --> Access Check: 1 to module ID: 16 for action: read
ERROR - 2024-11-13 15:42:58 --> permission: 7
ERROR - 2024-11-13 15:42:58 --> Access Not denied for role ID: 1 to module ID: 16 for action: read
ERROR - 2024-11-13 15:44:03 --> Access denied for role ID: 1
ERROR - 2024-11-13 15:44:03 --> Access:  to module ID:  for action: read
ERROR - 2024-11-13 15:44:03 --> AsizeD: 1
ERROR - 2024-11-13 15:44:03 --> Access Check: 1 to module ID: 16 for action: read
ERROR - 2024-11-13 15:44:03 --> permission: 7
ERROR - 2024-11-13 15:44:03 --> Access Not denied for role ID: 1 to module ID: 16 for action: read
ERROR - 2024-11-13 15:44:45 --> Access denied for role ID: 1
ERROR - 2024-11-13 15:44:45 --> Access:  to module ID:  for action: read
ERROR - 2024-11-13 15:44:45 --> AsizeD: 1
ERROR - 2024-11-13 15:44:45 --> Access Check: 1 to module ID: 16 for action: read
ERROR - 2024-11-13 15:44:45 --> permission: 7
ERROR - 2024-11-13 15:44:45 --> Access Not denied for role ID: 1 to module ID: 16 for action: read
ERROR - 2024-11-13 15:45:47 --> Access denied for role ID: 1
ERROR - 2024-11-13 15:45:47 --> Access:  to module ID:  for action: read
ERROR - 2024-11-13 15:45:47 --> AsizeD: 1
ERROR - 2024-11-13 15:45:47 --> Access Check: 1 to module ID: 16 for action: read
ERROR - 2024-11-13 15:45:47 --> permission: 7
ERROR - 2024-11-13 15:45:47 --> Access Not denied for role ID: 1 to module ID: 16 for action: read
ERROR - 2024-11-13 15:47:29 --> Access denied for role ID: 1
ERROR - 2024-11-13 15:47:29 --> Access:  to module ID:  for action: read
ERROR - 2024-11-13 15:47:29 --> AsizeD: 1
ERROR - 2024-11-13 15:47:29 --> Access Check: 1 to module ID: 16 for action: read
ERROR - 2024-11-13 15:47:29 --> permission: 7
ERROR - 2024-11-13 15:47:29 --> Access Not denied for role ID: 1 to module ID: 16 for action: read
ERROR - 2024-11-13 15:47:40 --> Access denied for role ID: 1
ERROR - 2024-11-13 15:47:40 --> Access:  to module ID:  for action: read
ERROR - 2024-11-13 15:47:40 --> AsizeD: 1
ERROR - 2024-11-13 15:47:40 --> Access Check: 1 to module ID: 16 for action: read
ERROR - 2024-11-13 15:47:40 --> permission: 7
ERROR - 2024-11-13 15:47:40 --> Access Not denied for role ID: 1 to module ID: 16 for action: read
ERROR - 2024-11-13 15:48:16 --> Access denied for role ID: 1
ERROR - 2024-11-13 15:48:16 --> Access:  to module ID:  for action: read
ERROR - 2024-11-13 15:48:16 --> AsizeD: 1
ERROR - 2024-11-13 15:48:16 --> Access Check: 1 to module ID: 16 for action: read
ERROR - 2024-11-13 15:48:16 --> permission: 7
ERROR - 2024-11-13 15:48:16 --> Access Not denied for role ID: 1 to module ID: 16 for action: read
ERROR - 2024-11-13 15:48:48 --> Access denied for role ID: 1
ERROR - 2024-11-13 15:48:48 --> Access:  to module ID:  for action: read
ERROR - 2024-11-13 15:48:48 --> AsizeD: 1
ERROR - 2024-11-13 15:48:48 --> Access Check: 1 to module ID: 16 for action: read
ERROR - 2024-11-13 15:48:48 --> permission: 7
ERROR - 2024-11-13 15:48:48 --> Access Not denied for role ID: 1 to module ID: 16 for action: read
ERROR - 2024-11-13 15:50:12 --> Access denied for role ID: 1
ERROR - 2024-11-13 15:50:12 --> Access:  to module ID:  for action: read
ERROR - 2024-11-13 15:50:12 --> AsizeD: 1
ERROR - 2024-11-13 15:50:12 --> Access Check: 1 to module ID: 16 for action: read
ERROR - 2024-11-13 15:50:12 --> permission: 7
ERROR - 2024-11-13 15:50:12 --> Access Not denied for role ID: 1 to module ID: 16 for action: read
ERROR - 2024-11-13 15:52:08 --> Access denied for role ID: 1
ERROR - 2024-11-13 15:52:08 --> Access:  to module ID:  for action: read
ERROR - 2024-11-13 15:52:08 --> AsizeD: 1
ERROR - 2024-11-13 15:52:08 --> Access Check: 1 to module ID: 16 for action: read
ERROR - 2024-11-13 15:52:08 --> permission: 7
ERROR - 2024-11-13 15:52:08 --> Access Not denied for role ID: 1 to module ID: 16 for action: read
ERROR - 2024-11-13 16:10:54 --> Access denied for role ID: 1
ERROR - 2024-11-13 16:10:54 --> Access:  to module ID:  for action: create
ERROR - 2024-11-13 16:10:54 --> AsizeD: 1
ERROR - 2024-11-13 16:10:54 --> Access Check: 1 to module ID: 16 for action: create
ERROR - 2024-11-13 16:10:54 --> permission: 7
ERROR - 2024-11-13 16:10:54 --> Access Not denied for role ID: 1 to module ID: 16 for action: create
ERROR - 2024-11-13 16:11:36 --> Access denied for role ID: 1
ERROR - 2024-11-13 16:11:36 --> Access:  to module ID:  for action: create
ERROR - 2024-11-13 16:11:36 --> AsizeD: 1
ERROR - 2024-11-13 16:11:36 --> Access Check: 1 to module ID: 16 for action: create
ERROR - 2024-11-13 16:11:36 --> permission: 7
ERROR - 2024-11-13 16:11:36 --> Access Not denied for role ID: 1 to module ID: 16 for action: create
ERROR - 2024-11-13 16:12:28 --> Access denied for role ID: 1
ERROR - 2024-11-13 16:12:28 --> Access:  to module ID:  for action: create
ERROR - 2024-11-13 16:12:28 --> AsizeD: 1
ERROR - 2024-11-13 16:12:28 --> Access Check: 1 to module ID: 16 for action: create
ERROR - 2024-11-13 16:12:28 --> permission: 7
ERROR - 2024-11-13 16:12:28 --> Access Not denied for role ID: 1 to module ID: 16 for action: create
ERROR - 2024-11-13 16:13:31 --> Access denied for role ID: 1
ERROR - 2024-11-13 16:13:31 --> Access:  to module ID:  for action: create
ERROR - 2024-11-13 16:13:31 --> AsizeD: 1
ERROR - 2024-11-13 16:13:31 --> Access Check: 1 to module ID: 16 for action: create
ERROR - 2024-11-13 16:13:31 --> permission: 7
ERROR - 2024-11-13 16:13:31 --> Access Not denied for role ID: 1 to module ID: 16 for action: create
ERROR - 2024-11-13 16:13:40 --> Access denied for role ID: 1
ERROR - 2024-11-13 16:13:40 --> Access:  to module ID:  for action: create
ERROR - 2024-11-13 16:13:40 --> AsizeD: 1
ERROR - 2024-11-13 16:13:40 --> Access Check: 1 to module ID: 16 for action: create
ERROR - 2024-11-13 16:13:40 --> permission: 7
ERROR - 2024-11-13 16:13:40 --> Access Not denied for role ID: 1 to module ID: 16 for action: create
ERROR - 2024-11-13 16:13:55 --> Access denied for role ID: 1
ERROR - 2024-11-13 16:13:55 --> Access:  to module ID:  for action: create
ERROR - 2024-11-13 16:13:55 --> AsizeD: 1
ERROR - 2024-11-13 16:13:55 --> Access Check: 1 to module ID: 16 for action: create
ERROR - 2024-11-13 16:13:55 --> permission: 7
ERROR - 2024-11-13 16:13:55 --> Access Not denied for role ID: 1 to module ID: 16 for action: create
ERROR - 2024-11-13 16:14:00 --> Access denied for role ID: 1
ERROR - 2024-11-13 16:14:00 --> Access:  to module ID:  for action: create
ERROR - 2024-11-13 16:14:00 --> AsizeD: 1
ERROR - 2024-11-13 16:14:00 --> Access Check: 1 to module ID: 16 for action: create
ERROR - 2024-11-13 16:14:00 --> permission: 7
ERROR - 2024-11-13 16:14:00 --> Access Not denied for role ID: 1 to module ID: 16 for action: create
ERROR - 2024-11-13 16:14:38 --> Access denied for role ID: 1
ERROR - 2024-11-13 16:14:38 --> Access:  to module ID:  for action: create
ERROR - 2024-11-13 16:14:38 --> AsizeD: 1
ERROR - 2024-11-13 16:14:38 --> Access Check: 1 to module ID: 16 for action: create
ERROR - 2024-11-13 16:14:38 --> permission: 7
ERROR - 2024-11-13 16:14:38 --> Access Not denied for role ID: 1 to module ID: 16 for action: create
ERROR - 2024-11-13 16:19:39 --> Access denied for role ID: 1
ERROR - 2024-11-13 16:19:39 --> Access:  to module ID:  for action: read
ERROR - 2024-11-13 16:19:39 --> AsizeD: 1
ERROR - 2024-11-13 16:19:39 --> Access Check: 1 to module ID: 16 for action: read
ERROR - 2024-11-13 16:19:39 --> permission: 7
ERROR - 2024-11-13 16:19:39 --> Access Not denied for role ID: 1 to module ID: 16 for action: read
ERROR - 2024-11-13 16:19:41 --> Access denied for role ID: 1
ERROR - 2024-11-13 16:19:41 --> Access:  to module ID:  for action: read
ERROR - 2024-11-13 16:19:41 --> AsizeD: 1
ERROR - 2024-11-13 16:19:41 --> Access Check: 1 to module ID: 16 for action: read
ERROR - 2024-11-13 16:19:41 --> permission: 7
ERROR - 2024-11-13 16:19:41 --> Access Not denied for role ID: 1 to module ID: 16 for action: read
ERROR - 2024-11-13 16:25:35 --> Access denied for role ID: 1
ERROR - 2024-11-13 16:25:35 --> Access:  to module ID:  for action: create
ERROR - 2024-11-13 16:25:35 --> AsizeD: 1
ERROR - 2024-11-13 16:25:35 --> Access Check: 1 to module ID: 16 for action: create
ERROR - 2024-11-13 16:25:35 --> permission: 7
ERROR - 2024-11-13 16:25:35 --> Access Not denied for role ID: 1 to module ID: 16 for action: create
ERROR - 2024-11-13 16:25:56 --> Access denied for role ID: 1
ERROR - 2024-11-13 16:25:56 --> Access:  to module ID:  for action: create
ERROR - 2024-11-13 16:25:56 --> AsizeD: 1
ERROR - 2024-11-13 16:25:56 --> Access Check: 1 to module ID: 16 for action: create
ERROR - 2024-11-13 16:25:56 --> permission: 7
ERROR - 2024-11-13 16:25:56 --> Access Not denied for role ID: 1 to module ID: 16 for action: create
ERROR - 2024-11-13 16:29:46 --> Access denied for role ID: 1
ERROR - 2024-11-13 16:29:46 --> Access:  to module ID:  for action: read
ERROR - 2024-11-13 16:29:46 --> AsizeD: 1
ERROR - 2024-11-13 16:29:46 --> Access Check: 1 to module ID: 15 for action: read
ERROR - 2024-11-13 16:29:46 --> permission: 7
ERROR - 2024-11-13 16:29:46 --> Access Not denied for role ID: 1 to module ID: 15 for action: read
ERROR - 2024-11-13 16:29:51 --> Access denied for role ID: 1
ERROR - 2024-11-13 16:29:51 --> Access:  to module ID:  for action: read
ERROR - 2024-11-13 16:29:51 --> AsizeD: 1
ERROR - 2024-11-13 16:29:51 --> Access Check: 1 to module ID: 16 for action: read
ERROR - 2024-11-13 16:29:51 --> permission: 7
ERROR - 2024-11-13 16:29:51 --> Access Not denied for role ID: 1 to module ID: 16 for action: read
ERROR - 2024-11-13 16:40:17 --> Access denied for role ID: 1
ERROR - 2024-11-13 16:40:17 --> Access:  to module ID:  for action: read
ERROR - 2024-11-13 16:40:17 --> AsizeD: 1
ERROR - 2024-11-13 16:40:17 --> Access Check: 1 to module ID: 16 for action: read
ERROR - 2024-11-13 16:40:17 --> permission: 7
ERROR - 2024-11-13 16:40:17 --> Access Not denied for role ID: 1 to module ID: 16 for action: read
ERROR - 2024-11-13 16:40:37 --> Access denied for role ID: 1
ERROR - 2024-11-13 16:40:37 --> Access:  to module ID:  for action: read
ERROR - 2024-11-13 16:40:37 --> AsizeD: 1
ERROR - 2024-11-13 16:40:37 --> Access Check: 1 to module ID: 16 for action: read
ERROR - 2024-11-13 16:40:37 --> permission: 7
ERROR - 2024-11-13 16:40:37 --> Access Not denied for role ID: 1 to module ID: 16 for action: read
ERROR - 2024-11-13 16:40:57 --> Access denied for role ID: 1
ERROR - 2024-11-13 16:40:57 --> Access:  to module ID:  for action: read
ERROR - 2024-11-13 16:40:57 --> AsizeD: 1
ERROR - 2024-11-13 16:40:57 --> Access Check: 1 to module ID: 16 for action: read
ERROR - 2024-11-13 16:40:57 --> permission: 7
ERROR - 2024-11-13 16:40:57 --> Access Not denied for role ID: 1 to module ID: 16 for action: read
ERROR - 2024-11-13 16:41:38 --> Access denied for role ID: 1
ERROR - 2024-11-13 16:41:38 --> Access:  to module ID:  for action: read
ERROR - 2024-11-13 16:41:38 --> AsizeD: 1
ERROR - 2024-11-13 16:41:38 --> Access Check: 1 to module ID: 15 for action: read
ERROR - 2024-11-13 16:41:38 --> permission: 7
ERROR - 2024-11-13 16:41:38 --> Access Not denied for role ID: 1 to module ID: 15 for action: read
ERROR - 2024-11-13 16:42:27 --> Access denied for role ID: 1
ERROR - 2024-11-13 16:42:27 --> Access:  to module ID:  for action: create
ERROR - 2024-11-13 16:42:27 --> AsizeD: 1
ERROR - 2024-11-13 16:42:27 --> Access Check: 1 to module ID: 16 for action: create
ERROR - 2024-11-13 16:42:27 --> permission: 7
ERROR - 2024-11-13 16:42:27 --> Access Not denied for role ID: 1 to module ID: 16 for action: create
ERROR - 2024-11-13 16:43:07 --> Access denied for role ID: 1
ERROR - 2024-11-13 16:43:07 --> Access:  to module ID:  for action: read
ERROR - 2024-11-13 16:43:07 --> AsizeD: 1
ERROR - 2024-11-13 16:43:07 --> Access Check: 1 to module ID: 16 for action: read
ERROR - 2024-11-13 16:43:07 --> permission: 7
ERROR - 2024-11-13 16:43:07 --> Access Not denied for role ID: 1 to module ID: 16 for action: read
ERROR - 2024-11-13 16:43:09 --> Access denied for role ID: 1
ERROR - 2024-11-13 16:43:09 --> Access:  to module ID:  for action: read
ERROR - 2024-11-13 16:43:09 --> AsizeD: 1
ERROR - 2024-11-13 16:43:09 --> Access Check: 1 to module ID: 16 for action: read
ERROR - 2024-11-13 16:43:09 --> permission: 7
ERROR - 2024-11-13 16:43:09 --> Access Not denied for role ID: 1 to module ID: 16 for action: read
ERROR - 2024-11-13 16:46:28 --> Access denied for role ID: 1
ERROR - 2024-11-13 16:46:28 --> Access:  to module ID:  for action: read
ERROR - 2024-11-13 16:46:28 --> AsizeD: 1
ERROR - 2024-11-13 16:46:28 --> Access Check: 1 to module ID: 17 for action: read
ERROR - 2024-11-13 16:46:28 --> permission: 7
ERROR - 2024-11-13 16:46:28 --> Access Not denied for role ID: 1 to module ID: 17 for action: read
ERROR - 2024-11-13 16:49:14 --> Access denied for role ID: 1
ERROR - 2024-11-13 16:49:14 --> Access:  to module ID:  for action: read
ERROR - 2024-11-13 16:49:14 --> AsizeD: 1
ERROR - 2024-11-13 16:49:14 --> Access Check: 1 to module ID: 15 for action: read
ERROR - 2024-11-13 16:49:14 --> permission: 7
ERROR - 2024-11-13 16:49:14 --> Access Not denied for role ID: 1 to module ID: 15 for action: read
ERROR - 2024-11-13 16:49:17 --> Access denied for role ID: 1
ERROR - 2024-11-13 16:49:18 --> Access:  to module ID:  for action: create
ERROR - 2024-11-13 16:49:18 --> AsizeD: 1
ERROR - 2024-11-13 16:49:18 --> Access Check: 1 to module ID: 15 for action: create
ERROR - 2024-11-13 16:49:18 --> permission: 7
ERROR - 2024-11-13 16:49:18 --> Access Not denied for role ID: 1 to module ID: 15 for action: create
ERROR - 2024-11-13 16:49:20 --> Access denied for role ID: 1
ERROR - 2024-11-13 16:49:20 --> Access:  to module ID:  for action: read
ERROR - 2024-11-13 16:49:20 --> AsizeD: 1
ERROR - 2024-11-13 16:49:20 --> Access Check: 1 to module ID: 15 for action: read
ERROR - 2024-11-13 16:49:20 --> permission: 7
ERROR - 2024-11-13 16:49:20 --> Access Not denied for role ID: 1 to module ID: 15 for action: read
ERROR - 2024-11-13 16:49:30 --> Access denied for role ID: 1
ERROR - 2024-11-13 16:49:30 --> Access:  to module ID:  for action: read
ERROR - 2024-11-13 16:49:30 --> AsizeD: 1
ERROR - 2024-11-13 16:49:30 --> Access Check: 1 to module ID: 15 for action: read
ERROR - 2024-11-13 16:49:30 --> permission: 7
ERROR - 2024-11-13 16:49:30 --> Access Not denied for role ID: 1 to module ID: 15 for action: read
ERROR - 2024-11-13 16:49:45 --> Access denied for role ID: 1
ERROR - 2024-11-13 16:49:45 --> Access:  to module ID:  for action: read
ERROR - 2024-11-13 16:49:45 --> AsizeD: 1
ERROR - 2024-11-13 16:49:45 --> Access Check: 1 to module ID: 15 for action: read
ERROR - 2024-11-13 16:49:45 --> permission: 7
ERROR - 2024-11-13 16:49:45 --> Access Not denied for role ID: 1 to module ID: 15 for action: read
ERROR - 2024-11-13 16:49:49 --> Access denied for role ID: 1
ERROR - 2024-11-13 16:49:49 --> Access:  to module ID:  for action: read
ERROR - 2024-11-13 16:49:49 --> AsizeD: 1
ERROR - 2024-11-13 16:49:49 --> Access Check: 1 to module ID: 17 for action: read
ERROR - 2024-11-13 16:49:49 --> permission: 7
ERROR - 2024-11-13 16:49:49 --> Access Not denied for role ID: 1 to module ID: 17 for action: read
