ERROR - 2024-11-01 12:32:30 --> Access denied for role ID: 1
ERROR - 2024-11-01 12:32:30 --> Access:  to module ID:  for action: read
ERROR - 2024-11-01 12:32:30 --> AsizeD: 1
ERROR - 2024-11-01 12:32:30 --> Access Check: 1 to module ID: 15 for action: read
ERROR - 2024-11-01 12:32:30 --> permission: 7
ERROR - 2024-11-01 12:32:30 --> Access Not denied for role ID: 1 to module ID: 15 for action: read
ERROR - 2024-11-01 12:32:54 --> Access denied for role ID: 1
ERROR - 2024-11-01 12:32:54 --> Access:  to module ID:  for action: read
ERROR - 2024-11-01 12:32:54 --> AsizeD: 1
ERROR - 2024-11-01 12:32:54 --> Access Check: 1 to module ID: 15 for action: read
ERROR - 2024-11-01 12:32:54 --> permission: 7
ERROR - 2024-11-01 12:32:54 --> Access Not denied for role ID: 1 to module ID: 15 for action: read
ERROR - 2024-11-01 12:32:58 --> Access denied for role ID: 1
ERROR - 2024-11-01 12:32:58 --> Access:  to module ID:  for action: read
ERROR - 2024-11-01 12:32:58 --> AsizeD: 1
ERROR - 2024-11-01 12:32:58 --> Access Check: 1 to module ID: 15 for action: read
ERROR - 2024-11-01 12:32:58 --> permission: 7
ERROR - 2024-11-01 12:32:58 --> Access Not denied for role ID: 1 to module ID: 15 for action: read
ERROR - 2024-11-01 12:33:02 --> Access denied for role ID: 1
ERROR - 2024-11-01 12:33:02 --> Access:  to module ID:  for action: read
ERROR - 2024-11-01 12:33:02 --> AsizeD: 1
ERROR - 2024-11-01 12:33:02 --> Access Check: 1 to module ID: 15 for action: read
ERROR - 2024-11-01 12:33:02 --> permission: 7
ERROR - 2024-11-01 12:33:02 --> Access Not denied for role ID: 1 to module ID: 15 for action: read
ERROR - 2024-11-01 12:33:04 --> Access denied for role ID: 1
ERROR - 2024-11-01 12:33:04 --> Access:  to module ID:  for action: read
ERROR - 2024-11-01 12:33:04 --> AsizeD: 1
ERROR - 2024-11-01 12:33:04 --> Access Check: 1 to module ID: 15 for action: read
ERROR - 2024-11-01 12:33:04 --> permission: 7
ERROR - 2024-11-01 12:33:04 --> Access Not denied for role ID: 1 to module ID: 15 for action: read
ERROR - 2024-11-01 12:37:03 --> Access denied for role ID: 1
ERROR - 2024-11-01 12:37:03 --> Access:  to module ID:  for action: read
ERROR - 2024-11-01 12:37:03 --> AsizeD: 1
ERROR - 2024-11-01 12:37:03 --> Access Check: 1 to module ID: 15 for action: read
ERROR - 2024-11-01 12:37:04 --> permission: 7
ERROR - 2024-11-01 12:37:04 --> Access Not denied for role ID: 1 to module ID: 15 for action: read
ERROR - 2024-11-01 12:38:21 --> Access denied for role ID: 1
ERROR - 2024-11-01 12:38:21 --> Access:  to module ID:  for action: read
ERROR - 2024-11-01 12:38:21 --> AsizeD: 1
ERROR - 2024-11-01 12:38:21 --> Access Check: 1 to module ID: 15 for action: read
ERROR - 2024-11-01 12:38:21 --> permission: 7
ERROR - 2024-11-01 12:38:21 --> Access Not denied for role ID: 1 to module ID: 15 for action: read
ERROR - 2024-11-01 12:38:36 --> Access denied for role ID: 1
ERROR - 2024-11-01 12:38:36 --> Access:  to module ID:  for action: read
ERROR - 2024-11-01 12:38:36 --> AsizeD: 1
ERROR - 2024-11-01 12:38:36 --> Access Check: 1 to module ID: 15 for action: read
ERROR - 2024-11-01 12:38:36 --> permission: 7
ERROR - 2024-11-01 12:38:36 --> Access Not denied for role ID: 1 to module ID: 15 for action: read
ERROR - 2024-11-01 12:38:39 --> Access denied for role ID: 1
ERROR - 2024-11-01 12:38:39 --> Access:  to module ID:  for action: read
ERROR - 2024-11-01 12:38:39 --> AsizeD: 1
ERROR - 2024-11-01 12:38:39 --> Access Check: 1 to module ID: 15 for action: read
ERROR - 2024-11-01 12:38:39 --> permission: 7
ERROR - 2024-11-01 12:38:39 --> Access Not denied for role ID: 1 to module ID: 15 for action: read
ERROR - 2024-11-01 12:38:44 --> Access denied for role ID: 1
ERROR - 2024-11-01 12:38:44 --> Access:  to module ID:  for action: read
ERROR - 2024-11-01 12:38:44 --> AsizeD: 1
ERROR - 2024-11-01 12:38:44 --> Access Check: 1 to module ID: 15 for action: read
ERROR - 2024-11-01 12:38:44 --> permission: 7
ERROR - 2024-11-01 12:38:44 --> Access Not denied for role ID: 1 to module ID: 15 for action: read
ERROR - 2024-11-01 12:38:46 --> Access denied for role ID: 1
ERROR - 2024-11-01 12:38:46 --> Access:  to module ID:  for action: read
ERROR - 2024-11-01 12:38:46 --> AsizeD: 1
ERROR - 2024-11-01 12:38:46 --> Access Check: 1 to module ID: 15 for action: read
ERROR - 2024-11-01 12:38:46 --> permission: 7
ERROR - 2024-11-01 12:38:46 --> Access Not denied for role ID: 1 to module ID: 15 for action: read
ERROR - 2024-11-01 12:38:56 --> Access denied for role ID: 1
ERROR - 2024-11-01 12:38:56 --> Access:  to module ID:  for action: read
ERROR - 2024-11-01 12:38:56 --> AsizeD: 1
ERROR - 2024-11-01 12:38:56 --> Access Check: 1 to module ID: 15 for action: read
ERROR - 2024-11-01 12:38:56 --> permission: 7
ERROR - 2024-11-01 12:38:56 --> Access Not denied for role ID: 1 to module ID: 15 for action: read
ERROR - 2024-11-01 12:39:10 --> Access denied for role ID: 1
ERROR - 2024-11-01 12:39:10 --> Access:  to module ID:  for action: create
ERROR - 2024-11-01 12:39:10 --> AsizeD: 1
ERROR - 2024-11-01 12:39:10 --> Access Check: 1 to module ID: 15 for action: create
ERROR - 2024-11-01 12:39:10 --> permission: 7
ERROR - 2024-11-01 12:39:10 --> Access Not denied for role ID: 1 to module ID: 15 for action: create
ERROR - 2024-11-01 12:39:14 --> Access denied for role ID: 1
ERROR - 2024-11-01 12:39:14 --> Access:  to module ID:  for action: read
ERROR - 2024-11-01 12:39:14 --> AsizeD: 1
ERROR - 2024-11-01 12:39:14 --> Access Check: 1 to module ID: 16 for action: read
ERROR - 2024-11-01 12:39:14 --> permission: 7
ERROR - 2024-11-01 12:39:14 --> Access Not denied for role ID: 1 to module ID: 16 for action: read
ERROR - 2024-11-01 12:41:06 --> Access denied for role ID: 1
ERROR - 2024-11-01 12:41:06 --> Access:  to module ID:  for action: read
ERROR - 2024-11-01 12:41:06 --> AsizeD: 1
ERROR - 2024-11-01 12:41:06 --> Access Check: 1 to module ID: 15 for action: read
ERROR - 2024-11-01 12:41:06 --> permission: 7
ERROR - 2024-11-01 12:41:06 --> Access Not denied for role ID: 1 to module ID: 15 for action: read
ERROR - 2024-11-01 12:41:08 --> Access denied for role ID: 1
ERROR - 2024-11-01 12:41:08 --> Access:  to module ID:  for action: create
ERROR - 2024-11-01 12:41:08 --> AsizeD: 1
ERROR - 2024-11-01 12:41:08 --> Access Check: 1 to module ID: 15 for action: create
ERROR - 2024-11-01 12:41:08 --> permission: 7
ERROR - 2024-11-01 12:41:08 --> Access Not denied for role ID: 1 to module ID: 15 for action: create
ERROR - 2024-11-01 12:41:10 --> Access denied for role ID: 1
ERROR - 2024-11-01 12:41:10 --> Access:  to module ID:  for action: read
ERROR - 2024-11-01 12:41:10 --> AsizeD: 1
ERROR - 2024-11-01 12:41:10 --> Access Check: 1 to module ID: 16 for action: read
ERROR - 2024-11-01 12:41:10 --> permission: 7
ERROR - 2024-11-01 12:41:10 --> Access Not denied for role ID: 1 to module ID: 16 for action: read
ERROR - 2024-11-01 12:42:20 --> Access denied for role ID: 1
ERROR - 2024-11-01 12:42:20 --> Access:  to module ID:  for action: read
ERROR - 2024-11-01 12:42:20 --> AsizeD: 1
ERROR - 2024-11-01 12:42:20 --> Access Check: 1 to module ID: 17 for action: read
ERROR - 2024-11-01 12:42:20 --> permission: 7
ERROR - 2024-11-01 12:42:20 --> Access Not denied for role ID: 1 to module ID: 17 for action: read
ERROR - 2024-11-01 12:42:31 --> Access denied for role ID: 1
ERROR - 2024-11-01 12:42:31 --> Access:  to module ID:  for action: create
ERROR - 2024-11-01 12:42:31 --> AsizeD: 1
ERROR - 2024-11-01 12:42:31 --> Access Check: 1 to module ID: 15 for action: create
ERROR - 2024-11-01 12:42:31 --> permission: 7
ERROR - 2024-11-01 12:42:31 --> Access Not denied for role ID: 1 to module ID: 15 for action: create
ERROR - 2024-11-01 12:44:09 --> Access denied for role ID: 1
ERROR - 2024-11-01 12:44:09 --> Access:  to module ID:  for action: create
ERROR - 2024-11-01 12:44:09 --> AsizeD: 1
ERROR - 2024-11-01 12:44:09 --> Access Check: 1 to module ID: 15 for action: create
ERROR - 2024-11-01 12:44:09 --> permission: 7
ERROR - 2024-11-01 12:44:09 --> Access Not denied for role ID: 1 to module ID: 15 for action: create
ERROR - 2024-11-01 12:44:09 --> Access denied for role ID: 1
ERROR - 2024-11-01 12:44:09 --> Access:  to module ID:  for action: read
ERROR - 2024-11-01 12:44:09 --> AsizeD: 1
ERROR - 2024-11-01 12:44:09 --> Access Check: 1 to module ID: 15 for action: read
ERROR - 2024-11-01 12:44:09 --> permission: 7
ERROR - 2024-11-01 12:44:09 --> Access Not denied for role ID: 1 to module ID: 15 for action: read
ERROR - 2024-11-01 12:44:11 --> Access denied for role ID: 1
ERROR - 2024-11-01 12:44:11 --> Access:  to module ID:  for action: read
ERROR - 2024-11-01 12:44:11 --> AsizeD: 1
ERROR - 2024-11-01 12:44:11 --> Access Check: 1 to module ID: 15 for action: read
ERROR - 2024-11-01 12:44:11 --> permission: 7
ERROR - 2024-11-01 12:44:11 --> Access Not denied for role ID: 1 to module ID: 15 for action: read
ERROR - 2024-11-01 12:50:06 --> Access denied for role ID: 1
ERROR - 2024-11-01 12:50:06 --> Access denied for role ID: 1
ERROR - 2024-11-01 12:50:06 --> Access:  to module ID:  for action: read
ERROR - 2024-11-01 12:50:06 --> AsizeD: 1
ERROR - 2024-11-01 12:50:06 --> Access Check: 1 to module ID: 15 for action: read
ERROR - 2024-11-01 12:50:06 --> permission: 7
ERROR - 2024-11-01 12:50:06 --> Access Not denied for role ID: 1 to module ID: 15 for action: read
ERROR - 2024-11-01 12:55:20 --> Access denied for role ID: 1
ERROR - 2024-11-01 12:55:20 --> Access:  to module ID:  for action: read
ERROR - 2024-11-01 12:55:20 --> AsizeD: 1
ERROR - 2024-11-01 12:55:20 --> Access Check: 1 to module ID: 17 for action: read
ERROR - 2024-11-01 12:55:20 --> permission: 7
ERROR - 2024-11-01 12:55:20 --> Access Not denied for role ID: 1 to module ID: 17 for action: read
ERROR - 2024-11-01 12:55:49 --> Access denied for role ID: 1
ERROR - 2024-11-01 12:55:49 --> Access:  to module ID:  for action: read
ERROR - 2024-11-01 12:55:49 --> AsizeD: 1
ERROR - 2024-11-01 12:55:49 --> Access Check: 1 to module ID: 17 for action: read
ERROR - 2024-11-01 12:55:49 --> permission: 7
ERROR - 2024-11-01 12:55:49 --> Access Not denied for role ID: 1 to module ID: 17 for action: read
ERROR - 2024-11-01 12:55:57 --> Access denied for role ID: 
ERROR - 2024-11-01 12:55:59 --> Access denied for role ID: 1
ERROR - 2024-11-01 12:55:59 --> Access:  to module ID:  for action: read
ERROR - 2024-11-01 12:55:59 --> AsizeD: 1
ERROR - 2024-11-01 12:55:59 --> Access Check: 1 to module ID: 17 for action: read
ERROR - 2024-11-01 12:55:59 --> permission: 7
ERROR - 2024-11-01 12:55:59 --> Access Not denied for role ID: 1 to module ID: 17 for action: read
ERROR - 2024-11-01 12:56:07 --> Access denied for role ID: 1
ERROR - 2024-11-01 12:56:07 --> Access:  to module ID:  for action: read
ERROR - 2024-11-01 12:56:07 --> AsizeD: 1
ERROR - 2024-11-01 12:56:07 --> Access Check: 1 to module ID: 15 for action: read
ERROR - 2024-11-01 12:56:07 --> permission: 7
ERROR - 2024-11-01 12:56:07 --> Access Not denied for role ID: 1 to module ID: 15 for action: read
ERROR - 2024-11-01 12:56:42 --> Access denied for role ID: 1
ERROR - 2024-11-01 12:56:42 --> Access:  to module ID:  for action: read
ERROR - 2024-11-01 12:56:42 --> AsizeD: 1
ERROR - 2024-11-01 12:56:42 --> Access Check: 1 to module ID: 15 for action: read
ERROR - 2024-11-01 12:56:42 --> permission: 7
ERROR - 2024-11-01 12:56:42 --> Access Not denied for role ID: 1 to module ID: 15 for action: read
ERROR - 2024-11-01 12:56:50 --> Access denied for role ID: 1
ERROR - 2024-11-01 12:56:50 --> Access:  to module ID:  for action: read
ERROR - 2024-11-01 12:56:50 --> AsizeD: 1
ERROR - 2024-11-01 12:56:50 --> Access Check: 1 to module ID: 15 for action: read
ERROR - 2024-11-01 12:56:50 --> permission: 7
ERROR - 2024-11-01 12:56:50 --> Access Not denied for role ID: 1 to module ID: 15 for action: read
ERROR - 2024-11-01 12:57:04 --> Access denied for role ID: 1
ERROR - 2024-11-01 12:57:04 --> Access:  to module ID:  for action: read
ERROR - 2024-11-01 12:57:04 --> AsizeD: 1
ERROR - 2024-11-01 12:57:04 --> Access Check: 1 to module ID: 17 for action: read
ERROR - 2024-11-01 12:57:04 --> permission: 7
ERROR - 2024-11-01 12:57:04 --> Access Not denied for role ID: 1 to module ID: 17 for action: read
ERROR - 2024-11-01 12:57:22 --> Access denied for role ID: 1
ERROR - 2024-11-01 12:57:22 --> Access:  to module ID:  for action: read
ERROR - 2024-11-01 12:57:22 --> AsizeD: 1
ERROR - 2024-11-01 12:57:22 --> Access Check: 1 to module ID: 15 for action: read
ERROR - 2024-11-01 12:57:22 --> permission: 7
ERROR - 2024-11-01 12:57:22 --> Access Not denied for role ID: 1 to module ID: 15 for action: read
ERROR - 2024-11-01 12:58:15 --> Access denied for role ID: 1
ERROR - 2024-11-01 12:58:15 --> Access:  to module ID:  for action: read
ERROR - 2024-11-01 12:58:15 --> AsizeD: 1
ERROR - 2024-11-01 12:58:15 --> Access Check: 1 to module ID: 17 for action: read
ERROR - 2024-11-01 12:58:15 --> permission: 7
ERROR - 2024-11-01 12:58:15 --> Access Not denied for role ID: 1 to module ID: 17 for action: read
ERROR - 2024-11-01 12:58:23 --> Access denied for role ID: 1
ERROR - 2024-11-01 12:58:23 --> Access:  to module ID:  for action: read
ERROR - 2024-11-01 12:58:23 --> AsizeD: 1
ERROR - 2024-11-01 12:58:23 --> Access Check: 1 to module ID: 16 for action: read
ERROR - 2024-11-01 12:58:23 --> permission: 7
ERROR - 2024-11-01 12:58:23 --> Access Not denied for role ID: 1 to module ID: 16 for action: read
ERROR - 2024-11-01 12:58:25 --> Access denied for role ID: 1
ERROR - 2024-11-01 12:58:25 --> Access:  to module ID:  for action: read
ERROR - 2024-11-01 12:58:25 --> AsizeD: 1
ERROR - 2024-11-01 12:58:25 --> Access Check: 1 to module ID: 15 for action: read
ERROR - 2024-11-01 12:58:25 --> permission: 7
ERROR - 2024-11-01 12:58:25 --> Access Not denied for role ID: 1 to module ID: 15 for action: read
ERROR - 2024-11-01 12:58:31 --> Access denied for role ID: 1
ERROR - 2024-11-01 12:58:32 --> Access:  to module ID:  for action: read
ERROR - 2024-11-01 12:58:32 --> AsizeD: 1
ERROR - 2024-11-01 12:58:32 --> Access Check: 1 to module ID: 15 for action: read
ERROR - 2024-11-01 12:58:32 --> permission: 7
ERROR - 2024-11-01 12:58:32 --> Access Not denied for role ID: 1 to module ID: 15 for action: read
ERROR - 2024-11-01 13:01:52 --> Access denied for role ID: 1
ERROR - 2024-11-01 13:01:52 --> Access:  to module ID:  for action: read
ERROR - 2024-11-01 13:01:52 --> AsizeD: 1
ERROR - 2024-11-01 13:01:52 --> Access Check: 1 to module ID: 15 for action: read
ERROR - 2024-11-01 13:01:52 --> permission: 7
ERROR - 2024-11-01 13:01:52 --> Access Not denied for role ID: 1 to module ID: 15 for action: read
ERROR - 2024-11-01 13:02:05 --> Access denied for role ID: 1
ERROR - 2024-11-01 13:02:05 --> Access:  to module ID:  for action: read
ERROR - 2024-11-01 13:02:05 --> AsizeD: 1
ERROR - 2024-11-01 13:02:05 --> Access Check: 1 to module ID: 15 for action: read
ERROR - 2024-11-01 13:02:05 --> permission: 7
ERROR - 2024-11-01 13:02:05 --> Access Not denied for role ID: 1 to module ID: 15 for action: read
ERROR - 2024-11-01 13:02:08 --> Access denied for role ID: 1
ERROR - 2024-11-01 13:02:08 --> Access:  to module ID:  for action: read
ERROR - 2024-11-01 13:02:08 --> AsizeD: 1
ERROR - 2024-11-01 13:02:08 --> Access Check: 1 to module ID: 15 for action: read
ERROR - 2024-11-01 13:02:08 --> permission: 7
ERROR - 2024-11-01 13:02:08 --> Access Not denied for role ID: 1 to module ID: 15 for action: read
ERROR - 2024-11-01 13:02:14 --> Access denied for role ID: 1
ERROR - 2024-11-01 13:02:15 --> Access denied for role ID: 1
ERROR - 2024-11-01 13:02:15 --> Access:  to module ID:  for action: read
ERROR - 2024-11-01 13:02:15 --> AsizeD: 1
ERROR - 2024-11-01 13:02:15 --> Access Check: 1 to module ID: 15 for action: read
ERROR - 2024-11-01 13:02:15 --> permission: 7
ERROR - 2024-11-01 13:02:15 --> Access Not denied for role ID: 1 to module ID: 15 for action: read
ERROR - 2024-11-01 13:03:55 --> Access denied for role ID: 1
ERROR - 2024-11-01 13:03:55 --> Access:  to module ID:  for action: read
ERROR - 2024-11-01 13:03:55 --> AsizeD: 1
ERROR - 2024-11-01 13:03:55 --> Access Check: 1 to module ID: 16 for action: read
ERROR - 2024-11-01 13:03:55 --> permission: 7
ERROR - 2024-11-01 13:03:55 --> Access Not denied for role ID: 1 to module ID: 16 for action: read
ERROR - 2024-11-01 13:03:56 --> Access denied for role ID: 1
ERROR - 2024-11-01 13:03:56 --> Access:  to module ID:  for action: read
ERROR - 2024-11-01 13:03:56 --> AsizeD: 1
ERROR - 2024-11-01 13:03:56 --> Access Check: 1 to module ID: 15 for action: read
ERROR - 2024-11-01 13:03:56 --> permission: 7
ERROR - 2024-11-01 13:03:56 --> Access Not denied for role ID: 1 to module ID: 15 for action: read
ERROR - 2024-11-01 13:03:58 --> Access denied for role ID: 1
ERROR - 2024-11-01 13:03:58 --> Access:  to module ID:  for action: read
ERROR - 2024-11-01 13:03:58 --> AsizeD: 1
ERROR - 2024-11-01 13:03:58 --> Access Check: 1 to module ID: 15 for action: read
ERROR - 2024-11-01 13:03:58 --> permission: 7
ERROR - 2024-11-01 13:03:58 --> Access Not denied for role ID: 1 to module ID: 15 for action: read
ERROR - 2024-11-01 13:04:14 --> Access denied for role ID: 1
ERROR - 2024-11-01 13:04:14 --> Access denied for role ID: 1
ERROR - 2024-11-01 13:04:14 --> Access:  to module ID:  for action: read
ERROR - 2024-11-01 13:04:14 --> AsizeD: 1
ERROR - 2024-11-01 13:04:14 --> Access Check: 1 to module ID: 15 for action: read
ERROR - 2024-11-01 13:04:14 --> permission: 7
ERROR - 2024-11-01 13:04:14 --> Access Not denied for role ID: 1 to module ID: 15 for action: read
ERROR - 2024-11-01 13:05:07 --> Access denied for role ID: 1
ERROR - 2024-11-01 13:05:07 --> Access:  to module ID:  for action: read
ERROR - 2024-11-01 13:05:07 --> AsizeD: 1
ERROR - 2024-11-01 13:05:07 --> Access Check: 1 to module ID: 15 for action: read
ERROR - 2024-11-01 13:05:07 --> permission: 7
ERROR - 2024-11-01 13:05:07 --> Access Not denied for role ID: 1 to module ID: 15 for action: read
ERROR - 2024-11-01 13:05:45 --> Access denied for role ID: 1
ERROR - 2024-11-01 13:05:45 --> Access:  to module ID:  for action: read
ERROR - 2024-11-01 13:05:45 --> AsizeD: 1
ERROR - 2024-11-01 13:05:45 --> Access Check: 1 to module ID: 15 for action: read
ERROR - 2024-11-01 13:05:45 --> permission: 7
ERROR - 2024-11-01 13:05:45 --> Access Not denied for role ID: 1 to module ID: 15 for action: read
ERROR - 2024-11-01 13:05:56 --> Access denied for role ID: 1
ERROR - 2024-11-01 13:05:56 --> Access:  to module ID:  for action: read
ERROR - 2024-11-01 13:05:56 --> AsizeD: 1
ERROR - 2024-11-01 13:05:56 --> Access Check: 1 to module ID: 15 for action: read
ERROR - 2024-11-01 13:05:56 --> permission: 7
ERROR - 2024-11-01 13:05:56 --> Access Not denied for role ID: 1 to module ID: 15 for action: read
ERROR - 2024-11-01 13:06:52 --> Access denied for role ID: 1
ERROR - 2024-11-01 13:06:52 --> Access:  to module ID:  for action: read
ERROR - 2024-11-01 13:06:52 --> AsizeD: 1
ERROR - 2024-11-01 13:06:52 --> Access Check: 1 to module ID: 15 for action: read
ERROR - 2024-11-01 13:06:52 --> permission: 7
ERROR - 2024-11-01 13:06:52 --> Access Not denied for role ID: 1 to module ID: 15 for action: read
ERROR - 2024-11-01 13:06:56 --> Access denied for role ID: 1
ERROR - 2024-11-01 13:06:56 --> Access:  to module ID:  for action: read
ERROR - 2024-11-01 13:06:56 --> AsizeD: 1
ERROR - 2024-11-01 13:06:56 --> Access Check: 1 to module ID: 15 for action: read
ERROR - 2024-11-01 13:06:56 --> permission: 7
ERROR - 2024-11-01 13:06:56 --> Access Not denied for role ID: 1 to module ID: 15 for action: read
ERROR - 2024-11-01 13:06:58 --> Access denied for role ID: 1
ERROR - 2024-11-01 13:06:58 --> Access:  to module ID:  for action: read
ERROR - 2024-11-01 13:06:58 --> AsizeD: 1
ERROR - 2024-11-01 13:06:58 --> Access Check: 1 to module ID: 15 for action: read
ERROR - 2024-11-01 13:06:58 --> permission: 7
ERROR - 2024-11-01 13:06:58 --> Access Not denied for role ID: 1 to module ID: 15 for action: read
ERROR - 2024-11-01 13:07:01 --> Access denied for role ID: 1
ERROR - 2024-11-01 13:07:01 --> Access:  to module ID:  for action: read
ERROR - 2024-11-01 13:07:01 --> AsizeD: 1
ERROR - 2024-11-01 13:07:01 --> Access Check: 1 to module ID: 17 for action: read
ERROR - 2024-11-01 13:07:01 --> permission: 7
ERROR - 2024-11-01 13:07:01 --> Access Not denied for role ID: 1 to module ID: 17 for action: read
ERROR - 2024-11-01 13:25:54 --> Access denied for role ID: 1
ERROR - 2024-11-01 13:25:54 --> Access:  to module ID:  for action: read
ERROR - 2024-11-01 13:25:54 --> AsizeD: 1
ERROR - 2024-11-01 13:25:54 --> Access Check: 1 to module ID: 19 for action: read
ERROR - 2024-11-01 13:25:54 --> permission: 7
ERROR - 2024-11-01 13:25:54 --> Access Not denied for role ID: 1 to module ID: 19 for action: read
ERROR - 2024-11-01 13:25:58 --> Access denied for role ID: 1
ERROR - 2024-11-01 13:25:58 --> Access:  to module ID:  for action: read
ERROR - 2024-11-01 13:25:58 --> AsizeD: 1
ERROR - 2024-11-01 13:25:58 --> Access Check: 1 to module ID: 19 for action: read
ERROR - 2024-11-01 13:25:58 --> permission: 7
ERROR - 2024-11-01 13:25:58 --> Access Not denied for role ID: 1 to module ID: 19 for action: read
ERROR - 2024-11-01 13:26:15 --> Access denied for role ID: 3
ERROR - 2024-11-01 13:26:15 --> Access:  to module ID:  for action: read
ERROR - 2024-11-01 13:26:15 --> AsizeD: 1
ERROR - 2024-11-01 13:26:15 --> Access Check: 2 to module ID: 17 for action: read
ERROR - 2024-11-01 13:26:15 --> permission: 7
ERROR - 2024-11-01 13:26:15 --> Access denied for role ID: 2 to module ID: 17 for action: read
ERROR - 2024-11-01 13:26:20 --> Access denied for role ID: 3
ERROR - 2024-11-01 13:26:20 --> Access:  to module ID:  for action: read
ERROR - 2024-11-01 13:26:20 --> AsizeD: 1
ERROR - 2024-11-01 13:26:20 --> Access Check: 2 to module ID: 15 for action: read
ERROR - 2024-11-01 13:26:20 --> permission: 7
ERROR - 2024-11-01 13:26:20 --> Access Not denied for role ID: 2 to module ID: 15 for action: read
ERROR - 2024-11-01 13:26:21 --> Access denied for role ID: 3
ERROR - 2024-11-01 13:26:21 --> Access:  to module ID:  for action: read
ERROR - 2024-11-01 13:26:21 --> AsizeD: 1
ERROR - 2024-11-01 13:26:21 --> Access Check: 2 to module ID: 16 for action: read
ERROR - 2024-11-01 13:26:21 --> permission: 7
ERROR - 2024-11-01 13:26:21 --> Access denied for role ID: 2 to module ID: 16 for action: read
ERROR - 2024-11-01 13:26:25 --> Access denied for role ID: 3
ERROR - 2024-11-01 13:26:25 --> Access:  to module ID:  for action: create
ERROR - 2024-11-01 13:26:25 --> AsizeD: 1
ERROR - 2024-11-01 13:26:25 --> Access Check: 2 to module ID: 15 for action: create
ERROR - 2024-11-01 13:26:25 --> permission: 7
ERROR - 2024-11-01 13:26:25 --> Access denied for role ID: 2 to module ID: 15 for action: create
ERROR - 2024-11-01 13:26:27 --> Access denied for role ID: 3
ERROR - 2024-11-01 13:26:27 --> Access:  to module ID:  for action: read
ERROR - 2024-11-01 13:26:27 --> AsizeD: 1
ERROR - 2024-11-01 13:26:27 --> Access Check: 2 to module ID: 15 for action: read
ERROR - 2024-11-01 13:26:27 --> permission: 7
ERROR - 2024-11-01 13:26:27 --> Access Not denied for role ID: 2 to module ID: 15 for action: read
ERROR - 2024-11-01 13:26:32 --> Access denied for role ID: 3
ERROR - 2024-11-01 13:26:32 --> Access:  to module ID:  for action: create
ERROR - 2024-11-01 13:26:32 --> AsizeD: 1
ERROR - 2024-11-01 13:26:32 --> Access Check: 2 to module ID: 15 for action: create
ERROR - 2024-11-01 13:26:32 --> permission: 7
ERROR - 2024-11-01 13:26:32 --> Access denied for role ID: 2 to module ID: 15 for action: create
ERROR - 2024-11-01 13:26:35 --> Access denied for role ID: 3
ERROR - 2024-11-01 13:26:35 --> Access:  to module ID:  for action: read
ERROR - 2024-11-01 13:26:35 --> AsizeD: 1
ERROR - 2024-11-01 13:26:35 --> Access Check: 2 to module ID: 16 for action: read
ERROR - 2024-11-01 13:26:35 --> permission: 7
ERROR - 2024-11-01 13:26:35 --> Access denied for role ID: 2 to module ID: 16 for action: read
ERROR - 2024-11-01 16:16:27 --> Access denied for role ID: 1
ERROR - 2024-11-01 16:16:27 --> Access:  to module ID:  for action: read
ERROR - 2024-11-01 16:16:27 --> AsizeD: 1
ERROR - 2024-11-01 16:16:27 --> Access Check: 1 to module ID: 17 for action: read
ERROR - 2024-11-01 16:16:27 --> permission: 7
ERROR - 2024-11-01 16:16:27 --> Access Not denied for role ID: 1 to module ID: 17 for action: read
CRITICAL - 2024-11-01 16:16:38 --> CodeIgniter\View\Exceptions\ViewException: Invalid file: "transport_logs/list_courier_Out.php"
[Method: GET, Route: list_courier_out]
in SYSTEMPATH/Exceptions/FrameworkException.php on line 41.
 1 SYSTEMPATH/View/View.php(222): CodeIgniter\Exceptions\FrameworkException::forInvalidFile()
 2 SYSTEMPATH/Common.php(1171): CodeIgniter\View\View->render()
 3 APPPATH/Controllers/TransportLogsController.php(26): view()
 4 SYSTEMPATH/CodeIgniter.php(933): App\Controllers\TransportLogsController->list_courier_out()
 5 SYSTEMPATH/CodeIgniter.php(509): CodeIgniter\CodeIgniter->runController()
 6 SYSTEMPATH/CodeIgniter.php(355): CodeIgniter\CodeIgniter->handleRequest()
 7 SYSTEMPATH/Boot.php(325): CodeIgniter\CodeIgniter->run()
 8 SYSTEMPATH/Boot.php(67): CodeIgniter\Boot::runCodeIgniter()
 9 FCPATH/index.php(56): CodeIgniter\Boot::bootWeb()
CRITICAL - 2024-11-01 16:18:04 --> CodeIgniter\View\Exceptions\ViewException: Invalid file: "transport_logs/list_courier_Out.php"
[Method: GET, Route: list_courier_out]
in SYSTEMPATH/Exceptions/FrameworkException.php on line 41.
 1 SYSTEMPATH/View/View.php(222): CodeIgniter\Exceptions\FrameworkException::forInvalidFile()
 2 SYSTEMPATH/Common.php(1171): CodeIgniter\View\View->render()
 3 APPPATH/Controllers/TransportLogsController.php(26): view()
 4 SYSTEMPATH/CodeIgniter.php(933): App\Controllers\TransportLogsController->list_courier_out()
 5 SYSTEMPATH/CodeIgniter.php(509): CodeIgniter\CodeIgniter->runController()
 6 SYSTEMPATH/CodeIgniter.php(355): CodeIgniter\CodeIgniter->handleRequest()
 7 SYSTEMPATH/Boot.php(325): CodeIgniter\CodeIgniter->run()
 8 SYSTEMPATH/Boot.php(67): CodeIgniter\Boot::runCodeIgniter()
 9 FCPATH/index.php(56): CodeIgniter\Boot::bootWeb()
ERROR - 2024-11-01 16:37:24 --> Access denied for role ID: 1
ERROR - 2024-11-01 16:37:24 --> Access:  to module ID:  for action: read
ERROR - 2024-11-01 16:37:24 --> AsizeD: 1
ERROR - 2024-11-01 16:37:24 --> Access Check: 1 to module ID: 16 for action: read
ERROR - 2024-11-01 16:37:24 --> permission: 7
ERROR - 2024-11-01 16:37:24 --> Access Not denied for role ID: 1 to module ID: 16 for action: read
ERROR - 2024-11-01 16:37:30 --> Access denied for role ID: 1
ERROR - 2024-11-01 16:37:30 --> Access:  to module ID:  for action: read
ERROR - 2024-11-01 16:37:30 --> AsizeD: 1
ERROR - 2024-11-01 16:37:30 --> Access Check: 1 to module ID: 17 for action: read
ERROR - 2024-11-01 16:37:30 --> permission: 7
ERROR - 2024-11-01 16:37:30 --> Access Not denied for role ID: 1 to module ID: 17 for action: read
ERROR - 2024-11-01 16:37:35 --> Access denied for role ID: 1
ERROR - 2024-11-01 16:37:35 --> Access:  to module ID:  for action: read
ERROR - 2024-11-01 16:37:35 --> AsizeD: 1
ERROR - 2024-11-01 16:37:35 --> Access Check: 1 to module ID: 18 for action: read
ERROR - 2024-11-01 16:37:35 --> permission: 7
ERROR - 2024-11-01 16:37:35 --> Access Not denied for role ID: 1 to module ID: 18 for action: read
ERROR - 2024-11-01 16:37:39 --> Access denied for role ID: 1
ERROR - 2024-11-01 16:37:39 --> Access:  to module ID:  for action: read
ERROR - 2024-11-01 16:37:39 --> AsizeD: 1
ERROR - 2024-11-01 16:37:39 --> Access Check: 1 to module ID: 19 for action: read
ERROR - 2024-11-01 16:37:39 --> permission: 7
ERROR - 2024-11-01 16:37:39 --> Access Not denied for role ID: 1 to module ID: 19 for action: read
ERROR - 2024-11-01 16:37:41 --> Access denied for role ID: 1
ERROR - 2024-11-01 16:37:41 --> Access:  to module ID:  for action: read
ERROR - 2024-11-01 16:37:41 --> AsizeD: 1
ERROR - 2024-11-01 16:37:41 --> Access Check: 1 to module ID: 19 for action: read
ERROR - 2024-11-01 16:37:41 --> permission: 7
ERROR - 2024-11-01 16:37:41 --> Access Not denied for role ID: 1 to module ID: 19 for action: read
ERROR - 2024-11-01 16:37:49 --> Access denied for role ID: 1
ERROR - 2024-11-01 16:37:49 --> Access:  to module ID:  for action: update
ERROR - 2024-11-01 16:37:49 --> AsizeD: 1
ERROR - 2024-11-01 16:37:49 --> Access Check: 1 to module ID: 19 for action: update
ERROR - 2024-11-01 16:37:49 --> permission: 7
ERROR - 2024-11-01 16:37:49 --> Access Not denied for role ID: 1 to module ID: 19 for action: update
ERROR - 2024-11-01 16:38:06 --> Access denied for role ID: 3
ERROR - 2024-11-01 16:38:06 --> Access:  to module ID:  for action: read
ERROR - 2024-11-01 16:38:06 --> AsizeD: 1
ERROR - 2024-11-01 16:38:06 --> Access Check: 2 to module ID: 17 for action: read
CRITICAL - 2024-11-01 16:38:06 --> TypeError: sizeof(): Argument #1 ($value) must be of type Countable|array, null given
[Method: GET, Route: dashboard]
in APPPATH/Controllers/PermissionsController.php on line 63.
 1 APPPATH/Controllers/PermissionsController.php(63): sizeof()
 2 APPPATH/Controllers/DashboardController.php(15): App\Controllers\PermissionsController->checkPermission()
 3 SYSTEMPATH/CodeIgniter.php(933): App\Controllers\DashboardController->index()
 4 SYSTEMPATH/CodeIgniter.php(509): CodeIgniter\CodeIgniter->runController()
 5 SYSTEMPATH/CodeIgniter.php(355): CodeIgniter\CodeIgniter->handleRequest()
 6 SYSTEMPATH/Boot.php(325): CodeIgniter\CodeIgniter->run()
 7 SYSTEMPATH/Boot.php(67): CodeIgniter\Boot::runCodeIgniter()
 8 FCPATH/index.php(56): CodeIgniter\Boot::bootWeb()
ERROR - 2024-11-01 16:40:33 --> Access denied for role ID: 3
ERROR - 2024-11-01 16:40:33 --> Access:  to module ID:  for action: read
ERROR - 2024-11-01 16:40:33 --> AsizeD: 1
ERROR - 2024-11-01 16:40:33 --> Access Check: 2 to module ID: 17 for action: read
CRITICAL - 2024-11-01 16:40:33 --> TypeError: sizeof(): Argument #1 ($value) must be of type Countable|array, null given
[Method: GET, Route: dashboard]
in APPPATH/Controllers/PermissionsController.php on line 63.
 1 APPPATH/Controllers/PermissionsController.php(63): sizeof()
 2 APPPATH/Controllers/DashboardController.php(15): App\Controllers\PermissionsController->checkPermission()
 3 SYSTEMPATH/CodeIgniter.php(933): App\Controllers\DashboardController->index()
 4 SYSTEMPATH/CodeIgniter.php(509): CodeIgniter\CodeIgniter->runController()
 5 SYSTEMPATH/CodeIgniter.php(355): CodeIgniter\CodeIgniter->handleRequest()
 6 SYSTEMPATH/Boot.php(325): CodeIgniter\CodeIgniter->run()
 7 SYSTEMPATH/Boot.php(67): CodeIgniter\Boot::runCodeIgniter()
 8 FCPATH/index.php(56): CodeIgniter\Boot::bootWeb()
ERROR - 2024-11-01 16:40:40 --> Access denied for role ID: 3
ERROR - 2024-11-01 16:40:40 --> Access:  to module ID:  for action: create
ERROR - 2024-11-01 16:40:40 --> AsizeD: 1
ERROR - 2024-11-01 16:40:40 --> Access Check: 2 to module ID: 16 for action: create
CRITICAL - 2024-11-01 16:40:40 --> TypeError: sizeof(): Argument #1 ($value) must be of type Countable|array, null given
[Method: GET, Route: add_attendance]
in APPPATH/Controllers/PermissionsController.php on line 63.
 1 APPPATH/Controllers/PermissionsController.php(63): sizeof()
 2 APPPATH/Controllers/AttendanceController.php(35): App\Controllers\PermissionsController->checkPermission()
 3 SYSTEMPATH/CodeIgniter.php(933): App\Controllers\AttendanceController->add_attendance()
 4 SYSTEMPATH/CodeIgniter.php(509): CodeIgniter\CodeIgniter->runController()
 5 SYSTEMPATH/CodeIgniter.php(355): CodeIgniter\CodeIgniter->handleRequest()
 6 SYSTEMPATH/Boot.php(325): CodeIgniter\CodeIgniter->run()
 7 SYSTEMPATH/Boot.php(67): CodeIgniter\Boot::runCodeIgniter()
 8 FCPATH/index.php(56): CodeIgniter\Boot::bootWeb()
ERROR - 2024-11-01 16:40:48 --> Access denied for role ID: 3
ERROR - 2024-11-01 16:40:48 --> Access:  to module ID:  for action: read
ERROR - 2024-11-01 16:40:48 --> AsizeD: 1
ERROR - 2024-11-01 16:40:48 --> Access Check: 2 to module ID: 15 for action: read
ERROR - 2024-11-01 16:40:48 --> permission: 7
ERROR - 2024-11-01 16:40:48 --> Access Not denied for role ID: 2 to module ID: 15 for action: read
ERROR - 2024-11-01 16:40:51 --> Access denied for role ID: 3
ERROR - 2024-11-01 16:40:51 --> Access:  to module ID:  for action: create
ERROR - 2024-11-01 16:40:51 --> AsizeD: 1
ERROR - 2024-11-01 16:40:51 --> Access Check: 2 to module ID: 15 for action: create
ERROR - 2024-11-01 16:40:51 --> permission: 7
ERROR - 2024-11-01 16:40:51 --> Access denied for role ID: 2 to module ID: 15 for action: create
ERROR - 2024-11-01 16:40:53 --> Access denied for role ID: 3
ERROR - 2024-11-01 16:40:53 --> Access:  to module ID:  for action: create
ERROR - 2024-11-01 16:40:53 --> AsizeD: 1
ERROR - 2024-11-01 16:40:53 --> Access Check: 2 to module ID: 16 for action: create
CRITICAL - 2024-11-01 16:40:53 --> TypeError: sizeof(): Argument #1 ($value) must be of type Countable|array, null given
[Method: GET, Route: add_attendance]
in APPPATH/Controllers/PermissionsController.php on line 63.
 1 APPPATH/Controllers/PermissionsController.php(63): sizeof()
 2 APPPATH/Controllers/AttendanceController.php(35): App\Controllers\PermissionsController->checkPermission()
 3 SYSTEMPATH/CodeIgniter.php(933): App\Controllers\AttendanceController->add_attendance()
 4 SYSTEMPATH/CodeIgniter.php(509): CodeIgniter\CodeIgniter->runController()
 5 SYSTEMPATH/CodeIgniter.php(355): CodeIgniter\CodeIgniter->handleRequest()
 6 SYSTEMPATH/Boot.php(325): CodeIgniter\CodeIgniter->run()
 7 SYSTEMPATH/Boot.php(67): CodeIgniter\Boot::runCodeIgniter()
 8 FCPATH/index.php(56): CodeIgniter\Boot::bootWeb()
ERROR - 2024-11-01 16:42:29 --> Access denied for role ID: 3
ERROR - 2024-11-01 16:42:29 --> Access:  to module ID:  for action: create
ERROR - 2024-11-01 16:42:29 --> AsizeD: 1
ERROR - 2024-11-01 16:42:29 --> Access Check: 2 to module ID: 16 for action: create
ERROR - 2024-11-01 16:42:29 --> permission: 7
ERROR - 2024-11-01 16:42:29 --> Access denied for role ID: 2 to module ID: 16 for action: create
ERROR - 2024-11-01 16:42:33 --> Access denied for role ID: 3
ERROR - 2024-11-01 16:42:33 --> Access:  to module ID:  for action: read
ERROR - 2024-11-01 16:42:33 --> AsizeD: 1
ERROR - 2024-11-01 16:42:33 --> Access Check: 2 to module ID: 17 for action: read
ERROR - 2024-11-01 16:42:33 --> permission: 7
ERROR - 2024-11-01 16:42:33 --> Access Not denied for role ID: 2 to module ID: 17 for action: read
ERROR - 2024-11-01 16:42:37 --> Access denied for role ID: 3
ERROR - 2024-11-01 16:42:37 --> Access:  to module ID:  for action: read
ERROR - 2024-11-01 16:42:37 --> AsizeD: 1
ERROR - 2024-11-01 16:42:37 --> Access Check: 2 to module ID: 16 for action: read
ERROR - 2024-11-01 16:42:37 --> permission: 7
ERROR - 2024-11-01 16:42:37 --> Access denied for role ID: 2 to module ID: 16 for action: read
ERROR - 2024-11-01 16:42:42 --> Access denied for role ID: 3
ERROR - 2024-11-01 16:42:42 --> Access:  to module ID:  for action: create
ERROR - 2024-11-01 16:42:42 --> AsizeD: 1
ERROR - 2024-11-01 16:42:42 --> Access Check: 2 to module ID: 16 for action: create
ERROR - 2024-11-01 16:42:42 --> permission: 7
ERROR - 2024-11-01 16:42:42 --> Access denied for role ID: 2 to module ID: 16 for action: create
ERROR - 2024-11-01 16:43:04 --> Access denied for role ID: 3
ERROR - 2024-11-01 16:43:04 --> Access:  to module ID:  for action: create
ERROR - 2024-11-01 16:43:04 --> AsizeD: 1
ERROR - 2024-11-01 16:43:04 --> Access Check: 2 to module ID: 16 for action: create
ERROR - 2024-11-01 16:43:04 --> permission: 7
ERROR - 2024-11-01 16:43:04 --> Access denied for role ID: 2 to module ID: 16 for action: create
ERROR - 2024-11-01 16:43:29 --> Access denied for role ID: 3
ERROR - 2024-11-01 16:43:29 --> Access:  to module ID:  for action: create
ERROR - 2024-11-01 16:43:29 --> AsizeD: 1
ERROR - 2024-11-01 16:43:29 --> Access Check: 2 to module ID: 16 for action: create
ERROR - 2024-11-01 16:43:29 --> permission: 7
ERROR - 2024-11-01 16:43:29 --> Access Not denied for role ID: 2 to module ID: 16 for action: create
ERROR - 2024-11-01 16:43:38 --> Access denied for role ID: 3
ERROR - 2024-11-01 16:43:38 --> Access:  to module ID:  for action: read
ERROR - 2024-11-01 16:43:38 --> AsizeD: 1
ERROR - 2024-11-01 16:43:38 --> Access Check: 2 to module ID: 16 for action: read
ERROR - 2024-11-01 16:43:38 --> permission: 7
ERROR - 2024-11-01 16:43:38 --> Access denied for role ID: 2 to module ID: 16 for action: read
ERROR - 2024-11-01 16:44:10 --> Access denied for role ID: 3
ERROR - 2024-11-01 16:44:10 --> Access:  to module ID:  for action: read
ERROR - 2024-11-01 16:44:10 --> AsizeD: 1
ERROR - 2024-11-01 16:44:10 --> Access Check: 2 to module ID: 16 for action: read
ERROR - 2024-11-01 16:44:10 --> permission: 7
ERROR - 2024-11-01 16:44:10 --> Access Not denied for role ID: 2 to module ID: 16 for action: read
ERROR - 2024-11-01 16:44:34 --> Access denied for role ID: 3
ERROR - 2024-11-01 16:44:34 --> Access:  to module ID:  for action: create
ERROR - 2024-11-01 16:44:34 --> AsizeD: 1
ERROR - 2024-11-01 16:44:34 --> Access Check: 2 to module ID: 16 for action: create
ERROR - 2024-11-01 16:44:34 --> permission: 7
ERROR - 2024-11-01 16:44:34 --> Access Not denied for role ID: 2 to module ID: 16 for action: create
ERROR - 2024-11-01 16:44:57 --> Access denied for role ID: 3
ERROR - 2024-11-01 16:44:57 --> Access:  to module ID:  for action: read
ERROR - 2024-11-01 16:44:57 --> AsizeD: 1
ERROR - 2024-11-01 16:44:57 --> Access Check: 2 to module ID: 15 for action: read
ERROR - 2024-11-01 16:44:57 --> permission: 7
ERROR - 2024-11-01 16:44:57 --> Access Not denied for role ID: 2 to module ID: 15 for action: read
ERROR - 2024-11-01 16:44:59 --> Access denied for role ID: 3
ERROR - 2024-11-01 16:44:59 --> Access:  to module ID:  for action: update
ERROR - 2024-11-01 16:44:59 --> AsizeD: 1
ERROR - 2024-11-01 16:44:59 --> Access Check: 2 to module ID: 15 for action: update
ERROR - 2024-11-01 16:44:59 --> permission: 7
ERROR - 2024-11-01 16:44:59 --> Access denied for role ID: 2 to module ID: 15 for action: update
ERROR - 2024-11-01 16:45:09 --> Access denied for role ID: 1
ERROR - 2024-11-01 16:45:09 --> Access:  to module ID:  for action: read
ERROR - 2024-11-01 16:45:09 --> AsizeD: 1
ERROR - 2024-11-01 16:45:09 --> Access Check: 1 to module ID: 17 for action: read
ERROR - 2024-11-01 16:45:09 --> permission: 7
ERROR - 2024-11-01 16:45:09 --> Access Not denied for role ID: 1 to module ID: 17 for action: read
ERROR - 2024-11-01 16:45:11 --> Access denied for role ID: 1
ERROR - 2024-11-01 16:45:11 --> Access:  to module ID:  for action: read
ERROR - 2024-11-01 16:45:11 --> AsizeD: 1
ERROR - 2024-11-01 16:45:11 --> Access Check: 1 to module ID: 15 for action: read
ERROR - 2024-11-01 16:45:11 --> permission: 7
ERROR - 2024-11-01 16:45:11 --> Access Not denied for role ID: 1 to module ID: 15 for action: read
ERROR - 2024-11-01 16:45:13 --> Access denied for role ID: 1
ERROR - 2024-11-01 16:45:13 --> Access:  to module ID:  for action: update
ERROR - 2024-11-01 16:45:13 --> AsizeD: 1
ERROR - 2024-11-01 16:45:13 --> Access Check: 1 to module ID: 15 for action: update
ERROR - 2024-11-01 16:45:13 --> permission: 7
ERROR - 2024-11-01 16:45:13 --> Access Not denied for role ID: 1 to module ID: 15 for action: update
ERROR - 2024-11-01 16:45:18 --> Access denied for role ID: 1
ERROR - 2024-11-01 16:45:18 --> Access:  to module ID:  for action: update
ERROR - 2024-11-01 16:45:18 --> AsizeD: 1
ERROR - 2024-11-01 16:45:18 --> Access Check: 1 to module ID: 15 for action: update
ERROR - 2024-11-01 16:45:18 --> permission: 7
ERROR - 2024-11-01 16:45:18 --> Access Not denied for role ID: 1 to module ID: 15 for action: update
ERROR - 2024-11-01 16:45:18 --> Access denied for role ID: 1
ERROR - 2024-11-01 16:45:18 --> Access:  to module ID:  for action: read
ERROR - 2024-11-01 16:45:18 --> AsizeD: 1
ERROR - 2024-11-01 16:45:18 --> Access Check: 1 to module ID: 15 for action: read
ERROR - 2024-11-01 16:45:18 --> permission: 7
ERROR - 2024-11-01 16:45:18 --> Access Not denied for role ID: 1 to module ID: 15 for action: read
ERROR - 2024-11-01 16:45:21 --> Access denied for role ID: 1
ERROR - 2024-11-01 16:45:21 --> Access:  to module ID:  for action: read
ERROR - 2024-11-01 16:45:21 --> AsizeD: 1
ERROR - 2024-11-01 16:45:21 --> Access Check: 1 to module ID: 15 for action: read
ERROR - 2024-11-01 16:45:21 --> permission: 7
ERROR - 2024-11-01 16:45:21 --> Access Not denied for role ID: 1 to module ID: 15 for action: read
ERROR - 2024-11-01 16:45:23 --> Access denied for role ID: 1
ERROR - 2024-11-01 16:45:23 --> Access:  to module ID:  for action: update
ERROR - 2024-11-01 16:45:23 --> AsizeD: 1
ERROR - 2024-11-01 16:45:23 --> Access Check: 1 to module ID: 15 for action: update
ERROR - 2024-11-01 16:45:23 --> permission: 7
ERROR - 2024-11-01 16:45:23 --> Access Not denied for role ID: 1 to module ID: 15 for action: update
ERROR - 2024-11-01 16:45:28 --> Access denied for role ID: 1
ERROR - 2024-11-01 16:45:28 --> Access:  to module ID:  for action: update
ERROR - 2024-11-01 16:45:28 --> AsizeD: 1
ERROR - 2024-11-01 16:45:28 --> Access Check: 1 to module ID: 15 for action: update
ERROR - 2024-11-01 16:45:28 --> permission: 7
ERROR - 2024-11-01 16:45:28 --> Access Not denied for role ID: 1 to module ID: 15 for action: update
ERROR - 2024-11-01 16:45:29 --> Access denied for role ID: 1
ERROR - 2024-11-01 16:45:29 --> Access:  to module ID:  for action: read
ERROR - 2024-11-01 16:45:29 --> AsizeD: 1
ERROR - 2024-11-01 16:45:29 --> Access Check: 1 to module ID: 15 for action: read
ERROR - 2024-11-01 16:45:29 --> permission: 7
ERROR - 2024-11-01 16:45:29 --> Access Not denied for role ID: 1 to module ID: 15 for action: read
ERROR - 2024-11-01 16:45:31 --> Access denied for role ID: 1
ERROR - 2024-11-01 16:45:31 --> Access:  to module ID:  for action: read
ERROR - 2024-11-01 16:45:31 --> AsizeD: 1
ERROR - 2024-11-01 16:45:31 --> Access Check: 1 to module ID: 15 for action: read
ERROR - 2024-11-01 16:45:31 --> permission: 7
ERROR - 2024-11-01 16:45:31 --> Access Not denied for role ID: 1 to module ID: 15 for action: read
ERROR - 2024-11-01 16:45:38 --> Access denied for role ID: 1
ERROR - 2024-11-01 16:45:38 --> Access:  to module ID:  for action: read
ERROR - 2024-11-01 16:45:38 --> AsizeD: 1
ERROR - 2024-11-01 16:45:38 --> Access Check: 1 to module ID: 16 for action: read
ERROR - 2024-11-01 16:45:38 --> permission: 7
ERROR - 2024-11-01 16:45:38 --> Access Not denied for role ID: 1 to module ID: 16 for action: read
ERROR - 2024-11-01 16:45:41 --> Access denied for role ID: 1
ERROR - 2024-11-01 16:45:41 --> Access:  to module ID:  for action: create
ERROR - 2024-11-01 16:45:41 --> AsizeD: 1
ERROR - 2024-11-01 16:45:41 --> Access Check: 1 to module ID: 16 for action: create
ERROR - 2024-11-01 16:45:41 --> permission: 7
ERROR - 2024-11-01 16:45:41 --> Access Not denied for role ID: 1 to module ID: 16 for action: create
ERROR - 2024-11-01 16:47:03 --> Access denied for role ID: 1
ERROR - 2024-11-01 16:47:03 --> Access:  to module ID:  for action: create
ERROR - 2024-11-01 16:47:03 --> AsizeD: 1
ERROR - 2024-11-01 16:47:03 --> Access Check: 1 to module ID: 16 for action: create
ERROR - 2024-11-01 16:47:03 --> permission: 7
ERROR - 2024-11-01 16:47:03 --> Access Not denied for role ID: 1 to module ID: 16 for action: create
ERROR - 2024-11-01 16:47:53 --> Access denied for role ID: 1
ERROR - 2024-11-01 16:47:53 --> Access:  to module ID:  for action: create
ERROR - 2024-11-01 16:47:53 --> AsizeD: 1
ERROR - 2024-11-01 16:47:53 --> Access Check: 1 to module ID: 16 for action: create
ERROR - 2024-11-01 16:47:53 --> permission: 7
ERROR - 2024-11-01 16:47:53 --> Access Not denied for role ID: 1 to module ID: 16 for action: create
ERROR - 2024-11-01 16:48:30 --> Access denied for role ID: 1
ERROR - 2024-11-01 16:48:30 --> Access:  to module ID:  for action: read
ERROR - 2024-11-01 16:48:30 --> AsizeD: 1
ERROR - 2024-11-01 16:48:30 --> Access Check: 1 to module ID: 16 for action: read
ERROR - 2024-11-01 16:48:30 --> permission: 7
ERROR - 2024-11-01 16:48:30 --> Access Not denied for role ID: 1 to module ID: 16 for action: read
ERROR - 2024-11-01 16:48:42 --> Access denied for role ID: 3
ERROR - 2024-11-01 16:48:42 --> Access:  to module ID:  for action: read
ERROR - 2024-11-01 16:48:42 --> AsizeD: 1
ERROR - 2024-11-01 16:48:42 --> Access Check: 2 to module ID: 17 for action: read
ERROR - 2024-11-01 16:48:42 --> permission: 7
ERROR - 2024-11-01 16:48:42 --> Access Not denied for role ID: 2 to module ID: 17 for action: read
ERROR - 2024-11-01 16:48:45 --> Access denied for role ID: 3
ERROR - 2024-11-01 16:48:45 --> Access:  to module ID:  for action: read
ERROR - 2024-11-01 16:48:45 --> AsizeD: 1
ERROR - 2024-11-01 16:48:45 --> Access Check: 2 to module ID: 15 for action: read
ERROR - 2024-11-01 16:48:45 --> permission: 7
ERROR - 2024-11-01 16:48:45 --> Access Not denied for role ID: 2 to module ID: 15 for action: read
ERROR - 2024-11-01 16:48:47 --> Access denied for role ID: 3
ERROR - 2024-11-01 16:48:47 --> Access:  to module ID:  for action: create
ERROR - 2024-11-01 16:48:47 --> AsizeD: 1
ERROR - 2024-11-01 16:48:47 --> Access Check: 2 to module ID: 15 for action: create
ERROR - 2024-11-01 16:48:47 --> permission: 7
ERROR - 2024-11-01 16:48:47 --> Access denied for role ID: 2 to module ID: 15 for action: create
ERROR - 2024-11-01 16:48:50 --> Access denied for role ID: 3
ERROR - 2024-11-01 16:48:50 --> Access:  to module ID:  for action: read
ERROR - 2024-11-01 16:48:50 --> AsizeD: 1
ERROR - 2024-11-01 16:48:50 --> Access Check: 2 to module ID: 15 for action: read
ERROR - 2024-11-01 16:48:50 --> permission: 7
ERROR - 2024-11-01 16:48:50 --> Access Not denied for role ID: 2 to module ID: 15 for action: read
ERROR - 2024-11-01 16:48:53 --> Access denied for role ID: 3
ERROR - 2024-11-01 16:48:53 --> Access:  to module ID:  for action: read
ERROR - 2024-11-01 16:48:53 --> AsizeD: 1
ERROR - 2024-11-01 16:48:53 --> Access Check: 2 to module ID: 15 for action: read
ERROR - 2024-11-01 16:48:53 --> permission: 7
ERROR - 2024-11-01 16:48:53 --> Access Not denied for role ID: 2 to module ID: 15 for action: read
ERROR - 2024-11-01 16:48:55 --> Access denied for role ID: 3
ERROR - 2024-11-01 16:48:55 --> Access:  to module ID:  for action: update
ERROR - 2024-11-01 16:48:55 --> AsizeD: 1
ERROR - 2024-11-01 16:48:55 --> Access Check: 2 to module ID: 15 for action: update
ERROR - 2024-11-01 16:48:55 --> permission: 7
ERROR - 2024-11-01 16:48:55 --> Access denied for role ID: 2 to module ID: 15 for action: update
ERROR - 2024-11-01 16:49:00 --> Access denied for role ID: 3
ERROR - 2024-11-01 16:49:00 --> Access:  to module ID:  for action: read
ERROR - 2024-11-01 16:49:00 --> AsizeD: 1
ERROR - 2024-11-01 16:49:00 --> Access Check: 2 to module ID: 15 for action: read
ERROR - 2024-11-01 16:49:00 --> permission: 7
ERROR - 2024-11-01 16:49:00 --> Access Not denied for role ID: 2 to module ID: 15 for action: read
ERROR - 2024-11-01 16:49:16 --> Access denied for role ID: 3
ERROR - 2024-11-01 16:49:16 --> Access:  to module ID:  for action: read
ERROR - 2024-11-01 16:49:16 --> AsizeD: 1
ERROR - 2024-11-01 16:49:16 --> Access Check: 2 to module ID: 15 for action: read
ERROR - 2024-11-01 16:49:16 --> permission: 7
ERROR - 2024-11-01 16:49:16 --> Access Not denied for role ID: 2 to module ID: 15 for action: read
ERROR - 2024-11-01 16:49:22 --> Access denied for role ID: 3
ERROR - 2024-11-01 16:49:22 --> Access:  to module ID:  for action: read
ERROR - 2024-11-01 16:49:22 --> AsizeD: 1
ERROR - 2024-11-01 16:49:22 --> Access Check: 2 to module ID: 15 for action: read
ERROR - 2024-11-01 16:49:22 --> permission: 7
ERROR - 2024-11-01 16:49:22 --> Access Not denied for role ID: 2 to module ID: 15 for action: read
ERROR - 2024-11-01 16:49:25 --> Access denied for role ID: 3
ERROR - 2024-11-01 16:49:25 --> Access:  to module ID:  for action: create
ERROR - 2024-11-01 16:49:25 --> AsizeD: 1
ERROR - 2024-11-01 16:49:25 --> Access Check: 2 to module ID: 15 for action: create
ERROR - 2024-11-01 16:49:25 --> permission: 7
ERROR - 2024-11-01 16:49:25 --> Access denied for role ID: 2 to module ID: 15 for action: create
ERROR - 2024-11-01 16:49:27 --> Access denied for role ID: 3
ERROR - 2024-11-01 16:49:27 --> Access:  to module ID:  for action: create
ERROR - 2024-11-01 16:49:27 --> AsizeD: 1
ERROR - 2024-11-01 16:49:27 --> Access Check: 2 to module ID: 16 for action: create
ERROR - 2024-11-01 16:49:27 --> permission: 7
ERROR - 2024-11-01 16:49:27 --> Access Not denied for role ID: 2 to module ID: 16 for action: create
ERROR - 2024-11-01 16:49:33 --> Access denied for role ID: 3
ERROR - 2024-11-01 16:49:33 --> Access:  to module ID:  for action: read
ERROR - 2024-11-01 16:49:33 --> AsizeD: 1
ERROR - 2024-11-01 16:49:33 --> Access Check: 2 to module ID: 16 for action: read
ERROR - 2024-11-01 16:49:33 --> permission: 7
ERROR - 2024-11-01 16:49:33 --> Access Not denied for role ID: 2 to module ID: 16 for action: read
ERROR - 2024-11-01 16:49:38 --> Access denied for role ID: 3
ERROR - 2024-11-01 16:49:38 --> Access:  to module ID:  for action: create
ERROR - 2024-11-01 16:49:38 --> AsizeD: 1
ERROR - 2024-11-01 16:49:38 --> Access Check: 2 to module ID: 16 for action: create
ERROR - 2024-11-01 16:49:38 --> permission: 7
ERROR - 2024-11-01 16:49:38 --> Access Not denied for role ID: 2 to module ID: 16 for action: create
ERROR - 2024-11-01 16:49:40 --> Access denied for role ID: 3
ERROR - 2024-11-01 16:49:40 --> Access:  to module ID:  for action: read
ERROR - 2024-11-01 16:49:40 --> AsizeD: 1
ERROR - 2024-11-01 16:49:40 --> Access Check: 2 to module ID: 16 for action: read
ERROR - 2024-11-01 16:49:41 --> permission: 7
ERROR - 2024-11-01 16:49:41 --> Access Not denied for role ID: 2 to module ID: 16 for action: read
ERROR - 2024-11-01 16:49:43 --> Access denied for role ID: 3
ERROR - 2024-11-01 16:49:43 --> Access:  to module ID:  for action: create
ERROR - 2024-11-01 16:49:43 --> AsizeD: 1
ERROR - 2024-11-01 16:49:43 --> Access Check: 2 to module ID: 15 for action: create
ERROR - 2024-11-01 16:49:43 --> permission: 7
ERROR - 2024-11-01 16:49:43 --> Access denied for role ID: 2 to module ID: 15 for action: create
ERROR - 2024-11-01 16:49:45 --> Access denied for role ID: 3
ERROR - 2024-11-01 16:49:45 --> Access:  to module ID:  for action: read
ERROR - 2024-11-01 16:49:45 --> AsizeD: 1
ERROR - 2024-11-01 16:49:45 --> Access Check: 2 to module ID: 15 for action: read
ERROR - 2024-11-01 16:49:45 --> permission: 7
ERROR - 2024-11-01 16:49:45 --> Access Not denied for role ID: 2 to module ID: 15 for action: read
ERROR - 2024-11-01 16:49:47 --> Access denied for role ID: 3
ERROR - 2024-11-01 16:49:47 --> Access:  to module ID:  for action: read
ERROR - 2024-11-01 16:49:47 --> AsizeD: 1
ERROR - 2024-11-01 16:49:47 --> Access Check: 2 to module ID: 15 for action: read
ERROR - 2024-11-01 16:49:47 --> permission: 7
ERROR - 2024-11-01 16:49:47 --> Access Not denied for role ID: 2 to module ID: 15 for action: read
ERROR - 2024-11-01 16:50:12 --> Access denied for role ID: 1
ERROR - 2024-11-01 16:50:12 --> Access:  to module ID:  for action: read
ERROR - 2024-11-01 16:50:12 --> AsizeD: 1
ERROR - 2024-11-01 16:50:12 --> Access Check: 1 to module ID: 17 for action: read
ERROR - 2024-11-01 16:50:12 --> permission: 7
ERROR - 2024-11-01 16:50:12 --> Access Not denied for role ID: 1 to module ID: 17 for action: read
ERROR - 2024-11-01 16:50:16 --> Access denied for role ID: 1
ERROR - 2024-11-01 16:50:16 --> Access:  to module ID:  for action: read
ERROR - 2024-11-01 16:50:16 --> AsizeD: 1
ERROR - 2024-11-01 16:50:16 --> Access Check: 1 to module ID: 18 for action: read
ERROR - 2024-11-01 16:50:16 --> permission: 7
ERROR - 2024-11-01 16:50:16 --> Access Not denied for role ID: 1 to module ID: 18 for action: read
ERROR - 2024-11-01 16:50:25 --> Access denied for role ID: 1
ERROR - 2024-11-01 16:50:25 --> Access:  to module ID:  for action: create
ERROR - 2024-11-01 16:50:25 --> AsizeD: 1
ERROR - 2024-11-01 16:50:25 --> Access Check: 1 to module ID: 18 for action: create
ERROR - 2024-11-01 16:50:25 --> permission: 7
ERROR - 2024-11-01 16:50:25 --> Access Not denied for role ID: 1 to module ID: 18 for action: create
ERROR - 2024-11-01 16:50:46 --> Access denied for role ID: 1
ERROR - 2024-11-01 16:50:46 --> Access:  to module ID:  for action: create
ERROR - 2024-11-01 16:50:46 --> AsizeD: 1
ERROR - 2024-11-01 16:50:46 --> Access Check: 1 to module ID: 18 for action: create
ERROR - 2024-11-01 16:50:46 --> permission: 7
ERROR - 2024-11-01 16:50:46 --> Access Not denied for role ID: 1 to module ID: 18 for action: create
ERROR - 2024-11-01 16:50:46 --> Access denied for role ID: 1
ERROR - 2024-11-01 16:50:46 --> Access:  to module ID:  for action: read
ERROR - 2024-11-01 16:50:46 --> AsizeD: 1
ERROR - 2024-11-01 16:50:46 --> Access Check: 1 to module ID: 18 for action: read
ERROR - 2024-11-01 16:50:46 --> permission: 7
ERROR - 2024-11-01 16:50:46 --> Access Not denied for role ID: 1 to module ID: 18 for action: read
ERROR - 2024-11-01 16:51:51 --> Access denied for role ID: 1
ERROR - 2024-11-01 16:51:51 --> Access:  to module ID:  for action: read
ERROR - 2024-11-01 16:51:51 --> AsizeD: 1
ERROR - 2024-11-01 16:51:51 --> Access Check: 1 to module ID: 19 for action: read
ERROR - 2024-11-01 16:51:51 --> permission: 7
ERROR - 2024-11-01 16:51:51 --> Access Not denied for role ID: 1 to module ID: 19 for action: read
ERROR - 2024-11-01 16:51:55 --> Access denied for role ID: 1
ERROR - 2024-11-01 16:51:55 --> Access:  to module ID:  for action: read
ERROR - 2024-11-01 16:51:55 --> AsizeD: 1
ERROR - 2024-11-01 16:51:55 --> Access Check: 1 to module ID: 19 for action: read
ERROR - 2024-11-01 16:51:55 --> permission: 7
ERROR - 2024-11-01 16:51:55 --> Access Not denied for role ID: 1 to module ID: 19 for action: read
ERROR - 2024-11-01 16:52:06 --> Access denied for role ID: 1
ERROR - 2024-11-01 16:52:06 --> Access:  to module ID:  for action: update
ERROR - 2024-11-01 16:52:06 --> AsizeD: 1
ERROR - 2024-11-01 16:52:06 --> Access Check: 1 to module ID: 19 for action: update
ERROR - 2024-11-01 16:52:06 --> permission: 7
ERROR - 2024-11-01 16:52:06 --> Access Not denied for role ID: 1 to module ID: 19 for action: update
ERROR - 2024-11-01 16:52:34 --> Access denied for role ID: 1
ERROR - 2024-11-01 16:52:34 --> Access:  to module ID:  for action: read
ERROR - 2024-11-01 16:52:34 --> AsizeD: 1
ERROR - 2024-11-01 16:52:34 --> Access Check: 1 to module ID: 19 for action: read
ERROR - 2024-11-01 16:52:34 --> permission: 7
ERROR - 2024-11-01 16:52:34 --> Access Not denied for role ID: 1 to module ID: 19 for action: read
ERROR - 2024-11-01 16:52:55 --> Access denied for role ID: 1
ERROR - 2024-11-01 16:52:55 --> Access:  to module ID:  for action: read
ERROR - 2024-11-01 16:52:55 --> AsizeD: 1
ERROR - 2024-11-01 16:52:55 --> Access Check: 1 to module ID: 18 for action: read
ERROR - 2024-11-01 16:52:55 --> permission: 7
ERROR - 2024-11-01 16:52:55 --> Access Not denied for role ID: 1 to module ID: 18 for action: read
ERROR - 2024-11-01 16:52:57 --> Access denied for role ID: 1
ERROR - 2024-11-01 16:52:57 --> Access:  to module ID:  for action: create
ERROR - 2024-11-01 16:52:57 --> AsizeD: 1
ERROR - 2024-11-01 16:52:57 --> Access Check: 1 to module ID: 18 for action: create
ERROR - 2024-11-01 16:52:57 --> permission: 7
ERROR - 2024-11-01 16:52:57 --> Access Not denied for role ID: 1 to module ID: 18 for action: create
ERROR - 2024-11-01 16:53:06 --> Access denied for role ID: 1
ERROR - 2024-11-01 16:53:06 --> Access:  to module ID:  for action: create
ERROR - 2024-11-01 16:53:06 --> AsizeD: 1
ERROR - 2024-11-01 16:53:06 --> Access Check: 1 to module ID: 18 for action: create
ERROR - 2024-11-01 16:53:06 --> permission: 7
ERROR - 2024-11-01 16:53:06 --> Access Not denied for role ID: 1 to module ID: 18 for action: create
ERROR - 2024-11-01 16:53:07 --> Access denied for role ID: 1
ERROR - 2024-11-01 16:53:07 --> Access:  to module ID:  for action: read
ERROR - 2024-11-01 16:53:07 --> AsizeD: 1
ERROR - 2024-11-01 16:53:07 --> Access Check: 1 to module ID: 18 for action: read
ERROR - 2024-11-01 16:53:07 --> permission: 7
ERROR - 2024-11-01 16:53:07 --> Access Not denied for role ID: 1 to module ID: 18 for action: read
ERROR - 2024-11-01 16:53:24 --> Access denied for role ID: 1
ERROR - 2024-11-01 16:53:24 --> Access:  to module ID:  for action: read
ERROR - 2024-11-01 16:53:24 --> AsizeD: 1
ERROR - 2024-11-01 16:53:24 --> Access Check: 1 to module ID: 19 for action: read
ERROR - 2024-11-01 16:53:24 --> permission: 7
ERROR - 2024-11-01 16:53:24 --> Access Not denied for role ID: 1 to module ID: 19 for action: read
ERROR - 2024-11-01 16:53:27 --> Access denied for role ID: 1
ERROR - 2024-11-01 16:53:27 --> Access:  to module ID:  for action: read
ERROR - 2024-11-01 16:53:27 --> AsizeD: 1
ERROR - 2024-11-01 16:53:27 --> Access Check: 1 to module ID: 19 for action: read
ERROR - 2024-11-01 16:53:27 --> permission: 7
ERROR - 2024-11-01 16:53:27 --> Access Not denied for role ID: 1 to module ID: 19 for action: read
ERROR - 2024-11-01 16:53:31 --> Access denied for role ID: 1
ERROR - 2024-11-01 16:53:31 --> Access:  to module ID:  for action: update
ERROR - 2024-11-01 16:53:31 --> AsizeD: 1
ERROR - 2024-11-01 16:53:31 --> Access Check: 1 to module ID: 19 for action: update
ERROR - 2024-11-01 16:53:31 --> permission: 7
ERROR - 2024-11-01 16:53:31 --> Access Not denied for role ID: 1 to module ID: 19 for action: update
ERROR - 2024-11-01 16:53:44 --> Access denied for role ID: 1
ERROR - 2024-11-01 16:53:44 --> Access:  to module ID:  for action: read
ERROR - 2024-11-01 16:53:44 --> AsizeD: 1
ERROR - 2024-11-01 16:53:44 --> Access Check: 1 to module ID: 19 for action: read
ERROR - 2024-11-01 16:53:44 --> permission: 7
ERROR - 2024-11-01 16:53:44 --> Access Not denied for role ID: 1 to module ID: 19 for action: read
ERROR - 2024-11-01 16:53:49 --> Access denied for role ID: 1
ERROR - 2024-11-01 16:53:49 --> Access:  to module ID:  for action: update
ERROR - 2024-11-01 16:53:49 --> AsizeD: 1
ERROR - 2024-11-01 16:53:49 --> Access Check: 1 to module ID: 19 for action: update
ERROR - 2024-11-01 16:53:49 --> permission: 7
ERROR - 2024-11-01 16:53:49 --> Access Not denied for role ID: 1 to module ID: 19 for action: update
ERROR - 2024-11-01 16:56:16 --> Access denied for role ID: 1
ERROR - 2024-11-01 16:56:19 --> Access denied for role ID: 1
ERROR - 2024-11-01 16:56:26 --> Access denied for role ID: 3
ERROR - 2024-11-01 16:56:26 --> Access:  to module ID:  for action: read
ERROR - 2024-11-01 16:56:26 --> AsizeD: 1
ERROR - 2024-11-01 16:56:26 --> Access Check: 2 to module ID: 17 for action: read
ERROR - 2024-11-01 16:56:26 --> permission: 7
ERROR - 2024-11-01 16:56:26 --> Access Not denied for role ID: 2 to module ID: 17 for action: read
ERROR - 2024-11-01 16:56:28 --> Access denied for role ID: 3
ERROR - 2024-11-01 16:56:32 --> Access denied for role ID: 3
ERROR - 2024-11-01 16:56:40 --> Access denied for role ID: 3
ERROR - 2024-11-01 16:56:41 --> Access denied for role ID: 3
ERROR - 2024-11-01 16:57:43 --> Access denied for role ID: 1
ERROR - 2024-11-01 16:57:43 --> Access:  to module ID:  for action: read
ERROR - 2024-11-01 16:57:43 --> AsizeD: 1
ERROR - 2024-11-01 16:57:43 --> Access Check: 1 to module ID: 17 for action: read
ERROR - 2024-11-01 16:57:43 --> permission: 7
ERROR - 2024-11-01 16:57:43 --> Access Not denied for role ID: 1 to module ID: 17 for action: read
ERROR - 2024-11-01 16:57:50 --> Access denied for role ID: 1
ERROR - 2024-11-01 16:57:50 --> Access:  to module ID:  for action: read
ERROR - 2024-11-01 16:57:50 --> AsizeD: 1
ERROR - 2024-11-01 16:57:50 --> Access Check: 1 to module ID: 18 for action: read
ERROR - 2024-11-01 16:57:50 --> permission: 7
ERROR - 2024-11-01 16:57:50 --> Access Not denied for role ID: 1 to module ID: 18 for action: read
ERROR - 2024-11-01 16:57:52 --> Access denied for role ID: 1
ERROR - 2024-11-01 16:57:52 --> Access:  to module ID:  for action: create
ERROR - 2024-11-01 16:57:52 --> AsizeD: 1
ERROR - 2024-11-01 16:57:52 --> Access Check: 1 to module ID: 18 for action: create
ERROR - 2024-11-01 16:57:52 --> permission: 7
ERROR - 2024-11-01 16:57:52 --> Access Not denied for role ID: 1 to module ID: 18 for action: create
ERROR - 2024-11-01 16:58:00 --> Access denied for role ID: 1
ERROR - 2024-11-01 16:58:00 --> Access:  to module ID:  for action: create
ERROR - 2024-11-01 16:58:00 --> AsizeD: 1
ERROR - 2024-11-01 16:58:00 --> Access Check: 1 to module ID: 18 for action: create
ERROR - 2024-11-01 16:58:00 --> permission: 7
ERROR - 2024-11-01 16:58:00 --> Access Not denied for role ID: 1 to module ID: 18 for action: create
ERROR - 2024-11-01 16:58:00 --> Access denied for role ID: 1
ERROR - 2024-11-01 16:58:00 --> Access:  to module ID:  for action: read
ERROR - 2024-11-01 16:58:00 --> AsizeD: 1
ERROR - 2024-11-01 16:58:00 --> Access Check: 1 to module ID: 18 for action: read
ERROR - 2024-11-01 16:58:00 --> permission: 7
ERROR - 2024-11-01 16:58:00 --> Access Not denied for role ID: 1 to module ID: 18 for action: read
ERROR - 2024-11-01 16:58:03 --> Access denied for role ID: 1
ERROR - 2024-11-01 16:58:03 --> Access:  to module ID:  for action: read
ERROR - 2024-11-01 16:58:03 --> AsizeD: 1
ERROR - 2024-11-01 16:58:03 --> Access Check: 1 to module ID: 19 for action: read
ERROR - 2024-11-01 16:58:03 --> permission: 7
ERROR - 2024-11-01 16:58:03 --> Access Not denied for role ID: 1 to module ID: 19 for action: read
ERROR - 2024-11-01 16:58:05 --> Access denied for role ID: 1
ERROR - 2024-11-01 16:58:05 --> Access:  to module ID:  for action: read
ERROR - 2024-11-01 16:58:05 --> AsizeD: 1
ERROR - 2024-11-01 16:58:05 --> Access Check: 1 to module ID: 19 for action: read
ERROR - 2024-11-01 16:58:05 --> permission: 7
ERROR - 2024-11-01 16:58:05 --> Access Not denied for role ID: 1 to module ID: 19 for action: read
ERROR - 2024-11-01 16:58:11 --> Access denied for role ID: 1
ERROR - 2024-11-01 16:58:11 --> Access:  to module ID:  for action: update
ERROR - 2024-11-01 16:58:11 --> AsizeD: 1
ERROR - 2024-11-01 16:58:11 --> Access Check: 1 to module ID: 19 for action: update
ERROR - 2024-11-01 16:58:11 --> permission: 7
ERROR - 2024-11-01 16:58:11 --> Access Not denied for role ID: 1 to module ID: 19 for action: update
ERROR - 2024-11-01 16:58:14 --> Access denied for role ID: 1
ERROR - 2024-11-01 16:58:14 --> Access:  to module ID:  for action: read
ERROR - 2024-11-01 16:58:14 --> AsizeD: 1
ERROR - 2024-11-01 16:58:14 --> Access Check: 1 to module ID: 19 for action: read
ERROR - 2024-11-01 16:58:14 --> permission: 7
ERROR - 2024-11-01 16:58:14 --> Access Not denied for role ID: 1 to module ID: 19 for action: read
ERROR - 2024-11-01 16:58:17 --> Access denied for role ID: 1
ERROR - 2024-11-01 16:58:17 --> Access:  to module ID:  for action: update
ERROR - 2024-11-01 16:58:17 --> AsizeD: 1
ERROR - 2024-11-01 16:58:17 --> Access Check: 1 to module ID: 19 for action: update
ERROR - 2024-11-01 16:58:17 --> permission: 7
ERROR - 2024-11-01 16:58:17 --> Access Not denied for role ID: 1 to module ID: 19 for action: update
ERROR - 2024-11-01 16:58:25 --> Access denied for role ID: 1
ERROR - 2024-11-01 16:58:25 --> Access:  to module ID:  for action: read
ERROR - 2024-11-01 16:58:25 --> AsizeD: 1
ERROR - 2024-11-01 16:58:25 --> Access Check: 1 to module ID: 17 for action: read
ERROR - 2024-11-01 16:58:25 --> permission: 7
ERROR - 2024-11-01 16:58:25 --> Access Not denied for role ID: 1 to module ID: 17 for action: read
ERROR - 2024-11-01 16:58:32 --> Access denied for role ID: 3
ERROR - 2024-11-01 16:58:32 --> Access:  to module ID:  for action: read
ERROR - 2024-11-01 16:58:32 --> AsizeD: 1
ERROR - 2024-11-01 16:58:32 --> Access Check: 2 to module ID: 17 for action: read
ERROR - 2024-11-01 16:58:32 --> permission: 7
ERROR - 2024-11-01 16:58:32 --> Access Not denied for role ID: 2 to module ID: 17 for action: read
ERROR - 2024-11-01 16:58:36 --> Access denied for role ID: 3
ERROR - 2024-11-01 16:58:36 --> Access:  to module ID:  for action: read
ERROR - 2024-11-01 16:58:36 --> AsizeD: 1
ERROR - 2024-11-01 16:58:36 --> Access Check: 2 to module ID: 22 for action: read
ERROR - 2024-11-01 16:58:36 --> permission: 7
ERROR - 2024-11-01 16:58:36 --> Access Not denied for role ID: 2 to module ID: 22 for action: read
ERROR - 2024-11-01 16:58:38 --> Access denied for role ID: 3
ERROR - 2024-11-01 16:58:38 --> Access:  to module ID:  for action: create
ERROR - 2024-11-01 16:58:38 --> AsizeD: 1
ERROR - 2024-11-01 16:58:38 --> Access Check: 2 to module ID: 22 for action: create
ERROR - 2024-11-01 16:58:38 --> permission: 7
ERROR - 2024-11-01 16:58:38 --> Access denied for role ID: 2 to module ID: 22 for action: create
ERROR - 2024-11-01 16:58:40 --> Access denied for role ID: 3
ERROR - 2024-11-01 16:58:40 --> Access:  to module ID:  for action: create
ERROR - 2024-11-01 16:58:40 --> AsizeD: 1
ERROR - 2024-11-01 16:58:40 --> Access Check: 2 to module ID: 22 for action: create
ERROR - 2024-11-01 16:58:40 --> permission: 7
ERROR - 2024-11-01 16:58:40 --> Access denied for role ID: 2 to module ID: 22 for action: create
ERROR - 2024-11-01 16:58:42 --> Access denied for role ID: 3
ERROR - 2024-11-01 16:58:42 --> Access:  to module ID:  for action: read
ERROR - 2024-11-01 16:58:42 --> AsizeD: 1
ERROR - 2024-11-01 16:58:42 --> Access Check: 2 to module ID: 22 for action: read
ERROR - 2024-11-01 16:58:42 --> permission: 7
ERROR - 2024-11-01 16:58:42 --> Access Not denied for role ID: 2 to module ID: 22 for action: read
ERROR - 2024-11-01 16:58:43 --> Access denied for role ID: 3
ERROR - 2024-11-01 16:58:43 --> Access:  to module ID:  for action: read
ERROR - 2024-11-01 16:58:43 --> AsizeD: 1
ERROR - 2024-11-01 16:58:43 --> Access Check: 2 to module ID: 22 for action: read
ERROR - 2024-11-01 16:58:43 --> permission: 7
ERROR - 2024-11-01 16:58:43 --> Access Not denied for role ID: 2 to module ID: 22 for action: read
ERROR - 2024-11-01 16:58:45 --> Access denied for role ID: 3
ERROR - 2024-11-01 16:58:45 --> Access:  to module ID:  for action: update
ERROR - 2024-11-01 16:58:45 --> AsizeD: 1
ERROR - 2024-11-01 16:58:45 --> Access Check: 2 to module ID: 22 for action: update
ERROR - 2024-11-01 16:58:45 --> permission: 7
ERROR - 2024-11-01 16:58:45 --> Access denied for role ID: 2 to module ID: 22 for action: update
ERROR - 2024-11-01 16:58:48 --> Access denied for role ID: 3
ERROR - 2024-11-01 16:58:48 --> Access:  to module ID:  for action: read
ERROR - 2024-11-01 16:58:48 --> AsizeD: 1
ERROR - 2024-11-01 16:58:48 --> Access Check: 2 to module ID: 17 for action: read
ERROR - 2024-11-01 16:58:48 --> permission: 7
ERROR - 2024-11-01 16:58:48 --> Access Not denied for role ID: 2 to module ID: 17 for action: read
ERROR - 2024-11-01 17:04:03 --> Access denied for role ID: 1
ERROR - 2024-11-01 17:04:03 --> Access:  to module ID:  for action: read
ERROR - 2024-11-01 17:04:03 --> AsizeD: 1
ERROR - 2024-11-01 17:04:03 --> Access Check: 1 to module ID: 17 for action: read
ERROR - 2024-11-01 17:04:03 --> permission: 7
ERROR - 2024-11-01 17:04:03 --> Access Not denied for role ID: 1 to module ID: 17 for action: read
ERROR - 2024-11-01 17:04:07 --> Access denied for role ID: 1
ERROR - 2024-11-01 17:04:07 --> Access:  to module ID:  for action: read
ERROR - 2024-11-01 17:04:07 --> AsizeD: 1
ERROR - 2024-11-01 17:04:07 --> Access Check: 1 to module ID: 18 for action: read
ERROR - 2024-11-01 17:04:07 --> permission: 7
ERROR - 2024-11-01 17:04:07 --> Access Not denied for role ID: 1 to module ID: 18 for action: read
ERROR - 2024-11-01 17:04:08 --> Access denied for role ID: 1
ERROR - 2024-11-01 17:04:08 --> Access:  to module ID:  for action: create
ERROR - 2024-11-01 17:04:08 --> AsizeD: 1
ERROR - 2024-11-01 17:04:08 --> Access Check: 1 to module ID: 18 for action: create
ERROR - 2024-11-01 17:04:08 --> permission: 7
ERROR - 2024-11-01 17:04:08 --> Access Not denied for role ID: 1 to module ID: 18 for action: create
ERROR - 2024-11-01 17:04:13 --> Access denied for role ID: 1
ERROR - 2024-11-01 17:04:13 --> Access:  to module ID:  for action: create
ERROR - 2024-11-01 17:04:13 --> AsizeD: 1
ERROR - 2024-11-01 17:04:13 --> Access Check: 1 to module ID: 18 for action: create
ERROR - 2024-11-01 17:04:13 --> permission: 7
ERROR - 2024-11-01 17:04:13 --> Access Not denied for role ID: 1 to module ID: 18 for action: create
ERROR - 2024-11-01 17:04:13 --> Access denied for role ID: 1
ERROR - 2024-11-01 17:04:13 --> Access:  to module ID:  for action: read
ERROR - 2024-11-01 17:04:13 --> AsizeD: 1
ERROR - 2024-11-01 17:04:13 --> Access Check: 1 to module ID: 18 for action: read
ERROR - 2024-11-01 17:04:13 --> permission: 7
ERROR - 2024-11-01 17:04:13 --> Access Not denied for role ID: 1 to module ID: 18 for action: read
ERROR - 2024-11-01 17:04:16 --> Access denied for role ID: 1
ERROR - 2024-11-01 17:04:16 --> Access:  to module ID:  for action: read
ERROR - 2024-11-01 17:04:16 --> AsizeD: 1
ERROR - 2024-11-01 17:04:16 --> Access Check: 1 to module ID: 19 for action: read
ERROR - 2024-11-01 17:04:16 --> permission: 7
ERROR - 2024-11-01 17:04:16 --> Access Not denied for role ID: 1 to module ID: 19 for action: read
ERROR - 2024-11-01 17:04:17 --> Access denied for role ID: 1
ERROR - 2024-11-01 17:04:17 --> Access:  to module ID:  for action: read
ERROR - 2024-11-01 17:04:17 --> AsizeD: 1
ERROR - 2024-11-01 17:04:17 --> Access Check: 1 to module ID: 19 for action: read
ERROR - 2024-11-01 17:04:17 --> permission: 7
ERROR - 2024-11-01 17:04:17 --> Access Not denied for role ID: 1 to module ID: 19 for action: read
ERROR - 2024-11-01 17:04:24 --> Access denied for role ID: 1
ERROR - 2024-11-01 17:04:24 --> Access:  to module ID:  for action: update
ERROR - 2024-11-01 17:04:24 --> AsizeD: 1
ERROR - 2024-11-01 17:04:24 --> Access Check: 1 to module ID: 19 for action: update
ERROR - 2024-11-01 17:04:24 --> permission: 7
ERROR - 2024-11-01 17:04:24 --> Access Not denied for role ID: 1 to module ID: 19 for action: update
ERROR - 2024-11-01 17:04:27 --> Access denied for role ID: 1
ERROR - 2024-11-01 17:04:27 --> Access:  to module ID:  for action: read
ERROR - 2024-11-01 17:04:27 --> AsizeD: 1
ERROR - 2024-11-01 17:04:27 --> Access Check: 1 to module ID: 19 for action: read
ERROR - 2024-11-01 17:04:27 --> permission: 7
ERROR - 2024-11-01 17:04:27 --> Access Not denied for role ID: 1 to module ID: 19 for action: read
ERROR - 2024-11-01 17:04:35 --> Access denied for role ID: 1
ERROR - 2024-11-01 17:04:35 --> Access:  to module ID:  for action: update
ERROR - 2024-11-01 17:04:35 --> AsizeD: 1
ERROR - 2024-11-01 17:04:35 --> Access Check: 1 to module ID: 19 for action: update
ERROR - 2024-11-01 17:04:35 --> permission: 7
ERROR - 2024-11-01 17:04:35 --> Access Not denied for role ID: 1 to module ID: 19 for action: update
ERROR - 2024-11-01 17:04:37 --> Access denied for role ID: 1
ERROR - 2024-11-01 17:04:37 --> Access:  to module ID:  for action: read
ERROR - 2024-11-01 17:04:37 --> AsizeD: 1
ERROR - 2024-11-01 17:04:37 --> Access Check: 1 to module ID: 17 for action: read
ERROR - 2024-11-01 17:04:37 --> permission: 7
ERROR - 2024-11-01 17:04:37 --> Access Not denied for role ID: 1 to module ID: 17 for action: read
ERROR - 2024-11-01 17:05:13 --> Access denied for role ID: 3
ERROR - 2024-11-01 17:05:13 --> Access:  to module ID:  for action: read
ERROR - 2024-11-01 17:05:13 --> AsizeD: 1
ERROR - 2024-11-01 17:05:13 --> Access Check: 2 to module ID: 17 for action: read
ERROR - 2024-11-01 17:05:13 --> permission: 7
ERROR - 2024-11-01 17:05:13 --> Access Not denied for role ID: 2 to module ID: 17 for action: read
ERROR - 2024-11-01 17:05:20 --> Access denied for role ID: 3
ERROR - 2024-11-01 17:05:20 --> Access:  to module ID:  for action: read
ERROR - 2024-11-01 17:05:20 --> AsizeD: 1
ERROR - 2024-11-01 17:05:20 --> Access Check: 2 to module ID: 23 for action: read
ERROR - 2024-11-01 17:05:20 --> permission: 7
ERROR - 2024-11-01 17:05:20 --> Access Not denied for role ID: 2 to module ID: 23 for action: read
ERROR - 2024-11-01 17:05:22 --> Access denied for role ID: 3
ERROR - 2024-11-01 17:05:22 --> Access:  to module ID:  for action: create
ERROR - 2024-11-01 17:05:22 --> AsizeD: 1
ERROR - 2024-11-01 17:05:22 --> Access Check: 2 to module ID: 23 for action: create
ERROR - 2024-11-01 17:05:22 --> permission: 7
ERROR - 2024-11-01 17:05:22 --> Access Not denied for role ID: 2 to module ID: 23 for action: create
ERROR - 2024-11-01 17:05:25 --> Access denied for role ID: 3
ERROR - 2024-11-01 17:05:25 --> Access:  to module ID:  for action: read
ERROR - 2024-11-01 17:05:25 --> AsizeD: 1
ERROR - 2024-11-01 17:05:25 --> Access Check: 2 to module ID: 23 for action: read
ERROR - 2024-11-01 17:05:25 --> permission: 7
ERROR - 2024-11-01 17:05:25 --> Access Not denied for role ID: 2 to module ID: 23 for action: read
ERROR - 2024-11-01 17:05:27 --> Access denied for role ID: 3
ERROR - 2024-11-01 17:05:27 --> Access:  to module ID:  for action: update
ERROR - 2024-11-01 17:05:27 --> AsizeD: 1
ERROR - 2024-11-01 17:05:27 --> Access Check: 2 to module ID: 23 for action: update
ERROR - 2024-11-01 17:05:27 --> permission: 7
ERROR - 2024-11-01 17:05:27 --> Access denied for role ID: 2 to module ID: 23 for action: update
ERROR - 2024-11-01 17:05:32 --> Access denied for role ID: 3
ERROR - 2024-11-01 17:05:32 --> Access:  to module ID:  for action: read
ERROR - 2024-11-01 17:05:32 --> AsizeD: 1
ERROR - 2024-11-01 17:05:32 --> Access Check: 2 to module ID: 23 for action: read
ERROR - 2024-11-01 17:05:32 --> permission: 7
ERROR - 2024-11-01 17:05:32 --> Access Not denied for role ID: 2 to module ID: 23 for action: read
ERROR - 2024-11-01 17:05:34 --> Access denied for role ID: 3
ERROR - 2024-11-01 17:05:34 --> Access:  to module ID:  for action: update
ERROR - 2024-11-01 17:05:34 --> AsizeD: 1
ERROR - 2024-11-01 17:05:34 --> Access Check: 2 to module ID: 23 for action: update
ERROR - 2024-11-01 17:05:34 --> permission: 7
ERROR - 2024-11-01 17:05:34 --> Access denied for role ID: 2 to module ID: 23 for action: update
ERROR - 2024-11-01 17:05:37 --> Access denied for role ID: 3
ERROR - 2024-11-01 17:05:37 --> Access:  to module ID:  for action: read
ERROR - 2024-11-01 17:05:37 --> AsizeD: 1
ERROR - 2024-11-01 17:05:37 --> Access Check: 2 to module ID: 23 for action: read
ERROR - 2024-11-01 17:05:37 --> permission: 7
ERROR - 2024-11-01 17:05:37 --> Access Not denied for role ID: 2 to module ID: 23 for action: read
ERROR - 2024-11-01 17:08:30 --> Access denied for role ID: 3
ERROR - 2024-11-01 17:08:30 --> Access:  to module ID:  for action: read
ERROR - 2024-11-01 17:08:30 --> AsizeD: 1
ERROR - 2024-11-01 17:08:30 --> Access Check: 2 to module ID: 23 for action: read
ERROR - 2024-11-01 17:08:30 --> permission: 7
ERROR - 2024-11-01 17:08:30 --> Access Not denied for role ID: 2 to module ID: 23 for action: read
CRITICAL - 2024-11-01 17:08:43 --> ErrorException: Undefined array key "role_name"
[Method: POST, Route: SigninController/loginAuth]
in APPPATH/Controllers/SigninController.php on line 106.
 1 APPPATH/Controllers/SigninController.php(106): CodeIgniter\Debug\Exceptions->errorHandler()
 2 SYSTEMPATH/CodeIgniter.php(933): App\Controllers\SigninController->loginAuth()
 3 SYSTEMPATH/CodeIgniter.php(509): CodeIgniter\CodeIgniter->runController()
 4 SYSTEMPATH/CodeIgniter.php(355): CodeIgniter\CodeIgniter->handleRequest()
 5 SYSTEMPATH/Boot.php(325): CodeIgniter\CodeIgniter->run()
 6 SYSTEMPATH/Boot.php(67): CodeIgniter\Boot::runCodeIgniter()
 7 FCPATH/index.php(56): CodeIgniter\Boot::bootWeb()
CRITICAL - 2024-11-01 17:09:53 --> ErrorException: Undefined array key "name"
[Method: POST, Route: SigninController/loginAuth]
in APPPATH/Controllers/SigninController.php on line 106.
 1 APPPATH/Controllers/SigninController.php(106): CodeIgniter\Debug\Exceptions->errorHandler()
 2 SYSTEMPATH/CodeIgniter.php(933): App\Controllers\SigninController->loginAuth()
 3 SYSTEMPATH/CodeIgniter.php(509): CodeIgniter\CodeIgniter->runController()
 4 SYSTEMPATH/CodeIgniter.php(355): CodeIgniter\CodeIgniter->handleRequest()
 5 SYSTEMPATH/Boot.php(325): CodeIgniter\CodeIgniter->run()
 6 SYSTEMPATH/Boot.php(67): CodeIgniter\Boot::runCodeIgniter()
 7 FCPATH/index.php(56): CodeIgniter\Boot::bootWeb()
CRITICAL - 2024-11-01 17:10:24 --> ErrorException: Undefined array key "name"
[Method: POST, Route: SigninController/loginAuth]
in APPPATH/Controllers/SigninController.php on line 106.
 1 APPPATH/Controllers/SigninController.php(106): CodeIgniter\Debug\Exceptions->errorHandler()
 2 SYSTEMPATH/CodeIgniter.php(933): App\Controllers\SigninController->loginAuth()
 3 SYSTEMPATH/CodeIgniter.php(509): CodeIgniter\CodeIgniter->runController()
 4 SYSTEMPATH/CodeIgniter.php(355): CodeIgniter\CodeIgniter->handleRequest()
 5 SYSTEMPATH/Boot.php(325): CodeIgniter\CodeIgniter->run()
 6 SYSTEMPATH/Boot.php(67): CodeIgniter\Boot::runCodeIgniter()
 7 FCPATH/index.php(56): CodeIgniter\Boot::bootWeb()
ERROR - 2024-11-01 17:14:53 --> Access denied for role ID: 3
ERROR - 2024-11-01 17:14:53 --> Access:  to module ID:  for action: read
ERROR - 2024-11-01 17:14:53 --> AsizeD: 1
ERROR - 2024-11-01 17:14:53 --> Access Check: 2 to module ID: 17 for action: read
ERROR - 2024-11-01 17:14:53 --> permission: 7
ERROR - 2024-11-01 17:14:53 --> Access Not denied for role ID: 2 to module ID: 17 for action: read
ERROR - 2024-11-01 17:14:59 --> Access denied for role ID: 1
ERROR - 2024-11-01 17:14:59 --> Access:  to module ID:  for action: read
ERROR - 2024-11-01 17:14:59 --> AsizeD: 1
ERROR - 2024-11-01 17:14:59 --> Access Check: 1 to module ID: 17 for action: read
ERROR - 2024-11-01 17:14:59 --> permission: 7
ERROR - 2024-11-01 17:14:59 --> Access Not denied for role ID: 1 to module ID: 17 for action: read
ERROR - 2024-11-01 19:50:36 --> Access denied for role ID: 1
ERROR - 2024-11-01 19:50:36 --> Access:  to module ID:  for action: read
ERROR - 2024-11-01 19:50:36 --> AsizeD: 1
ERROR - 2024-11-01 19:50:36 --> Access Check: 1 to module ID: 17 for action: read
ERROR - 2024-11-01 19:50:36 --> permission: 7
ERROR - 2024-11-01 19:50:36 --> Access Not denied for role ID: 1 to module ID: 17 for action: read
ERROR - 2024-11-01 19:50:44 --> Access denied for role ID: 1
ERROR - 2024-11-01 19:50:44 --> Access:  to module ID:  for action: read
ERROR - 2024-11-01 19:50:44 --> AsizeD: 1
ERROR - 2024-11-01 19:50:44 --> Access Check: 1 to module ID: 15 for action: read
ERROR - 2024-11-01 19:50:44 --> permission: 7
ERROR - 2024-11-01 19:50:44 --> Access Not denied for role ID: 1 to module ID: 15 for action: read
ERROR - 2024-11-01 19:50:56 --> Access denied for role ID: 1
ERROR - 2024-11-01 19:50:56 --> Access:  to module ID:  for action: read
ERROR - 2024-11-01 19:50:56 --> AsizeD: 1
ERROR - 2024-11-01 19:50:56 --> Access Check: 1 to module ID: 15 for action: read
ERROR - 2024-11-01 19:50:56 --> permission: 7
ERROR - 2024-11-01 19:50:56 --> Access Not denied for role ID: 1 to module ID: 15 for action: read
ERROR - 2024-11-01 19:51:19 --> Access denied for role ID: 1
ERROR - 2024-11-01 19:51:19 --> Access:  to module ID:  for action: create
ERROR - 2024-11-01 19:51:19 --> AsizeD: 1
ERROR - 2024-11-01 19:51:19 --> Access Check: 1 to module ID: 16 for action: create
ERROR - 2024-11-01 19:51:19 --> permission: 7
ERROR - 2024-11-01 19:51:19 --> Access Not denied for role ID: 1 to module ID: 16 for action: create
ERROR - 2024-11-01 19:52:07 --> Access denied for role ID: 1
ERROR - 2024-11-01 19:52:07 --> Access:  to module ID:  for action: read
ERROR - 2024-11-01 19:52:07 --> AsizeD: 1
ERROR - 2024-11-01 19:52:07 --> Access Check: 1 to module ID: 16 for action: read
ERROR - 2024-11-01 19:52:07 --> permission: 7
ERROR - 2024-11-01 19:52:07 --> Access Not denied for role ID: 1 to module ID: 16 for action: read
ERROR - 2024-11-01 19:52:08 --> Access denied for role ID: 1
ERROR - 2024-11-01 19:52:08 --> Access:  to module ID:  for action: read
ERROR - 2024-11-01 19:52:08 --> AsizeD: 1
ERROR - 2024-11-01 19:52:08 --> Access Check: 1 to module ID: 16 for action: read
ERROR - 2024-11-01 19:52:08 --> permission: 7
ERROR - 2024-11-01 19:52:08 --> Access Not denied for role ID: 1 to module ID: 16 for action: read
